
          -------------------------------------------------------
          Amber 20 PMEMD                              2020
          -------------------------------------------------------

| PMEMD implementation of SANDER, Release 18

|  Compiled date/time: Sat Aug 20 11:06:42 2022
| Run on 09/01/2023 at 17:28:38

|   Executable path: pmemd.cuda
| Working directory: /home/rat/PYCONSOLV_DATA/v1/equilibration
|          Hostname: Unknown
  [-O]verwriting output

File Assignments:
|   MDIN: 01.in                                                                 
|  MDOUT: 01.out                                                                
| INPCRD: 00.rst7                                                               
|   PARM: LIG_solv.prmtop                                                       
| RESTRT: 01.rst7                                                               
|   REFC: 00.rst7                                                               
|  MDVEL: mdvel                                                                 
|   MDEN: mden                                                                  
|  MDCRD: mdcrd                                                                 
| MDINFO: mdinfo                                                                
|  MDFRC: mdfrc                                                                 


 Here is the input file:

minimization                                                                   
&cntrl                                                                         
	imin=1,ncyc=500,maxcyc=1000,ntr=1,cut=8.0,                                    
	restraint_wt=1000.0,restraintmask="!@H="                                      
/                                                                              


Note: ig = -1. Setting random seed to   275106 based on wallclock time in 
      microseconds.
| irandom = 1, using AMBER's internal random number generator (default).
 
|--------------------- INFORMATION ----------------------
| GPU (CUDA) Version of PMEMD in use: NVIDIA GPU IN USE.
|                    Version 18.0.0
| 
|                      03/25/2018
| 
| Implementation by:
|                    Ross C. Walker     (SDSC)
|                    Scott Le Grand     (nVIDIA)
| 
| Version 18 performance extensions by:
|                    David Cerutti     (Rutgers)
| 
| Precision model in use:
|      [SPFP] - Single Precision Forces, 64-bit Fixed Point
|               Accumulation. (Default)
| 
|--------------------------------------------------------
 
|----------------- CITATION INFORMATION -----------------
|
|    When publishing work that utilized the CUDA version
|    of AMBER, please cite the following in addition to
|    the regular AMBER citations:
|
|  - Romelia Salomon-Ferrer; Andreas W. Goetz; Duncan
|    Poole; Scott Le Grand; Ross C. Walker "Routine
|    microsecond molecular dynamics simulations with
|    AMBER - Part II: Particle Mesh Ewald", J. Chem.
|    Theory Comput., 2013, 9 (9), pp3878-3888,
|    DOI: 10.1021/ct400314y.
|
|  - Andreas W. Goetz; Mark J. Williamson; Dong Xu;
|    Duncan Poole; Scott Le Grand; Ross C. Walker
|    "Routine microsecond molecular dynamics simulations
|    with AMBER - Part I: Generalized Born", J. Chem.
|    Theory Comput., 2012, 8 (5), pp1542-1555.
|
|  - Scott Le Grand; Andreas W. Goetz; Ross C. Walker
|    "SPFP: Speed without compromise - a mixed precision
|    model for GPU accelerated molecular dynamics
|    simulations.", Comp. Phys. Comm., 2013, 184
|    pp374-380, DOI: 10.1016/j.cpc.2012.09.022
|
|--------------------------------------------------------
 
|------------------- GPU DEVICE INFO --------------------
|
|            CUDA_VISIBLE_DEVICES: not set
|   CUDA Capable Devices Detected:      1
|           CUDA Device ID in use:      0
|                CUDA Device Name: NVIDIA GeForce RTX 3070 Laptop GPU
|     CUDA Device Global Mem Size:   8191 MB
| CUDA Device Num Multiprocessors:     40
|           CUDA Device Core Freq:   1.56 GHz
|
|--------------------------------------------------------
 
 
| Conditional Compilation Defines Used:
| PUBFFT
| BINTRAJ
| CUDA
| EMIL

| Largest sphere to fit in unit cell has radius =    19.745

| New format PARM file being parsed.
| Version =    1.000 Date = 09/01/23 Time = 17:28:38

| Note: 1-4 EEL scale factors are being read from the topology file.

| Note: 1-4 VDW scale factors are being read from the topology file.
| Duplicated    0 dihedrals

| Duplicated    0 dihedrals

--------------------------------------------------------------------------------
   1.  RESOURCE   USE: 
--------------------------------------------------------------------------------

 getting new box info from bottom of inpcrd
 NATOM  =    6251 NTYPES =       7 NBONH =    4686 MBONA  =    1564
 NTHETH =      12 MTHETA =       6 NPHIH =      18 MPHIA  =       0
 NHPARM =       0 NPARM  =       0 NNB   =   10967 NRES   =    1565
 NBONA  =    1564 NTHETA =       6 NPHIA =       0 NUMBND =       9
 NUMANG =      10 NPTRA  =       1 NATYP =       9 NPHB   =       0
 IFBOX  =       1 NMXRS  =       4 IFCAP =       0 NEXTRA =    1560
 NCOPY  =       0

| Coordinate Index Table dimensions:     9    9    8
| Direct force subcell size =     4.5451    4.5306    4.9362

     BOX TYPE: RECTILINEAR

--------------------------------------------------------------------------------
   2.  CONTROL  DATA  FOR  THE  RUN
--------------------------------------------------------------------------------

default_name                                                                    

General flags:
     imin    =       1, nmropt  =       0

Nature and format of input:
     ntx     =       1, irest   =       0, ntrx    =       1

Nature and format of output:
     ntxo    =       2, ntpr    =      50, ntrx    =       1, ntwr    =       1
     iwrap   =       0, ntwx    =       0, ntwv    =       0, ntwe    =       0
     ioutfm  =       1, ntwprt  =       0, idecomp =       0, rbornstat=      0

Potential function:
     ntf     =       1, ntb     =       1, igb     =       0, nsnb    =      25
     ipol    =       0, gbsa    =       0, iesp    =       0
     dielc   =   1.00000, cut     =   8.00000, intdiel =   1.00000

Frozen or restrained atoms:
     ibelly  =       0, ntr     =       1
     restraint_wt =1000.00000

Energy minimization:
     maxcyc  =    1000, ncyc    =     500, ntmin   =       1
     dx0     =   0.01000, drms    =   0.00010

| Intermolecular bonds treatment:
|     no_intermolecular_bonds =       1

| Energy averages sample interval:
|     ene_avg_sampling =       1

Extra-points options:
     frameon =       1, chngmask=       1

Ewald parameters:
     verbose =       0, ew_type =       0, nbflag  =       1, use_pme =       1
     vdwmeth =       1, eedmeth =       1, netfrc  =       0
     Box X =   40.906   Box Y =   40.776   Box Z =   39.490
     Alpha =   90.000   Beta  =   90.000   Gamma =   90.000
     NFFT1 =   48       NFFT2 =   48       NFFT3 =   40
     Cutoff=    8.000   Tol   =0.100E-04
     Ewald Coefficient =  0.34864
     Interpolation order =    4

    LOADING THE CONSTRAINED ATOMS AS GROUPS


   5.  REFERENCE ATOM COORDINATES

  default_name                                                                    
     Mask !@H=; matches  3125 atoms
|      EXTRA_PTS, trim_bonds: num bonds BEFORE trim =  4686     0
|      EXTRA_PTS, trim_bonds: num bonds AFTER  trim =  4686     0
|      EXTRA_PTS, trim_bonds: num bonds BEFORE trim =  1564     0
|      EXTRA_PTS, trim_bonds: num bonds AFTER  trim =     4     0
|      EXTRA_PTS, trim_theta: num angle BEFORE trim =    12     0
|      EXTRA_PTS, trim_theta: num angle AFTER  trim =    12     0
|      EXTRA_PTS, trim_theta: num angle BEFORE trim =     6     0
|      EXTRA_PTS, trim_theta: num angle AFTER  trim =     6     0
|      EXTRA_PTS, trim_phi:  num diheds BEFORE trim =    18     0
|      EXTRA_PTS, trim_phi:  num diheds AFTER  trim =    18     0
|      EXTRA_PTS, trim_phi:  num diheds BEFORE trim =     0     0
|      EXTRA_PTS, trim_phi:  num diheds AFTER  trim =     0     0

--------------------------------------------------------------------------------
   3.  ATOMIC COORDINATES AND VELOCITIES
--------------------------------------------------------------------------------

default_name                                                                    
 begin time read from input coords =     0.000 ps

 
 Number of triangulated 3-point waters found:     1560

     Sum of charges from parm topology file =   0.00000756
     Forcing neutrality...

| Dynamic Memory, Types Used:
| Reals              294908
| Integers           295091

| Nonbonded Pairs Initial Allocation:     1044073

| GPU memory information (estimate):
| KB of GPU memory in use:     22723
| KB of CPU memory in use:     11971

--------------------------------------------------------------------------------
   4.  RESULTS
--------------------------------------------------------------------------------



   NSTEP       ENERGY          RMS            GMAX         NAME    NUMBER
      1      -1.6633E+04     1.8289E+01     9.7723E+01     O        2864

 BOND    =        0.8921  ANGLE   =        0.5508  DIHED      =        0.0000
 VDWAALS =     2385.8049  EEL     =   -18811.4451  HBOND      =        0.0000
 1-4 VDW =       -0.1390  1-4 EEL =     -209.4528  RESTRAINT  =        0.6912
 EAMBER  =   -16633.7891


   NSTEP       ENERGY          RMS            GMAX         NAME    NUMBER
     50      -2.0085E+04     3.5449E+00     4.0935E+01     O        3420

 BOND    =     2734.3704  ANGLE   =        0.7629  DIHED      =        0.0000
 VDWAALS =     2345.4180  EEL     =   -25191.7845  HBOND      =        0.0000
 1-4 VDW =       -0.1401  1-4 EEL =     -209.9125  RESTRAINT  =      235.8335
 EAMBER  =   -20321.2858


   NSTEP       ENERGY          RMS            GMAX         NAME    NUMBER
    100      -2.0287E+04     4.3334E-01     3.7449E+00     H2       5986

 BOND    =     2681.7103  ANGLE   =        0.8415  DIHED      =        0.0000
 VDWAALS =     2357.7004  EEL     =   -25432.5424  HBOND      =        0.0000
 1-4 VDW =       -0.1400  1-4 EEL =     -209.8495  RESTRAINT  =      315.7359
 EAMBER  =   -20602.2796


   NSTEP       ENERGY          RMS            GMAX         NAME    NUMBER
    150      -2.0337E+04     2.6159E-01     3.0460E+00     H2       6178

 BOND    =     2699.6113  ANGLE   =        0.8464  DIHED      =        0.0000
 VDWAALS =     2356.9163  EEL     =   -25533.0315  HBOND      =        0.0000
 1-4 VDW =       -0.1399  1-4 EEL =     -209.8290  RESTRAINT  =      348.8560
 EAMBER  =   -20685.6264


   NSTEP       ENERGY          RMS            GMAX         NAME    NUMBER
    200      -2.0357E+04     7.1478E-01     2.4659E+01     O         664

 BOND    =     2703.4960  ANGLE   =        0.8389  DIHED      =        0.0000
 VDWAALS =     2356.9901  EEL     =   -25570.4331  HBOND      =        0.0000
 1-4 VDW =       -0.1399  1-4 EEL =     -209.8197  RESTRAINT  =      362.4609
 EAMBER  =   -20719.0676


   NSTEP       ENERGY          RMS            GMAX         NAME    NUMBER
    250      -2.0369E+04     4.6285E-01     2.1964E+01     O         664

 BOND    =     2714.3208  ANGLE   =        0.8315  DIHED      =        0.0000
 VDWAALS =     2355.9546  EEL     =   -25598.4238  HBOND      =        0.0000
 1-4 VDW =       -0.1398  1-4 EEL =     -209.8145  RESTRAINT  =      368.7026
 EAMBER  =   -20737.2713


   NSTEP       ENERGY          RMS            GMAX         NAME    NUMBER
    300      -2.0376E+04     2.4625E-01     1.2620E+01     O         664

 BOND    =     2714.1006  ANGLE   =        0.8256  DIHED      =        0.0000
 VDWAALS =     2356.1709  EEL     =   -25609.4463  HBOND      =        0.0000
 1-4 VDW =       -0.1398  1-4 EEL =     -209.8115  RESTRAINT  =      372.1446
 EAMBER  =   -20748.3005


   NSTEP       ENERGY          RMS            GMAX         NAME    NUMBER
    350      -2.0381E+04     3.6627E-01     2.1924E+01     O         664

 BOND    =     2715.2403  ANGLE   =        0.8211  DIHED      =        0.0000
 VDWAALS =     2356.1286  EEL     =   -25618.1514  HBOND      =        0.0000
 1-4 VDW =       -0.1398  1-4 EEL =     -209.8097  RESTRAINT  =      374.7161
 EAMBER  =   -20755.9109


   NSTEP       ENERGY          RMS            GMAX         NAME    NUMBER
    400      -2.0385E+04     2.2185E-01     1.3462E+01     O         664

 BOND    =     2716.7613  ANGLE   =        0.8174  DIHED      =        0.0000
 VDWAALS =     2355.9323  EEL     =   -25625.5461  HBOND      =        0.0000
 1-4 VDW =       -0.1398  1-4 EEL =     -209.8087  RESTRAINT  =      376.6038
 EAMBER  =   -20761.9836


   NSTEP       ENERGY          RMS            GMAX         NAME    NUMBER
    450      -2.0388E+04     9.2773E-02     3.6454E+00     O         664

 BOND    =     2716.9496  ANGLE   =        0.8146  DIHED      =        0.0000
 VDWAALS =     2355.9595  EEL     =   -25630.3110  HBOND      =        0.0000
 1-4 VDW =       -0.1398  1-4 EEL =     -209.8080  RESTRAINT  =      378.1061
 EAMBER  =   -20766.5351


   NSTEP       ENERGY          RMS            GMAX         NAME    NUMBER
    500      -2.0391E+04     1.8524E-01     1.1870E+01     O        2848

 BOND    =     2717.2145  ANGLE   =        0.8125  DIHED      =        0.0000
 VDWAALS =     2355.9574  EEL     =   -25634.3247  HBOND      =        0.0000
 1-4 VDW =       -0.1398  1-4 EEL =     -209.8076  RESTRAINT  =      379.4956
 EAMBER  =   -20770.2879


   NSTEP       ENERGY          RMS            GMAX         NAME    NUMBER
    550      -2.0400E+04     1.3518E-01     4.9280E+00     O        4916

 BOND    =     2718.9248  ANGLE   =        0.8054  DIHED      =        0.0000
 VDWAALS =     2355.8368  EEL     =   -25652.7164  HBOND      =        0.0000
 1-4 VDW =       -0.1398  1-4 EEL =     -209.8038  RESTRAINT  =      387.2175
 EAMBER  =   -20787.0929


   NSTEP       ENERGY          RMS            GMAX         NAME    NUMBER
    600      -2.0401E+04     3.7685E-01     2.3333E+01     H1       5573

 BOND    =     2719.5749  ANGLE   =        0.8187  DIHED      =        0.0000
 VDWAALS =     2355.6901  EEL     =   -25655.7605  HBOND      =        0.0000
 1-4 VDW =       -0.1398  1-4 EEL =     -209.8037  RESTRAINT  =      388.3412
 EAMBER  =   -20789.6203

     .... RESTARTED DUE TO LINMIN FAILURE ...


   NSTEP       ENERGY          RMS            GMAX         NAME    NUMBER
    650      -2.0402E+04     2.6371E-02     1.3634E+00     H2       5574

 BOND    =     2718.4548  ANGLE   =        0.8082  DIHED      =        0.0000
 VDWAALS =     2355.7416  EEL     =   -25657.1521  HBOND      =        0.0000
 1-4 VDW =       -0.1398  1-4 EEL =     -209.7930  RESTRAINT  =      389.6729
 EAMBER  =   -20792.0803


   NSTEP       ENERGY          RMS            GMAX         NAME    NUMBER
    700      -2.0404E+04     3.3855E-02     1.9557E+00     CL8        10

 BOND    =     2719.6900  ANGLE   =        0.8101  DIHED      =        0.0000
 VDWAALS =     2355.5766  EEL     =   -25660.8139  HBOND      =        0.0000
 1-4 VDW =       -0.1398  1-4 EEL =     -209.7964  RESTRAINT  =      390.9953
 EAMBER  =   -20794.6736


   NSTEP       ENERGY          RMS            GMAX         NAME    NUMBER
    750      -2.0404E+04     7.9008E-02     3.8862E+00     H1        137

 BOND    =     2719.8292  ANGLE   =        0.8119  DIHED      =        0.0000
 VDWAALS =     2355.5782  EEL     =   -25661.0978  HBOND      =        0.0000
 1-4 VDW =       -0.1399  1-4 EEL =     -209.8188  RESTRAINT  =      391.0069
 EAMBER  =   -20794.8372

     .... RESTARTED DUE TO LINMIN FAILURE ...


   NSTEP       ENERGY          RMS            GMAX         NAME    NUMBER
    800      -2.0404E+04     1.6242E-02     7.2520E-01     O         136

 BOND    =     2719.3562  ANGLE   =        0.8121  DIHED      =        0.0000
 VDWAALS =     2355.5751  EEL     =   -25660.6172  HBOND      =        0.0000
 1-4 VDW =       -0.1398  1-4 EEL =     -209.7832  RESTRAINT  =      390.9244
 EAMBER  =   -20794.7968

     .... RESTARTED DUE TO LINMIN FAILURE ...


   NSTEP       ENERGY          RMS            GMAX         NAME    NUMBER
    850      -2.0404E+04     2.6491E-02     1.9370E+00     H1        137

 BOND    =     2719.5148  ANGLE   =        0.8130  DIHED      =        0.0000
 VDWAALS =     2355.5773  EEL     =   -25660.7669  HBOND      =        0.0000
 1-4 VDW =       -0.1398  1-4 EEL =     -209.7863  RESTRAINT  =      390.8172
 EAMBER  =   -20794.7880

     .... RESTARTED DUE TO LINMIN FAILURE ...


   NSTEP       ENERGY          RMS            GMAX         NAME    NUMBER
    900      -2.0404E+04     3.8223E-02     1.3197E+00     O         136

 BOND    =     2719.7496  ANGLE   =        0.8134  DIHED      =        0.0000
 VDWAALS =     2355.5486  EEL     =   -25661.0042  HBOND      =        0.0000
 1-4 VDW =       -0.1398  1-4 EEL =     -209.7847  RESTRAINT  =      390.7557
 EAMBER  =   -20794.8171

     .... RESTARTED DUE TO LINMIN FAILURE ...


                    FINAL RESULTS



   NSTEP       ENERGY          RMS            GMAX         NAME    NUMBER
    920      -2.0404E+04     1.7708E-02     5.7203E-01     O         136

 BOND    =     2719.6297  ANGLE   =        0.8134  DIHED      =        0.0000
 VDWAALS =     2355.5579  EEL     =   -25660.8990  HBOND      =        0.0000
 1-4 VDW =       -0.1398  1-4 EEL =     -209.7854  RESTRAINT  =      390.7500
 EAMBER  =   -20794.8232

     ***** REPEATED LINMIN FAILURE *****
--------------------------------------------------------------------------------
   5.  TIMINGS
--------------------------------------------------------------------------------

|  NonSetup CPU Time in Major Routines:
|
|     Routine           Sec        %
|     ------------------------------
|     Nonbond           0.41   61.86
|     Bond              0.00    0.00
|     Angle             0.00    0.00
|     Dihedral          0.00    0.00
|     Shake             0.00    0.00
|     Other             0.25   38.14
|     ------------------------------
|     Total             0.66

|  PME Nonbond Pairlist CPU Time:
|
|     Routine              Sec        %
|     ---------------------------------
|     Set Up Cit           0.00    0.00
|     Build List           0.00    0.00
|     ---------------------------------
|     Total                0.00    0.00

|  PME Direct Force CPU Time:
|
|     Routine              Sec        %
|     ---------------------------------
|     NonBonded Calc       0.00    0.00
|     Exclude Masked       0.00    0.00
|     Other                0.00    0.13
|     ---------------------------------
|     Total                0.00    0.13

|  PME Reciprocal Force CPU Time:
|
|     Routine              Sec        %
|     ---------------------------------
|     1D bspline           0.00    0.00
|     Grid Charges         0.00    0.00
|     Scalar Sum           0.00    0.00
|     Gradient Sum         0.00    0.00
|     FFT                  0.00    0.00
|     ---------------------------------
|     Total                0.00    0.00

|  Setup CPU time:            1.01 seconds
|  NonSetup CPU time:         0.66 seconds
|  Total CPU time:            1.67 seconds     0.00 hours

|  Setup wall time:           1    seconds
|  NonSetup wall time:        0    seconds
|  Total wall time:           1    seconds     0.00 hours
