
          -------------------------------------------------------
          Amber 20 PMEMD                              2020
          -------------------------------------------------------

| PMEMD implementation of SANDER, Release 18

|  Compiled date/time: Sat Aug 20 11:06:42 2022
| Run on 09/01/2023 at 17:31:41

|   Executable path: pmemd.cuda
| Working directory: /home/rat/PYCONSOLV_DATA/v1/equilibration
|          Hostname: Unknown
  [-O]verwriting output

File Assignments:
|   MDIN: 07.in                                                                 
|  MDOUT: 07.out                                                                
| INPCRD: 06.rst7                                                               
|   PARM: LIG_solv.prmtop                                                       
| RESTRT: 07.rst7                                                               
|   REFC: 06.rst7                                                               
|  MDVEL: mdvel                                                                 
|   MDEN: mden                                                                  
|  MDCRD: mdcrd                                                                 
| MDINFO: mdinfo                                                                
|  MDFRC: mdfrc                                                                 


 Here is the input file:

minimization                                                                   
&cntrl                                                                         
	imin=1,ncyc=500,maxcyc=1000,ntr=1,cut=8.0,                                    
	restraint_wt=1000.0,restraintmask="!@H=&:1",                                  
/                                                                              


Note: ig = -1. Setting random seed to   135545 based on wallclock time in 
      microseconds.
| irandom = 1, using AMBER's internal random number generator (default).
 
|--------------------- INFORMATION ----------------------
| GPU (CUDA) Version of PMEMD in use: NVIDIA GPU IN USE.
|                    Version 18.0.0
| 
|                      03/25/2018
| 
| Implementation by:
|                    Ross C. Walker     (SDSC)
|                    Scott Le Grand     (nVIDIA)
| 
| Version 18 performance extensions by:
|                    David Cerutti     (Rutgers)
| 
| Precision model in use:
|      [SPFP] - Single Precision Forces, 64-bit Fixed Point
|               Accumulation. (Default)
| 
|--------------------------------------------------------
 
|----------------- CITATION INFORMATION -----------------
|
|    When publishing work that utilized the CUDA version
|    of AMBER, please cite the following in addition to
|    the regular AMBER citations:
|
|  - Romelia Salomon-Ferrer; Andreas W. Goetz; Duncan
|    Poole; Scott Le Grand; Ross C. Walker "Routine
|    microsecond molecular dynamics simulations with
|    AMBER - Part II: Particle Mesh Ewald", J. Chem.
|    Theory Comput., 2013, 9 (9), pp3878-3888,
|    DOI: 10.1021/ct400314y.
|
|  - Andreas W. Goetz; Mark J. Williamson; Dong Xu;
|    Duncan Poole; Scott Le Grand; Ross C. Walker
|    "Routine microsecond molecular dynamics simulations
|    with AMBER - Part I: Generalized Born", J. Chem.
|    Theory Comput., 2012, 8 (5), pp1542-1555.
|
|  - Scott Le Grand; Andreas W. Goetz; Ross C. Walker
|    "SPFP: Speed without compromise - a mixed precision
|    model for GPU accelerated molecular dynamics
|    simulations.", Comp. Phys. Comm., 2013, 184
|    pp374-380, DOI: 10.1016/j.cpc.2012.09.022
|
|--------------------------------------------------------
 
|------------------- GPU DEVICE INFO --------------------
|
|            CUDA_VISIBLE_DEVICES: not set
|   CUDA Capable Devices Detected:      1
|           CUDA Device ID in use:      0
|                CUDA Device Name: NVIDIA GeForce RTX 3070 Laptop GPU
|     CUDA Device Global Mem Size:   8191 MB
| CUDA Device Num Multiprocessors:     40
|           CUDA Device Core Freq:   1.56 GHz
|
|--------------------------------------------------------
 
 
| Conditional Compilation Defines Used:
| PUBFFT
| BINTRAJ
| CUDA
| EMIL

| Largest sphere to fit in unit cell has radius =    17.630

| New format PARM file being parsed.
| Version =    1.000 Date = 09/01/23 Time = 17:28:38

| Note: 1-4 EEL scale factors are being read from the topology file.

| Note: 1-4 VDW scale factors are being read from the topology file.
| Duplicated    0 dihedrals

| Duplicated    0 dihedrals

--------------------------------------------------------------------------------
   1.  RESOURCE   USE: 
--------------------------------------------------------------------------------

 getting box info from netcdf restart file
 NATOM  =    6251 NTYPES =       7 NBONH =    4686 MBONA  =    1564
 NTHETH =      12 MTHETA =       6 NPHIH =      18 MPHIA  =       0
 NHPARM =       0 NPARM  =       0 NNB   =   10967 NRES   =    1565
 NBONA  =    1564 NTHETA =       6 NPHIA =       0 NUMBND =       9
 NUMANG =      10 NPTRA  =       1 NATYP =       9 NPHB   =       0
 IFBOX  =       1 NMXRS  =       4 IFCAP =       0 NEXTRA =    1560
 NCOPY  =       0

| Coordinate Index Table dimensions:     8    8    7
| Direct force subcell size =     4.5656    4.5511    5.0372

     BOX TYPE: RECTILINEAR

--------------------------------------------------------------------------------
   2.  CONTROL  DATA  FOR  THE  RUN
--------------------------------------------------------------------------------

default_name                                                                    

General flags:
     imin    =       1, nmropt  =       0

Nature and format of input:
     ntx     =       1, irest   =       0, ntrx    =       1

Nature and format of output:
     ntxo    =       2, ntpr    =      50, ntrx    =       1, ntwr    =       1
     iwrap   =       0, ntwx    =       0, ntwv    =       0, ntwe    =       0
     ioutfm  =       1, ntwprt  =       0, idecomp =       0, rbornstat=      0

Potential function:
     ntf     =       1, ntb     =       1, igb     =       0, nsnb    =      25
     ipol    =       0, gbsa    =       0, iesp    =       0
     dielc   =   1.00000, cut     =   8.00000, intdiel =   1.00000

Frozen or restrained atoms:
     ibelly  =       0, ntr     =       1
     restraint_wt =1000.00000

Energy minimization:
     maxcyc  =    1000, ncyc    =     500, ntmin   =       1
     dx0     =   0.01000, drms    =   0.00010

| Intermolecular bonds treatment:
|     no_intermolecular_bonds =       1

| Energy averages sample interval:
|     ene_avg_sampling =       1

Extra-points options:
     frameon =       1, chngmask=       1

Ewald parameters:
     verbose =       0, ew_type =       0, nbflag  =       1, use_pme =       1
     vdwmeth =       1, eedmeth =       1, netfrc  =       0
     Box X =   36.525   Box Y =   36.408   Box Z =   35.260
     Alpha =   90.000   Beta  =   90.000   Gamma =   90.000
     NFFT1 =   40       NFFT2 =   40       NFFT3 =   36
     Cutoff=    8.000   Tol   =0.100E-04
     Ewald Coefficient =  0.34864
     Interpolation order =    4

    LOADING THE CONSTRAINED ATOMS AS GROUPS


   5.  REFERENCE ATOM COORDINATES

  default_name                                                                    
     Mask !@H=&:1; matches     1 atoms
|      EXTRA_PTS, trim_bonds: num bonds BEFORE trim =  4686     0
|      EXTRA_PTS, trim_bonds: num bonds AFTER  trim =  4686     0
|      EXTRA_PTS, trim_bonds: num bonds BEFORE trim =  1564     0
|      EXTRA_PTS, trim_bonds: num bonds AFTER  trim =     4     0
|      EXTRA_PTS, trim_theta: num angle BEFORE trim =    12     0
|      EXTRA_PTS, trim_theta: num angle AFTER  trim =    12     0
|      EXTRA_PTS, trim_theta: num angle BEFORE trim =     6     0
|      EXTRA_PTS, trim_theta: num angle AFTER  trim =     6     0
|      EXTRA_PTS, trim_phi:  num diheds BEFORE trim =    18     0
|      EXTRA_PTS, trim_phi:  num diheds AFTER  trim =    18     0
|      EXTRA_PTS, trim_phi:  num diheds BEFORE trim =     0     0
|      EXTRA_PTS, trim_phi:  num diheds AFTER  trim =     0     0

--------------------------------------------------------------------------------
   3.  ATOMIC COORDINATES AND VELOCITIES
--------------------------------------------------------------------------------

default_name                                                                    
 begin time read from input coords =   100.000 ps

 
 Number of triangulated 3-point waters found:     1560

     Sum of charges from parm topology file =   0.00000756
     Forcing neutrality...

| Dynamic Memory, Types Used:
| Reals              294880
| Integers           295091

| Nonbonded Pairs Initial Allocation:     1044073

| GPU memory information (estimate):
| KB of GPU memory in use:     23067
| KB of CPU memory in use:     10467

--------------------------------------------------------------------------------
   4.  RESULTS
--------------------------------------------------------------------------------



   NSTEP       ENERGY          RMS            GMAX         NAME    NUMBER
      1      -2.2580E+04     2.2914E+01     8.2625E+01     O        4176

 BOND    =        2.2330  ANGLE   =        1.3257  DIHED      =        0.0000
 VDWAALS =     4103.3873  EEL     =   -26472.6538  HBOND      =        0.0000
 1-4 VDW =       -0.1503  1-4 EEL =     -214.0183  RESTRAINT  =        0.0000


   NSTEP       ENERGY          RMS            GMAX         NAME    NUMBER
     50      -2.7381E+04     2.0559E+00     7.3029E+00     H1       2633

 BOND    =     4534.6423  ANGLE   =        1.1194  DIHED      =        0.0000
 VDWAALS =     4177.8970  EEL     =   -35882.0717  HBOND      =        0.0000
 1-4 VDW =       -0.1470  1-4 EEL =     -212.8368  RESTRAINT  =        0.0266
 EAMBER  =   -27381.3968


   NSTEP       ENERGY          RMS            GMAX         NAME    NUMBER
    100      -2.7615E+04     1.2834E+00     4.3220E+00     H1       2553

 BOND    =     4343.3159  ANGLE   =        1.0937  DIHED      =        0.0000
 VDWAALS =     4422.3271  EEL     =   -36169.6002  HBOND      =        0.0000
 1-4 VDW =       -0.1460  1-4 EEL =     -212.4259  RESTRAINT  =        0.0246
 EAMBER  =   -27615.4354


   NSTEP       ENERGY          RMS            GMAX         NAME    NUMBER
    150      -2.7727E+04     7.1057E-01     3.0861E+00     H1        385

 BOND    =     4651.3816  ANGLE   =        1.0620  DIHED      =        0.0000
 VDWAALS =     4592.6582  EEL     =   -36759.4266  HBOND      =        0.0000
 1-4 VDW =       -0.1456  1-4 EEL =     -212.3021  RESTRAINT  =        0.0266
 EAMBER  =   -27726.7725


   NSTEP       ENERGY          RMS            GMAX         NAME    NUMBER
    200      -2.7794E+04     1.0746E+00     3.8176E+00     H1       2341

 BOND    =     4777.0017  ANGLE   =        1.0391  DIHED      =        0.0000
 VDWAALS =     4717.1024  EEL     =   -37076.5947  HBOND      =        0.0000
 1-4 VDW =       -0.1455  1-4 EEL =     -212.2439  RESTRAINT  =        0.0281
 EAMBER  =   -27793.8409


   NSTEP       ENERGY          RMS            GMAX         NAME    NUMBER
    250      -2.7845E+04     6.4189E-01     2.2933E+00     H1       2553

 BOND    =     4648.6764  ANGLE   =        1.0266  DIHED      =        0.0000
 VDWAALS =     4814.9878  EEL     =   -37097.3127  HBOND      =        0.0000
 1-4 VDW =       -0.1454  1-4 EEL =     -212.2083  RESTRAINT  =        0.0249
 EAMBER  =   -27844.9756


   NSTEP       ENERGY          RMS            GMAX         NAME    NUMBER
    300      -2.7882E+04     3.0157E-01     1.6016E+00     H1       1133

 BOND    =     4788.1509  ANGLE   =        1.0110  DIHED      =        0.0000
 VDWAALS =     4887.3965  EEL     =   -37345.8250  HBOND      =        0.0000
 1-4 VDW =       -0.1454  1-4 EEL =     -212.1894  RESTRAINT  =        0.0296
 EAMBER  =   -27881.6013


   NSTEP       ENERGY          RMS            GMAX         NAME    NUMBER
    350      -2.7909E+04     5.9010E-01     3.8938E+00     PT          1

 BOND    =     4866.3017  ANGLE   =        0.9933  DIHED      =        0.0000
 VDWAALS =     4946.8438  EEL     =   -37510.5644  HBOND      =        0.0000
 1-4 VDW =       -0.1454  1-4 EEL =     -212.1790  RESTRAINT  =        0.0430
 EAMBER  =   -27908.7500


   NSTEP       ENERGY          RMS            GMAX         NAME    NUMBER
    400      -2.7931E+04     2.8237E-01     2.5851E+00     PT          1

 BOND    =     4805.7425  ANGLE   =        1.0031  DIHED      =        0.0000
 VDWAALS =     4995.4147  EEL     =   -37520.6229  HBOND      =        0.0000
 1-4 VDW =       -0.1454  1-4 EEL =     -212.1628  RESTRAINT  =        0.0195
 EAMBER  =   -27930.7709


   NSTEP       ENERGY          RMS            GMAX         NAME    NUMBER
    450      -2.7948E+04     4.6300E-01     8.3309E+00     PT          1

 BOND    =     4809.4212  ANGLE   =        1.0133  DIHED      =        0.0000
 VDWAALS =     5036.9440  EEL     =   -37582.9185  HBOND      =        0.0000
 1-4 VDW =       -0.1453  1-4 EEL =     -212.1508  RESTRAINT  =        0.0064
 EAMBER  =   -27947.8362


   NSTEP       ENERGY          RMS            GMAX         NAME    NUMBER
    500      -2.7963E+04     2.5101E-01     1.0656E+01     PT          1

 BOND    =     4903.9325  ANGLE   =        0.9582  DIHED      =        0.0000
 VDWAALS =     5071.6803  EEL     =   -37726.9431  HBOND      =        0.0000
 1-4 VDW =       -0.1454  1-4 EEL =     -212.1653  RESTRAINT  =        0.0793
 EAMBER  =   -27962.6826


   NSTEP       ENERGY          RMS            GMAX         NAME    NUMBER
    550      -2.8044E+04     2.9798E-01     1.1320E+01     N5          6

 BOND    =     5058.5568  ANGLE   =        1.8708  DIHED      =        0.0000
 VDWAALS =     5351.9941  EEL     =   -38243.8793  HBOND      =        0.0000
 1-4 VDW =       -0.1459  1-4 EEL =     -212.3845  RESTRAINT  =        0.0164
 EAMBER  =   -28043.9881


   NSTEP       ENERGY          RMS            GMAX         NAME    NUMBER
    600      -2.8051E+04     1.9720E-01     7.7803E+00     N5          6

 BOND    =     5054.7162  ANGLE   =        0.8028  DIHED      =        0.0000
 VDWAALS =     5371.7275  EEL     =   -38266.1964  HBOND      =        0.0000
 1-4 VDW =       -0.1454  1-4 EEL =     -212.1360  RESTRAINT  =        0.0321
 EAMBER  =   -28051.2313


   NSTEP       ENERGY          RMS            GMAX         NAME    NUMBER
    650      -2.8057E+04     2.2729E-01     1.0634E+01     PT          1

 BOND    =     5076.0258  ANGLE   =        0.6250  DIHED      =        0.0000
 VDWAALS =     5405.4827  EEL     =   -38327.2655  HBOND      =        0.0000
 1-4 VDW =       -0.1453  1-4 EEL =     -212.0618  RESTRAINT  =        0.0678
 EAMBER  =   -28057.3391


   NSTEP       ENERGY          RMS            GMAX         NAME    NUMBER
    700      -2.8063E+04     1.5487E-01     8.3103E+00     PT          1

 BOND    =     5074.8377  ANGLE   =        1.1452  DIHED      =        0.0000
 VDWAALS =     5423.1624  EEL     =   -38349.8598  HBOND      =        0.0000
 1-4 VDW =       -0.1457  1-4 EEL =     -212.2871  RESTRAINT  =        0.0065
 EAMBER  =   -28063.1473


   NSTEP       ENERGY          RMS            GMAX         NAME    NUMBER
    750      -2.8074E+04     5.1651E-02     2.0269E+00     N1          2

 BOND    =     5109.7768  ANGLE   =        0.9318  DIHED      =        0.0000
 VDWAALS =     5472.3229  EEL     =   -38444.1574  HBOND      =        0.0000
 1-4 VDW =       -0.1459  1-4 EEL =     -212.3121  RESTRAINT  =        0.0371
 EAMBER  =   -28073.5840


   NSTEP       ENERGY          RMS            GMAX         NAME    NUMBER
    800      -2.8075E+04     6.5556E-02     2.1250E+00     H4          5

 BOND    =     5112.6281  ANGLE   =        0.7439  DIHED      =        0.0000
 VDWAALS =     5480.6055  EEL     =   -38456.8031  HBOND      =        0.0000
 1-4 VDW =       -0.1458  1-4 EEL =     -212.2440  RESTRAINT  =        0.0283
 EAMBER  =   -28075.2154


   NSTEP       ENERGY          RMS            GMAX         NAME    NUMBER
    850      -2.8077E+04     7.9560E-02     3.2194E+00     N1          2

 BOND    =     5119.2150  ANGLE   =        0.8079  DIHED      =        0.0000
 VDWAALS =     5492.2797  EEL     =   -38477.3754  HBOND      =        0.0000
 1-4 VDW =       -0.1458  1-4 EEL =     -212.2676  RESTRAINT  =        0.0269
 EAMBER  =   -28077.4863


   NSTEP       ENERGY          RMS            GMAX         NAME    NUMBER
    900      -2.8080E+04     3.9518E-01     4.2503E+01     PT          1

 BOND    =     5135.0493  ANGLE   =        0.6830  DIHED      =        0.0000
 VDWAALS =     5512.2999  EEL     =   -38515.7388  HBOND      =        0.0000
 1-4 VDW =       -0.1461  1-4 EEL =     -212.3597  RESTRAINT  =        0.3961
 EAMBER  =   -28080.2124


   NSTEP       ENERGY          RMS            GMAX         NAME    NUMBER
    950      -2.8082E+04     5.9284E-02     2.7505E+00     N1          2

 BOND    =     5126.1091  ANGLE   =        0.7166  DIHED      =        0.0000
 VDWAALS =     5516.1021  EEL     =   -38512.7735  HBOND      =        0.0000
 1-4 VDW =       -0.1460  1-4 EEL =     -212.3068  RESTRAINT  =        0.0315
 EAMBER  =   -28082.2985


   NSTEP       ENERGY          RMS            GMAX         NAME    NUMBER
   1000      -2.8085E+04     1.4434E-01     4.3105E+00     H1       1401

 BOND    =     5135.0454  ANGLE   =        0.7282  DIHED      =        0.0000
 VDWAALS =     5527.3473  EEL     =   -38536.0135  HBOND      =        0.0000
 1-4 VDW =       -0.1461  1-4 EEL =     -212.3529  RESTRAINT  =        0.0311
 EAMBER  =   -28085.3915


  Maximum number of minimization cycles reached.


                    FINAL RESULTS



   NSTEP       ENERGY          RMS            GMAX         NAME    NUMBER
   1000      -2.8085E+04     1.4434E-01     4.3105E+00     H1       1401

 BOND    =     5135.0454  ANGLE   =        0.7282  DIHED      =        0.0000
 VDWAALS =     5527.3473  EEL     =   -38536.0135  HBOND      =        0.0000
 1-4 VDW =       -0.1461  1-4 EEL =     -212.3529  RESTRAINT  =        0.0311
 EAMBER  =   -28085.3915
--------------------------------------------------------------------------------
   5.  TIMINGS
--------------------------------------------------------------------------------

|  NonSetup CPU Time in Major Routines:
|
|     Routine           Sec        %
|     ------------------------------
|     Nonbond           0.45   61.01
|     Bond              0.00    0.00
|     Angle             0.00    0.00
|     Dihedral          0.00    0.00
|     Shake             0.00    0.00
|     Other             0.29   38.99
|     ------------------------------
|     Total             0.73

|  PME Nonbond Pairlist CPU Time:
|
|     Routine              Sec        %
|     ---------------------------------
|     Set Up Cit           0.00    0.00
|     Build List           0.00    0.00
|     ---------------------------------
|     Total                0.00    0.00

|  PME Direct Force CPU Time:
|
|     Routine              Sec        %
|     ---------------------------------
|     NonBonded Calc       0.00    0.00
|     Exclude Masked       0.00    0.00
|     Other                0.00    0.11
|     ---------------------------------
|     Total                0.00    0.11

|  PME Reciprocal Force CPU Time:
|
|     Routine              Sec        %
|     ---------------------------------
|     1D bspline           0.00    0.00
|     Grid Charges         0.00    0.00
|     Scalar Sum           0.00    0.00
|     Gradient Sum         0.00    0.00
|     FFT                  0.00    0.00
|     ---------------------------------
|     Total                0.00    0.00

|  Setup CPU time:            0.95 seconds
|  NonSetup CPU time:         0.73 seconds
|  Total CPU time:            1.68 seconds     0.00 hours

|  Setup wall time:           1    seconds
|  NonSetup wall time:        0    seconds
|  Total wall time:           1    seconds     0.00 hours
