
          -------------------------------------------------------
          Amber 20 PMEMD                              2020
          -------------------------------------------------------

| PMEMD implementation of SANDER, Release 18

|  Compiled date/time: Sat Aug 20 11:06:42 2022
| Run on 09/01/2023 at 17:31:42

|   Executable path: pmemd.cuda
| Working directory: /home/rat/PYCONSOLV_DATA/v1/equilibration
|          Hostname: Unknown
  [-O]verwriting output

File Assignments:
|   MDIN: 08.in                                                                 
|  MDOUT: 08.out                                                                
| INPCRD: 07.rst7                                                               
|   PARM: LIG_solv.prmtop                                                       
| RESTRT: 08.rst7                                                               
|   REFC: 07.rst7                                                               
|  MDVEL: mdvel                                                                 
|   MDEN: mden                                                                  
|  MDCRD: mdcrd                                                                 
| MDINFO: mdinfo                                                                
|  MDFRC: mdfrc                                                                 


 Here is the input file:

minimization                                                                   
&cntrl                                                                         
	imin=1,ncyc=500,maxcyc=1000,ntr=1,cut=8.0,                                    
	restraint_wt=500.0,restraintmask="!@H=&:1",                                   
/                                                                              


Note: ig = -1. Setting random seed to   439305 based on wallclock time in 
      microseconds.
| irandom = 1, using AMBER's internal random number generator (default).
 
|--------------------- INFORMATION ----------------------
| GPU (CUDA) Version of PMEMD in use: NVIDIA GPU IN USE.
|                    Version 18.0.0
| 
|                      03/25/2018
| 
| Implementation by:
|                    Ross C. Walker     (SDSC)
|                    Scott Le Grand     (nVIDIA)
| 
| Version 18 performance extensions by:
|                    David Cerutti     (Rutgers)
| 
| Precision model in use:
|      [SPFP] - Single Precision Forces, 64-bit Fixed Point
|               Accumulation. (Default)
| 
|--------------------------------------------------------
 
|----------------- CITATION INFORMATION -----------------
|
|    When publishing work that utilized the CUDA version
|    of AMBER, please cite the following in addition to
|    the regular AMBER citations:
|
|  - Romelia Salomon-Ferrer; Andreas W. Goetz; Duncan
|    Poole; Scott Le Grand; Ross C. Walker "Routine
|    microsecond molecular dynamics simulations with
|    AMBER - Part II: Particle Mesh Ewald", J. Chem.
|    Theory Comput., 2013, 9 (9), pp3878-3888,
|    DOI: 10.1021/ct400314y.
|
|  - Andreas W. Goetz; Mark J. Williamson; Dong Xu;
|    Duncan Poole; Scott Le Grand; Ross C. Walker
|    "Routine microsecond molecular dynamics simulations
|    with AMBER - Part I: Generalized Born", J. Chem.
|    Theory Comput., 2012, 8 (5), pp1542-1555.
|
|  - Scott Le Grand; Andreas W. Goetz; Ross C. Walker
|    "SPFP: Speed without compromise - a mixed precision
|    model for GPU accelerated molecular dynamics
|    simulations.", Comp. Phys. Comm., 2013, 184
|    pp374-380, DOI: 10.1016/j.cpc.2012.09.022
|
|--------------------------------------------------------
 
|------------------- GPU DEVICE INFO --------------------
|
|            CUDA_VISIBLE_DEVICES: not set
|   CUDA Capable Devices Detected:      1
|           CUDA Device ID in use:      0
|                CUDA Device Name: NVIDIA GeForce RTX 3070 Laptop GPU
|     CUDA Device Global Mem Size:   8191 MB
| CUDA Device Num Multiprocessors:     40
|           CUDA Device Core Freq:   1.56 GHz
|
|--------------------------------------------------------
 
 
| Conditional Compilation Defines Used:
| PUBFFT
| BINTRAJ
| CUDA
| EMIL

| Largest sphere to fit in unit cell has radius =    17.630

| New format PARM file being parsed.
| Version =    1.000 Date = 09/01/23 Time = 17:28:38

| Note: 1-4 EEL scale factors are being read from the topology file.

| Note: 1-4 VDW scale factors are being read from the topology file.
| Duplicated    0 dihedrals

| Duplicated    0 dihedrals

--------------------------------------------------------------------------------
   1.  RESOURCE   USE: 
--------------------------------------------------------------------------------

 getting box info from netcdf restart file
 NATOM  =    6251 NTYPES =       7 NBONH =    4686 MBONA  =    1564
 NTHETH =      12 MTHETA =       6 NPHIH =      18 MPHIA  =       0
 NHPARM =       0 NPARM  =       0 NNB   =   10967 NRES   =    1565
 NBONA  =    1564 NTHETA =       6 NPHIA =       0 NUMBND =       9
 NUMANG =      10 NPTRA  =       1 NATYP =       9 NPHB   =       0
 IFBOX  =       1 NMXRS  =       4 IFCAP =       0 NEXTRA =    1560
 NCOPY  =       0

| Coordinate Index Table dimensions:     8    8    7
| Direct force subcell size =     4.5656    4.5511    5.0372

     BOX TYPE: RECTILINEAR

--------------------------------------------------------------------------------
   2.  CONTROL  DATA  FOR  THE  RUN
--------------------------------------------------------------------------------

default_name                                                                    

General flags:
     imin    =       1, nmropt  =       0

Nature and format of input:
     ntx     =       1, irest   =       0, ntrx    =       1

Nature and format of output:
     ntxo    =       2, ntpr    =      50, ntrx    =       1, ntwr    =       1
     iwrap   =       0, ntwx    =       0, ntwv    =       0, ntwe    =       0
     ioutfm  =       1, ntwprt  =       0, idecomp =       0, rbornstat=      0

Potential function:
     ntf     =       1, ntb     =       1, igb     =       0, nsnb    =      25
     ipol    =       0, gbsa    =       0, iesp    =       0
     dielc   =   1.00000, cut     =   8.00000, intdiel =   1.00000

Frozen or restrained atoms:
     ibelly  =       0, ntr     =       1
     restraint_wt = 500.00000

Energy minimization:
     maxcyc  =    1000, ncyc    =     500, ntmin   =       1
     dx0     =   0.01000, drms    =   0.00010

| Intermolecular bonds treatment:
|     no_intermolecular_bonds =       1

| Energy averages sample interval:
|     ene_avg_sampling =       1

Extra-points options:
     frameon =       1, chngmask=       1

Ewald parameters:
     verbose =       0, ew_type =       0, nbflag  =       1, use_pme =       1
     vdwmeth =       1, eedmeth =       1, netfrc  =       0
     Box X =   36.525   Box Y =   36.408   Box Z =   35.260
     Alpha =   90.000   Beta  =   90.000   Gamma =   90.000
     NFFT1 =   40       NFFT2 =   40       NFFT3 =   36
     Cutoff=    8.000   Tol   =0.100E-04
     Ewald Coefficient =  0.34864
     Interpolation order =    4

    LOADING THE CONSTRAINED ATOMS AS GROUPS


   5.  REFERENCE ATOM COORDINATES

  default_name                                                                    
     Mask !@H=&:1; matches     1 atoms
|      EXTRA_PTS, trim_bonds: num bonds BEFORE trim =  4686     0
|      EXTRA_PTS, trim_bonds: num bonds AFTER  trim =  4686     0
|      EXTRA_PTS, trim_bonds: num bonds BEFORE trim =  1564     0
|      EXTRA_PTS, trim_bonds: num bonds AFTER  trim =     4     0
|      EXTRA_PTS, trim_theta: num angle BEFORE trim =    12     0
|      EXTRA_PTS, trim_theta: num angle AFTER  trim =    12     0
|      EXTRA_PTS, trim_theta: num angle BEFORE trim =     6     0
|      EXTRA_PTS, trim_theta: num angle AFTER  trim =     6     0
|      EXTRA_PTS, trim_phi:  num diheds BEFORE trim =    18     0
|      EXTRA_PTS, trim_phi:  num diheds AFTER  trim =    18     0
|      EXTRA_PTS, trim_phi:  num diheds BEFORE trim =     0     0
|      EXTRA_PTS, trim_phi:  num diheds AFTER  trim =     0     0

--------------------------------------------------------------------------------
   3.  ATOMIC COORDINATES AND VELOCITIES
--------------------------------------------------------------------------------

default_name                                                                    
 begin time read from input coords =     0.000 ps

 
 Number of triangulated 3-point waters found:     1560

     Sum of charges from parm topology file =   0.00000756
     Forcing neutrality...

| Dynamic Memory, Types Used:
| Reals              294880
| Integers           295091

| Nonbonded Pairs Initial Allocation:     1044073

| GPU memory information (estimate):
| KB of GPU memory in use:     23067
| KB of CPU memory in use:     10467

--------------------------------------------------------------------------------
   4.  RESULTS
--------------------------------------------------------------------------------



   NSTEP       ENERGY          RMS            GMAX         NAME    NUMBER
      1      -2.8085E+04     1.6595E-01     1.0005E+01     PT          1

 BOND    =     5135.0454  ANGLE   =        0.7282  DIHED      =        0.0000
 VDWAALS =     5527.3472  EEL     =   -38536.0121  HBOND      =        0.0000
 1-4 VDW =       -0.1461  1-4 EEL =     -212.3529  RESTRAINT  =        0.0000


   NSTEP       ENERGY          RMS            GMAX         NAME    NUMBER
     50      -2.8086E+04     4.7251E-02     1.7688E+00     H1       1401

 BOND    =     5133.3483  ANGLE   =        0.8200  DIHED      =        0.0000
 VDWAALS =     5527.7064  EEL     =   -38535.8416  HBOND      =        0.0000
 1-4 VDW =       -0.1459  1-4 EEL =     -212.2945  RESTRAINT  =        0.0567
 EAMBER  =   -28086.4073


   NSTEP       ENERGY          RMS            GMAX         NAME    NUMBER
    100      -2.8087E+04     2.2635E-02     5.0585E-01     O        1400

 BOND    =     5133.1797  ANGLE   =        0.8219  DIHED      =        0.0000
 VDWAALS =     5528.4717  EEL     =   -38536.6947  HBOND      =        0.0000
 1-4 VDW =       -0.1460  1-4 EEL =     -212.3273  RESTRAINT  =        0.0611
 EAMBER  =   -28086.6947


   NSTEP       ENERGY          RMS            GMAX         NAME    NUMBER
    150      -2.8087E+04     2.2625E-02     5.0515E-01     O        1400

 BOND    =     5133.1843  ANGLE   =        0.8219  DIHED      =        0.0000
 VDWAALS =     5528.4798  EEL     =   -38536.6952  HBOND      =        0.0000
 1-4 VDW =       -0.1460  1-4 EEL =     -212.3274  RESTRAINT  =        0.0611
 EAMBER  =   -28086.6827


   NSTEP       ENERGY          RMS            GMAX         NAME    NUMBER
    200      -2.8087E+04     2.2624E-02     5.0508E-01     O        1400

 BOND    =     5133.1853  ANGLE   =        0.8219  DIHED      =        0.0000
 VDWAALS =     5528.4820  EEL     =   -38536.7146  HBOND      =        0.0000
 1-4 VDW =       -0.1460  1-4 EEL =     -212.3275  RESTRAINT  =        0.0611
 EAMBER  =   -28086.6989


   NSTEP       ENERGY          RMS            GMAX         NAME    NUMBER
    250      -2.8087E+04     2.2622E-02     5.0476E-01     O        1400

 BOND    =     5133.1865  ANGLE   =        0.8219  DIHED      =        0.0000
 VDWAALS =     5528.4906  EEL     =   -38536.7196  HBOND      =        0.0000
 1-4 VDW =       -0.1460  1-4 EEL =     -212.3275  RESTRAINT  =        0.0611
 EAMBER  =   -28086.6941


   NSTEP       ENERGY          RMS            GMAX         NAME    NUMBER
    300      -2.8087E+04     2.2620E-02     5.0476E-01     O        1400

 BOND    =     5133.1875  ANGLE   =        0.8219  DIHED      =        0.0000
 VDWAALS =     5528.4926  EEL     =   -38536.7293  HBOND      =        0.0000
 1-4 VDW =       -0.1460  1-4 EEL =     -212.3276  RESTRAINT  =        0.0611
 EAMBER  =   -28086.7009


   NSTEP       ENERGY          RMS            GMAX         NAME    NUMBER
    350      -2.8087E+04     2.2617E-02     5.0453E-01     O        1400

 BOND    =     5133.1885  ANGLE   =        0.8219  DIHED      =        0.0000
 VDWAALS =     5528.4949  EEL     =   -38536.7275  HBOND      =        0.0000
 1-4 VDW =       -0.1460  1-4 EEL =     -212.3276  RESTRAINT  =        0.0611
 EAMBER  =   -28086.6959


   NSTEP       ENERGY          RMS            GMAX         NAME    NUMBER
    400      -2.8087E+04     2.2615E-02     5.0432E-01     O        1400

 BOND    =     5133.1896  ANGLE   =        0.8219  DIHED      =        0.0000
 VDWAALS =     5528.4969  EEL     =   -38536.7336  HBOND      =        0.0000
 1-4 VDW =       -0.1460  1-4 EEL =     -212.3277  RESTRAINT  =        0.0611
 EAMBER  =   -28086.6988


   NSTEP       ENERGY          RMS            GMAX         NAME    NUMBER
    450      -2.8087E+04     2.2614E-02     5.0417E-01     O        1400

 BOND    =     5133.1905  ANGLE   =        0.8219  DIHED      =        0.0000
 VDWAALS =     5528.4987  EEL     =   -38536.7409  HBOND      =        0.0000
 1-4 VDW =       -0.1460  1-4 EEL =     -212.3277  RESTRAINT  =        0.0611
 EAMBER  =   -28086.7036


   NSTEP       ENERGY          RMS            GMAX         NAME    NUMBER
    500      -2.8087E+04     2.2611E-02     5.0402E-01     O        1400

 BOND    =     5133.1915  ANGLE   =        0.8219  DIHED      =        0.0000
 VDWAALS =     5528.5003  EEL     =   -38536.7472  HBOND      =        0.0000
 1-4 VDW =       -0.1460  1-4 EEL =     -212.3278  RESTRAINT  =        0.0611
 EAMBER  =   -28086.7073


   NSTEP       ENERGY          RMS            GMAX         NAME    NUMBER
    550      -2.8090E+04     6.8133E-02     2.1445E+00     H2       1402

 BOND    =     5141.3253  ANGLE   =        0.8405  DIHED      =        0.0000
 VDWAALS =     5544.3438  EEL     =   -38563.7579  HBOND      =        0.0000
 1-4 VDW =       -0.1463  1-4 EEL =     -212.4216  RESTRAINT  =        0.0812
 EAMBER  =   -28089.8163


   NSTEP       ENERGY          RMS            GMAX         NAME    NUMBER
    600      -2.8090E+04     5.6568E-02     1.3402E+00     H2       1402

 BOND    =     5143.7828  ANGLE   =        0.8223  DIHED      =        0.0000
 VDWAALS =     5546.5176  EEL     =   -38568.7468  HBOND      =        0.0000
 1-4 VDW =       -0.1463  1-4 EEL =     -212.4149  RESTRAINT  =        0.0728
 EAMBER  =   -28090.1853


   NSTEP       ENERGY          RMS            GMAX         NAME    NUMBER
    650      -2.8091E+04     9.9130E-02     3.5756E+00     O         800

 BOND    =     5145.3320  ANGLE   =        0.8271  DIHED      =        0.0000
 VDWAALS =     5548.8916  EEL     =   -38573.1948  HBOND      =        0.0000
 1-4 VDW =       -0.1460  1-4 EEL =     -212.3190  RESTRAINT  =        0.0677
 EAMBER  =   -28090.6091


   NSTEP       ENERGY          RMS            GMAX         NAME    NUMBER
    700      -2.8091E+04     5.3069E-02     1.8668E+00     H2       3614

 BOND    =     5144.4257  ANGLE   =        0.8127  DIHED      =        0.0000
 VDWAALS =     5553.3250  EEL     =   -38577.1668  HBOND      =        0.0000
 1-4 VDW =       -0.1463  1-4 EEL =     -212.4209  RESTRAINT  =        0.0684
 EAMBER  =   -28091.1706


   NSTEP       ENERGY          RMS            GMAX         NAME    NUMBER
    750      -2.8091E+04     1.6395E-02     4.1696E-01     O        5964

 BOND    =     5145.0412  ANGLE   =        0.8156  DIHED      =        0.0000
 VDWAALS =     5553.1391  EEL     =   -38577.7781  HBOND      =        0.0000
 1-4 VDW =       -0.1462  1-4 EEL =     -212.3933  RESTRAINT  =        0.0686
 EAMBER  =   -28091.3217

     .... RESTARTED DUE TO LINMIN FAILURE ...


   NSTEP       ENERGY          RMS            GMAX         NAME    NUMBER
    800      -2.8091E+04     1.4693E-02     4.2220E-01     O        5964

 BOND    =     5145.0724  ANGLE   =        0.8156  DIHED      =        0.0000
 VDWAALS =     5553.1465  EEL     =   -38577.8171  HBOND      =        0.0000
 1-4 VDW =       -0.1462  1-4 EEL =     -212.3933  RESTRAINT  =        0.0687
 EAMBER  =   -28091.3222


   NSTEP       ENERGY          RMS            GMAX         NAME    NUMBER
    850      -2.8091E+04     1.4545E-02     4.1966E-01     O        5964

 BOND    =     5145.1386  ANGLE   =        0.8155  DIHED      =        0.0000
 VDWAALS =     5553.2006  EEL     =   -38577.9308  HBOND      =        0.0000
 1-4 VDW =       -0.1462  1-4 EEL =     -212.3931  RESTRAINT  =        0.0688
 EAMBER  =   -28091.3154


   NSTEP       ENERGY          RMS            GMAX         NAME    NUMBER
    900      -2.8095E+04     3.3011E-02     7.9611E-01     H1       4961

 BOND    =     5159.6028  ANGLE   =        0.8249  DIHED      =        0.0000
 VDWAALS =     5584.9995  EEL     =   -38627.9626  HBOND      =        0.0000
 1-4 VDW =       -0.1463  1-4 EEL =     -212.4047  RESTRAINT  =        0.0744
 EAMBER  =   -28095.0864


   NSTEP       ENERGY          RMS            GMAX         NAME    NUMBER
    950      -2.8097E+04     2.1494E-01     4.7894E+00     PT          1

 BOND    =     5159.8334  ANGLE   =        0.8040  DIHED      =        0.0000
 VDWAALS =     5590.5876  EEL     =   -38635.5044  HBOND      =        0.0000
 1-4 VDW =       -0.1458  1-4 EEL =     -212.2046  RESTRAINT  =        0.0329
 EAMBER  =   -28096.6299


   NSTEP       ENERGY          RMS            GMAX         NAME    NUMBER
   1000      -2.8100E+04     1.3695E-01     3.8354E+00     O        1912

 BOND    =     5162.9507  ANGLE   =        0.7880  DIHED      =        0.0000
 VDWAALS =     5597.7383  EEL     =   -38649.0241  HBOND      =        0.0000
 1-4 VDW =       -0.1455  1-4 EEL =     -212.1394  RESTRAINT  =        0.0559
 EAMBER  =   -28099.8320


  Maximum number of minimization cycles reached.


                    FINAL RESULTS



   NSTEP       ENERGY          RMS            GMAX         NAME    NUMBER
   1000      -2.8100E+04     1.3695E-01     3.8354E+00     O        1912

 BOND    =     5162.9507  ANGLE   =        0.7880  DIHED      =        0.0000
 VDWAALS =     5597.7383  EEL     =   -38649.0241  HBOND      =        0.0000
 1-4 VDW =       -0.1455  1-4 EEL =     -212.1394  RESTRAINT  =        0.0559
 EAMBER  =   -28099.8320
--------------------------------------------------------------------------------
   5.  TIMINGS
--------------------------------------------------------------------------------

|  NonSetup CPU Time in Major Routines:
|
|     Routine           Sec        %
|     ------------------------------
|     Nonbond           0.48   61.66
|     Bond              0.00    0.00
|     Angle             0.00    0.00
|     Dihedral          0.00    0.00
|     Shake             0.00    0.00
|     Other             0.30   38.34
|     ------------------------------
|     Total             0.77

|  PME Nonbond Pairlist CPU Time:
|
|     Routine              Sec        %
|     ---------------------------------
|     Set Up Cit           0.00    0.00
|     Build List           0.00    0.00
|     ---------------------------------
|     Total                0.00    0.00

|  PME Direct Force CPU Time:
|
|     Routine              Sec        %
|     ---------------------------------
|     NonBonded Calc       0.00    0.00
|     Exclude Masked       0.00    0.00
|     Other                0.00    0.12
|     ---------------------------------
|     Total                0.00    0.12

|  PME Reciprocal Force CPU Time:
|
|     Routine              Sec        %
|     ---------------------------------
|     1D bspline           0.00    0.00
|     Grid Charges         0.00    0.00
|     Scalar Sum           0.00    0.00
|     Gradient Sum         0.00    0.00
|     FFT                  0.00    0.00
|     ---------------------------------
|     Total                0.00    0.00

|  Setup CPU time:            0.94 seconds
|  NonSetup CPU time:         0.77 seconds
|  Total CPU time:            1.71 seconds     0.00 hours

|  Setup wall time:           1    seconds
|  NonSetup wall time:        1    seconds
|  Total wall time:           2    seconds     0.00 hours
