
          -------------------------------------------------------
          Amber 20 PMEMD                              2020
          -------------------------------------------------------

| PMEMD implementation of SANDER, Release 18

|  Compiled date/time: Sat Aug 20 11:06:42 2022
| Run on 09/01/2023 at 17:31:43

|   Executable path: pmemd.cuda
| Working directory: /home/rat/PYCONSOLV_DATA/v1/equilibration
|          Hostname: Unknown
  [-O]verwriting output

File Assignments:
|   MDIN: 09.in                                                                 
|  MDOUT: 09.out                                                                
| INPCRD: 08.rst7                                                               
|   PARM: LIG_solv.prmtop                                                       
| RESTRT: 09.rst7                                                               
|   REFC: 08.rst7                                                               
|  MDVEL: mdvel                                                                 
|   MDEN: mden                                                                  
|  MDCRD: mdcrd                                                                 
| MDINFO: mdinfo                                                                
|  MDFRC: mdfrc                                                                 


 Here is the input file:

minimization                                                                   
&cntrl                                                                         
	imin=1,ncyc=500,maxcyc=1000,ntr=1,cut=8.0,                                    
	restraint_wt=200.0,restraintmask="!@H=&:1",                                   
/                                                                              


Note: ig = -1. Setting random seed to   808530 based on wallclock time in 
      microseconds.
| irandom = 1, using AMBER's internal random number generator (default).
 
|--------------------- INFORMATION ----------------------
| GPU (CUDA) Version of PMEMD in use: NVIDIA GPU IN USE.
|                    Version 18.0.0
| 
|                      03/25/2018
| 
| Implementation by:
|                    Ross C. Walker     (SDSC)
|                    Scott Le Grand     (nVIDIA)
| 
| Version 18 performance extensions by:
|                    David Cerutti     (Rutgers)
| 
| Precision model in use:
|      [SPFP] - Single Precision Forces, 64-bit Fixed Point
|               Accumulation. (Default)
| 
|--------------------------------------------------------
 
|----------------- CITATION INFORMATION -----------------
|
|    When publishing work that utilized the CUDA version
|    of AMBER, please cite the following in addition to
|    the regular AMBER citations:
|
|  - Romelia Salomon-Ferrer; Andreas W. Goetz; Duncan
|    Poole; Scott Le Grand; Ross C. Walker "Routine
|    microsecond molecular dynamics simulations with
|    AMBER - Part II: Particle Mesh Ewald", J. Chem.
|    Theory Comput., 2013, 9 (9), pp3878-3888,
|    DOI: 10.1021/ct400314y.
|
|  - Andreas W. Goetz; Mark J. Williamson; Dong Xu;
|    Duncan Poole; Scott Le Grand; Ross C. Walker
|    "Routine microsecond molecular dynamics simulations
|    with AMBER - Part I: Generalized Born", J. Chem.
|    Theory Comput., 2012, 8 (5), pp1542-1555.
|
|  - Scott Le Grand; Andreas W. Goetz; Ross C. Walker
|    "SPFP: Speed without compromise - a mixed precision
|    model for GPU accelerated molecular dynamics
|    simulations.", Comp. Phys. Comm., 2013, 184
|    pp374-380, DOI: 10.1016/j.cpc.2012.09.022
|
|--------------------------------------------------------
 
|------------------- GPU DEVICE INFO --------------------
|
|            CUDA_VISIBLE_DEVICES: not set
|   CUDA Capable Devices Detected:      1
|           CUDA Device ID in use:      0
|                CUDA Device Name: NVIDIA GeForce RTX 3070 Laptop GPU
|     CUDA Device Global Mem Size:   8191 MB
| CUDA Device Num Multiprocessors:     40
|           CUDA Device Core Freq:   1.56 GHz
|
|--------------------------------------------------------
 
 
| Conditional Compilation Defines Used:
| PUBFFT
| BINTRAJ
| CUDA
| EMIL

| Largest sphere to fit in unit cell has radius =    17.630

| New format PARM file being parsed.
| Version =    1.000 Date = 09/01/23 Time = 17:28:38

| Note: 1-4 EEL scale factors are being read from the topology file.

| Note: 1-4 VDW scale factors are being read from the topology file.
| Duplicated    0 dihedrals

| Duplicated    0 dihedrals

--------------------------------------------------------------------------------
   1.  RESOURCE   USE: 
--------------------------------------------------------------------------------

 getting box info from netcdf restart file
 NATOM  =    6251 NTYPES =       7 NBONH =    4686 MBONA  =    1564
 NTHETH =      12 MTHETA =       6 NPHIH =      18 MPHIA  =       0
 NHPARM =       0 NPARM  =       0 NNB   =   10967 NRES   =    1565
 NBONA  =    1564 NTHETA =       6 NPHIA =       0 NUMBND =       9
 NUMANG =      10 NPTRA  =       1 NATYP =       9 NPHB   =       0
 IFBOX  =       1 NMXRS  =       4 IFCAP =       0 NEXTRA =    1560
 NCOPY  =       0

| Coordinate Index Table dimensions:     8    8    7
| Direct force subcell size =     4.5656    4.5511    5.0372

     BOX TYPE: RECTILINEAR

--------------------------------------------------------------------------------
   2.  CONTROL  DATA  FOR  THE  RUN
--------------------------------------------------------------------------------

default_name                                                                    

General flags:
     imin    =       1, nmropt  =       0

Nature and format of input:
     ntx     =       1, irest   =       0, ntrx    =       1

Nature and format of output:
     ntxo    =       2, ntpr    =      50, ntrx    =       1, ntwr    =       1
     iwrap   =       0, ntwx    =       0, ntwv    =       0, ntwe    =       0
     ioutfm  =       1, ntwprt  =       0, idecomp =       0, rbornstat=      0

Potential function:
     ntf     =       1, ntb     =       1, igb     =       0, nsnb    =      25
     ipol    =       0, gbsa    =       0, iesp    =       0
     dielc   =   1.00000, cut     =   8.00000, intdiel =   1.00000

Frozen or restrained atoms:
     ibelly  =       0, ntr     =       1
     restraint_wt = 200.00000

Energy minimization:
     maxcyc  =    1000, ncyc    =     500, ntmin   =       1
     dx0     =   0.01000, drms    =   0.00010

| Intermolecular bonds treatment:
|     no_intermolecular_bonds =       1

| Energy averages sample interval:
|     ene_avg_sampling =       1

Extra-points options:
     frameon =       1, chngmask=       1

Ewald parameters:
     verbose =       0, ew_type =       0, nbflag  =       1, use_pme =       1
     vdwmeth =       1, eedmeth =       1, netfrc  =       0
     Box X =   36.525   Box Y =   36.408   Box Z =   35.260
     Alpha =   90.000   Beta  =   90.000   Gamma =   90.000
     NFFT1 =   40       NFFT2 =   40       NFFT3 =   36
     Cutoff=    8.000   Tol   =0.100E-04
     Ewald Coefficient =  0.34864
     Interpolation order =    4

    LOADING THE CONSTRAINED ATOMS AS GROUPS


   5.  REFERENCE ATOM COORDINATES

  default_name                                                                    
     Mask !@H=&:1; matches     1 atoms
|      EXTRA_PTS, trim_bonds: num bonds BEFORE trim =  4686     0
|      EXTRA_PTS, trim_bonds: num bonds AFTER  trim =  4686     0
|      EXTRA_PTS, trim_bonds: num bonds BEFORE trim =  1564     0
|      EXTRA_PTS, trim_bonds: num bonds AFTER  trim =     4     0
|      EXTRA_PTS, trim_theta: num angle BEFORE trim =    12     0
|      EXTRA_PTS, trim_theta: num angle AFTER  trim =    12     0
|      EXTRA_PTS, trim_theta: num angle BEFORE trim =     6     0
|      EXTRA_PTS, trim_theta: num angle AFTER  trim =     6     0
|      EXTRA_PTS, trim_phi:  num diheds BEFORE trim =    18     0
|      EXTRA_PTS, trim_phi:  num diheds AFTER  trim =    18     0
|      EXTRA_PTS, trim_phi:  num diheds BEFORE trim =     0     0
|      EXTRA_PTS, trim_phi:  num diheds AFTER  trim =     0     0

--------------------------------------------------------------------------------
   3.  ATOMIC COORDINATES AND VELOCITIES
--------------------------------------------------------------------------------

default_name                                                                    
 begin time read from input coords =     0.000 ps

 
 Number of triangulated 3-point waters found:     1560

     Sum of charges from parm topology file =   0.00000756
     Forcing neutrality...

| Dynamic Memory, Types Used:
| Reals              294880
| Integers           295091

| Nonbonded Pairs Initial Allocation:     1044073

| GPU memory information (estimate):
| KB of GPU memory in use:     23067
| KB of CPU memory in use:     10467

--------------------------------------------------------------------------------
   4.  RESULTS
--------------------------------------------------------------------------------



   NSTEP       ENERGY          RMS            GMAX         NAME    NUMBER
      1      -2.8100E+04     1.5841E-01     1.0553E+01     PT          1

 BOND    =     5162.9507  ANGLE   =        0.7880  DIHED      =        0.0000
 VDWAALS =     5597.7383  EEL     =   -38649.0243  HBOND      =        0.0000
 1-4 VDW =       -0.1455  1-4 EEL =     -212.1394  RESTRAINT  =        0.0000


   NSTEP       ENERGY          RMS            GMAX         NAME    NUMBER
     50      -2.8101E+04     6.0061E-02     9.9070E-01     H1       5193

 BOND    =     5160.9903  ANGLE   =        0.7958  DIHED      =        0.0000
 VDWAALS =     5599.8875  EEL     =   -38650.5016  HBOND      =        0.0000
 1-4 VDW =       -0.1456  1-4 EEL =     -212.1923  RESTRAINT  =        0.0942
 EAMBER  =   -28101.1659


   NSTEP       ENERGY          RMS            GMAX         NAME    NUMBER
    100      -2.8101E+04     2.4500E-02     7.2543E-01     H2       3206

 BOND    =     5165.2016  ANGLE   =        0.7947  DIHED      =        0.0000
 VDWAALS =     5600.5702  EEL     =   -38655.5857  HBOND      =        0.0000
 1-4 VDW =       -0.1458  1-4 EEL =     -212.2511  RESTRAINT  =        0.1090
 EAMBER  =   -28101.4161


   NSTEP       ENERGY          RMS            GMAX         NAME    NUMBER
    150      -2.8101E+04     2.4495E-02     7.2516E-01     H2       3206

 BOND    =     5165.2027  ANGLE   =        0.7947  DIHED      =        0.0000
 VDWAALS =     5600.5732  EEL     =   -38655.5828  HBOND      =        0.0000
 1-4 VDW =       -0.1458  1-4 EEL =     -212.2513  RESTRAINT  =        0.1091
 EAMBER  =   -28101.4092


   NSTEP       ENERGY          RMS            GMAX         NAME    NUMBER
    200      -2.8101E+04     2.4490E-02     7.2488E-01     H2       3206

 BOND    =     5165.2038  ANGLE   =        0.7947  DIHED      =        0.0000
 VDWAALS =     5600.5758  EEL     =   -38655.5932  HBOND      =        0.0000
 1-4 VDW =       -0.1458  1-4 EEL =     -212.2515  RESTRAINT  =        0.1091
 EAMBER  =   -28101.4161


   NSTEP       ENERGY          RMS            GMAX         NAME    NUMBER
    250      -2.8101E+04     2.4487E-02     7.2458E-01     H2       3206

 BOND    =     5165.2051  ANGLE   =        0.7947  DIHED      =        0.0000
 VDWAALS =     5600.5788  EEL     =   -38655.5957  HBOND      =        0.0000
 1-4 VDW =       -0.1458  1-4 EEL =     -212.2517  RESTRAINT  =        0.1092
 EAMBER  =   -28101.4144


   NSTEP       ENERGY          RMS            GMAX         NAME    NUMBER
    300      -2.8101E+04     2.4482E-02     7.2432E-01     H2       3206

 BOND    =     5165.2062  ANGLE   =        0.7947  DIHED      =        0.0000
 VDWAALS =     5600.5820  EEL     =   -38655.5905  HBOND      =        0.0000
 1-4 VDW =       -0.1458  1-4 EEL =     -212.2518  RESTRAINT  =        0.1092
 EAMBER  =   -28101.4053


   NSTEP       ENERGY          RMS            GMAX         NAME    NUMBER
    350      -2.8101E+04     2.4477E-02     7.2402E-01     H2       3206

 BOND    =     5165.2074  ANGLE   =        0.7947  DIHED      =        0.0000
 VDWAALS =     5600.5850  EEL     =   -38655.6034  HBOND      =        0.0000
 1-4 VDW =       -0.1458  1-4 EEL =     -212.2520  RESTRAINT  =        0.1093
 EAMBER  =   -28101.4141


   NSTEP       ENERGY          RMS            GMAX         NAME    NUMBER
    400      -2.8101E+04     2.4472E-02     7.2381E-01     H2       3206

 BOND    =     5165.2083  ANGLE   =        0.7947  DIHED      =        0.0000
 VDWAALS =     5600.5875  EEL     =   -38655.5999  HBOND      =        0.0000
 1-4 VDW =       -0.1458  1-4 EEL =     -212.2521  RESTRAINT  =        0.1093
 EAMBER  =   -28101.4074


   NSTEP       ENERGY          RMS            GMAX         NAME    NUMBER
    450      -2.8101E+04     2.4468E-02     7.2358E-01     H2       3206

 BOND    =     5165.2092  ANGLE   =        0.7947  DIHED      =        0.0000
 VDWAALS =     5600.5899  EEL     =   -38655.6042  HBOND      =        0.0000
 1-4 VDW =       -0.1458  1-4 EEL =     -212.2523  RESTRAINT  =        0.1093
 EAMBER  =   -28101.4084


   NSTEP       ENERGY          RMS            GMAX         NAME    NUMBER
    500      -2.8101E+04     2.4463E-02     7.2335E-01     H2       3206

 BOND    =     5165.2102  ANGLE   =        0.7947  DIHED      =        0.0000
 VDWAALS =     5600.5927  EEL     =   -38655.6085  HBOND      =        0.0000
 1-4 VDW =       -0.1458  1-4 EEL =     -212.2524  RESTRAINT  =        0.1094
 EAMBER  =   -28101.4091


   NSTEP       ENERGY          RMS            GMAX         NAME    NUMBER
    550      -2.8104E+04     4.4162E-02     1.3629E+00     O        3204

 BOND    =     5171.3667  ANGLE   =        0.8169  DIHED      =        0.0000
 VDWAALS =     5615.2334  EEL     =   -38679.2881  HBOND      =        0.0000
 1-4 VDW =       -0.1461  1-4 EEL =     -212.3514  RESTRAINT  =        0.1697
 EAMBER  =   -28104.3685

     .... RESTARTED DUE TO LINMIN FAILURE ...


   NSTEP       ENERGY          RMS            GMAX         NAME    NUMBER
    600      -2.8104E+04     3.3479E-02     7.5047E-01     O         648

 BOND    =     5170.4302  ANGLE   =        0.8124  DIHED      =        0.0000
 VDWAALS =     5615.2600  EEL     =   -38678.4658  HBOND      =        0.0000
 1-4 VDW =       -0.1462  1-4 EEL =     -212.3990  RESTRAINT  =        0.1667
 EAMBER  =   -28104.5084

     .... RESTARTED DUE TO LINMIN FAILURE ...


   NSTEP       ENERGY          RMS            GMAX         NAME    NUMBER
    650      -2.8104E+04     3.2556E-02     7.2190E-01     O         648

 BOND    =     5170.4704  ANGLE   =        0.8124  DIHED      =        0.0000
 VDWAALS =     5615.2591  EEL     =   -38678.5058  HBOND      =        0.0000
 1-4 VDW =       -0.1462  1-4 EEL =     -212.3990  RESTRAINT  =        0.1667
 EAMBER  =   -28104.5091


   NSTEP       ENERGY          RMS            GMAX         NAME    NUMBER
    700      -2.8105E+04     8.7100E-02     3.7265E+00     O        3204

 BOND    =     5172.9167  ANGLE   =        0.7991  DIHED      =        0.0000
 VDWAALS =     5616.6742  EEL     =   -38683.2853  HBOND      =        0.0000
 1-4 VDW =       -0.1461  1-4 EEL =     -212.3565  RESTRAINT  =        0.1561
 EAMBER  =   -28105.3979


   NSTEP       ENERGY          RMS            GMAX         NAME    NUMBER
    750      -2.8105E+04     2.0419E-02     7.0610E-01     H2       3206

 BOND    =     5173.2633  ANGLE   =        0.7976  DIHED      =        0.0000
 VDWAALS =     5616.9581  EEL     =   -38684.1049  HBOND      =        0.0000
 1-4 VDW =       -0.1461  1-4 EEL =     -212.3547  RESTRAINT  =        0.1469
 EAMBER  =   -28105.5867


   NSTEP       ENERGY          RMS            GMAX         NAME    NUMBER
    800      -2.8106E+04     3.8300E-02     1.2326E+00     H1       3205

 BOND    =     5173.6523  ANGLE   =        0.7968  DIHED      =        0.0000
 VDWAALS =     5619.5690  EEL     =   -38687.6201  HBOND      =        0.0000
 1-4 VDW =       -0.1460  1-4 EEL =     -212.3368  RESTRAINT  =        0.1311
 EAMBER  =   -28106.0849


   NSTEP       ENERGY          RMS            GMAX         NAME    NUMBER
    850      -2.8106E+04     9.4878E-02     4.4031E+00     H2       3206

 BOND    =     5173.6879  ANGLE   =        0.8015  DIHED      =        0.0000
 VDWAALS =     5619.8701  EEL     =   -38688.1302  HBOND      =        0.0000
 1-4 VDW =       -0.1461  1-4 EEL =     -212.3611  RESTRAINT  =        0.1442
 EAMBER  =   -28106.2779

     .... RESTARTED DUE TO LINMIN FAILURE ...


   NSTEP       ENERGY          RMS            GMAX         NAME    NUMBER
    900      -2.8106E+04     1.9375E-02     6.2236E-01     O        5964

 BOND    =     5174.3176  ANGLE   =        0.8015  DIHED      =        0.0000
 VDWAALS =     5619.8693  EEL     =   -38688.8296  HBOND      =        0.0000
 1-4 VDW =       -0.1461  1-4 EEL =     -212.3616  RESTRAINT  =        0.1449
 EAMBER  =   -28106.3488

     .... RESTARTED DUE TO LINMIN FAILURE ...


   NSTEP       ENERGY          RMS            GMAX         NAME    NUMBER
    950      -2.8106E+04     1.9046E-02     6.2223E-01     O        5964

 BOND    =     5174.3185  ANGLE   =        0.8015  DIHED      =        0.0000
 VDWAALS =     5619.8697  EEL     =   -38688.8294  HBOND      =        0.0000
 1-4 VDW =       -0.1461  1-4 EEL =     -212.3616  RESTRAINT  =        0.1449
 EAMBER  =   -28106.3474

     .... RESTARTED DUE TO LINMIN FAILURE ...


                    FINAL RESULTS



   NSTEP       ENERGY          RMS            GMAX         NAME    NUMBER
    964      -2.8106E+04     1.8814E-02     6.2219E-01     O        5964

 BOND    =     5174.3192  ANGLE   =        0.8015  DIHED      =        0.0000
 VDWAALS =     5619.8699  EEL     =   -38688.8305  HBOND      =        0.0000
 1-4 VDW =       -0.1461  1-4 EEL =     -212.3616  RESTRAINT  =        0.1449
 EAMBER  =   -28106.3476

     ***** REPEATED LINMIN FAILURE *****
--------------------------------------------------------------------------------
   5.  TIMINGS
--------------------------------------------------------------------------------

|  NonSetup CPU Time in Major Routines:
|
|     Routine           Sec        %
|     ------------------------------
|     Nonbond           0.41   61.77
|     Bond              0.00    0.00
|     Angle             0.00    0.00
|     Dihedral          0.00    0.00
|     Shake             0.00    0.00
|     Other             0.26   38.23
|     ------------------------------
|     Total             0.67

|  PME Nonbond Pairlist CPU Time:
|
|     Routine              Sec        %
|     ---------------------------------
|     Set Up Cit           0.00    0.00
|     Build List           0.00    0.00
|     ---------------------------------
|     Total                0.00    0.00

|  PME Direct Force CPU Time:
|
|     Routine              Sec        %
|     ---------------------------------
|     NonBonded Calc       0.00    0.00
|     Exclude Masked       0.00    0.00
|     Other                0.00    0.12
|     ---------------------------------
|     Total                0.00    0.12

|  PME Reciprocal Force CPU Time:
|
|     Routine              Sec        %
|     ---------------------------------
|     1D bspline           0.00    0.00
|     Grid Charges         0.00    0.00
|     Scalar Sum           0.00    0.00
|     Gradient Sum         0.00    0.00
|     FFT                  0.00    0.00
|     ---------------------------------
|     Total                0.00    0.00

|  Setup CPU time:            0.87 seconds
|  NonSetup CPU time:         0.67 seconds
|  Total CPU time:            1.54 seconds     0.00 hours

|  Setup wall time:           0    seconds
|  NonSetup wall time:        1    seconds
|  Total wall time:           1    seconds     0.00 hours
