
          -------------------------------------------------------
          Amber 20 PMEMD                              2020
          -------------------------------------------------------

| PMEMD implementation of SANDER, Release 18

|  Compiled date/time: Sat Aug 20 11:06:42 2022
| Run on 09/01/2023 at 17:31:45

|   Executable path: pmemd.cuda
| Working directory: /home/rat/PYCONSOLV_DATA/v1/equilibration
|          Hostname: Unknown
  [-O]verwriting output

File Assignments:
|   MDIN: 10.in                                                                 
|  MDOUT: 10.out                                                                
| INPCRD: 09.rst7                                                               
|   PARM: LIG_solv.prmtop                                                       
| RESTRT: 10.rst7                                                               
|   REFC: 09.rst7                                                               
|  MDVEL: mdvel                                                                 
|   MDEN: mden                                                                  
|  MDCRD: mdcrd                                                                 
| MDINFO: mdinfo                                                                
|  MDFRC: mdfrc                                                                 


 Here is the input file:

minimization                                                                   
&cntrl                                                                         
	imin=1,ncyc=500,maxcyc=1000,ntr=1,cut=8.0,                                    
	restraint_wt=100.0,restraintmask="!@H=&:1",                                   
/                                                                              


Note: ig = -1. Setting random seed to    55400 based on wallclock time in 
      microseconds.
| irandom = 1, using AMBER's internal random number generator (default).
 
|--------------------- INFORMATION ----------------------
| GPU (CUDA) Version of PMEMD in use: NVIDIA GPU IN USE.
|                    Version 18.0.0
| 
|                      03/25/2018
| 
| Implementation by:
|                    Ross C. Walker     (SDSC)
|                    Scott Le Grand     (nVIDIA)
| 
| Version 18 performance extensions by:
|                    David Cerutti     (Rutgers)
| 
| Precision model in use:
|      [SPFP] - Single Precision Forces, 64-bit Fixed Point
|               Accumulation. (Default)
| 
|--------------------------------------------------------
 
|----------------- CITATION INFORMATION -----------------
|
|    When publishing work that utilized the CUDA version
|    of AMBER, please cite the following in addition to
|    the regular AMBER citations:
|
|  - Romelia Salomon-Ferrer; Andreas W. Goetz; Duncan
|    Poole; Scott Le Grand; Ross C. Walker "Routine
|    microsecond molecular dynamics simulations with
|    AMBER - Part II: Particle Mesh Ewald", J. Chem.
|    Theory Comput., 2013, 9 (9), pp3878-3888,
|    DOI: 10.1021/ct400314y.
|
|  - Andreas W. Goetz; Mark J. Williamson; Dong Xu;
|    Duncan Poole; Scott Le Grand; Ross C. Walker
|    "Routine microsecond molecular dynamics simulations
|    with AMBER - Part I: Generalized Born", J. Chem.
|    Theory Comput., 2012, 8 (5), pp1542-1555.
|
|  - Scott Le Grand; Andreas W. Goetz; Ross C. Walker
|    "SPFP: Speed without compromise - a mixed precision
|    model for GPU accelerated molecular dynamics
|    simulations.", Comp. Phys. Comm., 2013, 184
|    pp374-380, DOI: 10.1016/j.cpc.2012.09.022
|
|--------------------------------------------------------
 
|------------------- GPU DEVICE INFO --------------------
|
|            CUDA_VISIBLE_DEVICES: not set
|   CUDA Capable Devices Detected:      1
|           CUDA Device ID in use:      0
|                CUDA Device Name: NVIDIA GeForce RTX 3070 Laptop GPU
|     CUDA Device Global Mem Size:   8191 MB
| CUDA Device Num Multiprocessors:     40
|           CUDA Device Core Freq:   1.56 GHz
|
|--------------------------------------------------------
 
 
| Conditional Compilation Defines Used:
| PUBFFT
| BINTRAJ
| CUDA
| EMIL

| Largest sphere to fit in unit cell has radius =    17.630

| New format PARM file being parsed.
| Version =    1.000 Date = 09/01/23 Time = 17:28:38

| Note: 1-4 EEL scale factors are being read from the topology file.

| Note: 1-4 VDW scale factors are being read from the topology file.
| Duplicated    0 dihedrals

| Duplicated    0 dihedrals

--------------------------------------------------------------------------------
   1.  RESOURCE   USE: 
--------------------------------------------------------------------------------

 getting box info from netcdf restart file
 NATOM  =    6251 NTYPES =       7 NBONH =    4686 MBONA  =    1564
 NTHETH =      12 MTHETA =       6 NPHIH =      18 MPHIA  =       0
 NHPARM =       0 NPARM  =       0 NNB   =   10967 NRES   =    1565
 NBONA  =    1564 NTHETA =       6 NPHIA =       0 NUMBND =       9
 NUMANG =      10 NPTRA  =       1 NATYP =       9 NPHB   =       0
 IFBOX  =       1 NMXRS  =       4 IFCAP =       0 NEXTRA =    1560
 NCOPY  =       0

| Coordinate Index Table dimensions:     8    8    7
| Direct force subcell size =     4.5656    4.5511    5.0372

     BOX TYPE: RECTILINEAR

--------------------------------------------------------------------------------
   2.  CONTROL  DATA  FOR  THE  RUN
--------------------------------------------------------------------------------

default_name                                                                    

General flags:
     imin    =       1, nmropt  =       0

Nature and format of input:
     ntx     =       1, irest   =       0, ntrx    =       1

Nature and format of output:
     ntxo    =       2, ntpr    =      50, ntrx    =       1, ntwr    =       1
     iwrap   =       0, ntwx    =       0, ntwv    =       0, ntwe    =       0
     ioutfm  =       1, ntwprt  =       0, idecomp =       0, rbornstat=      0

Potential function:
     ntf     =       1, ntb     =       1, igb     =       0, nsnb    =      25
     ipol    =       0, gbsa    =       0, iesp    =       0
     dielc   =   1.00000, cut     =   8.00000, intdiel =   1.00000

Frozen or restrained atoms:
     ibelly  =       0, ntr     =       1
     restraint_wt = 100.00000

Energy minimization:
     maxcyc  =    1000, ncyc    =     500, ntmin   =       1
     dx0     =   0.01000, drms    =   0.00010

| Intermolecular bonds treatment:
|     no_intermolecular_bonds =       1

| Energy averages sample interval:
|     ene_avg_sampling =       1

Extra-points options:
     frameon =       1, chngmask=       1

Ewald parameters:
     verbose =       0, ew_type =       0, nbflag  =       1, use_pme =       1
     vdwmeth =       1, eedmeth =       1, netfrc  =       0
     Box X =   36.525   Box Y =   36.408   Box Z =   35.260
     Alpha =   90.000   Beta  =   90.000   Gamma =   90.000
     NFFT1 =   40       NFFT2 =   40       NFFT3 =   36
     Cutoff=    8.000   Tol   =0.100E-04
     Ewald Coefficient =  0.34864
     Interpolation order =    4

    LOADING THE CONSTRAINED ATOMS AS GROUPS


   5.  REFERENCE ATOM COORDINATES

  default_name                                                                    
     Mask !@H=&:1; matches     1 atoms
|      EXTRA_PTS, trim_bonds: num bonds BEFORE trim =  4686     0
|      EXTRA_PTS, trim_bonds: num bonds AFTER  trim =  4686     0
|      EXTRA_PTS, trim_bonds: num bonds BEFORE trim =  1564     0
|      EXTRA_PTS, trim_bonds: num bonds AFTER  trim =     4     0
|      EXTRA_PTS, trim_theta: num angle BEFORE trim =    12     0
|      EXTRA_PTS, trim_theta: num angle AFTER  trim =    12     0
|      EXTRA_PTS, trim_theta: num angle BEFORE trim =     6     0
|      EXTRA_PTS, trim_theta: num angle AFTER  trim =     6     0
|      EXTRA_PTS, trim_phi:  num diheds BEFORE trim =    18     0
|      EXTRA_PTS, trim_phi:  num diheds AFTER  trim =    18     0
|      EXTRA_PTS, trim_phi:  num diheds BEFORE trim =     0     0
|      EXTRA_PTS, trim_phi:  num diheds AFTER  trim =     0     0

--------------------------------------------------------------------------------
   3.  ATOMIC COORDINATES AND VELOCITIES
--------------------------------------------------------------------------------

default_name                                                                    
 begin time read from input coords =     0.000 ps

 
 Number of triangulated 3-point waters found:     1560

     Sum of charges from parm topology file =   0.00000756
     Forcing neutrality...

| Dynamic Memory, Types Used:
| Reals              294880
| Integers           295091

| Nonbonded Pairs Initial Allocation:     1044073

| GPU memory information (estimate):
| KB of GPU memory in use:     23067
| KB of CPU memory in use:     10467

--------------------------------------------------------------------------------
   4.  RESULTS
--------------------------------------------------------------------------------



   NSTEP       ENERGY          RMS            GMAX         NAME    NUMBER
      1      -2.8106E+04     8.0939E-02     9.7316E+00     PT          1

 BOND    =     5174.3192  ANGLE   =        0.8015  DIHED      =        0.0000
 VDWAALS =     5619.8699  EEL     =   -38688.8303  HBOND      =        0.0000
 1-4 VDW =       -0.1461  1-4 EEL =     -212.3616  RESTRAINT  =        0.0000


   NSTEP       ENERGY          RMS            GMAX         NAME    NUMBER
     50      -2.8107E+04     1.8110E-02     6.5342E-01     O        5964

 BOND    =     5174.4656  ANGLE   =        0.7827  DIHED      =        0.0000
 VDWAALS =     5619.8449  EEL     =   -38689.6271  HBOND      =        0.0000
 1-4 VDW =       -0.1452  1-4 EEL =     -212.0662  RESTRAINT  =        0.0739
 EAMBER  =   -28106.7453


   NSTEP       ENERGY          RMS            GMAX         NAME    NUMBER
    100      -2.8107E+04     1.8091E-02     6.5357E-01     O        5964

 BOND    =     5174.4666  ANGLE   =        0.7827  DIHED      =        0.0000
 VDWAALS =     5619.8457  EEL     =   -38689.6423  HBOND      =        0.0000
 1-4 VDW =       -0.1452  1-4 EEL =     -212.0665  RESTRAINT  =        0.0742
 EAMBER  =   -28106.7589


   NSTEP       ENERGY          RMS            GMAX         NAME    NUMBER
    150      -2.8107E+04     1.8080E-02     6.5374E-01     O        5964

 BOND    =     5174.4673  ANGLE   =        0.7827  DIHED      =        0.0000
 VDWAALS =     5619.8461  EEL     =   -38689.6429  HBOND      =        0.0000
 1-4 VDW =       -0.1452  1-4 EEL =     -212.0667  RESTRAINT  =        0.0744
 EAMBER  =   -28106.7588


   NSTEP       ENERGY          RMS            GMAX         NAME    NUMBER
    200      -2.8107E+04     1.8071E-02     6.5381E-01     O        5964

 BOND    =     5174.4679  ANGLE   =        0.7827  DIHED      =        0.0000
 VDWAALS =     5619.8461  EEL     =   -38689.6386  HBOND      =        0.0000
 1-4 VDW =       -0.1452  1-4 EEL =     -212.0669  RESTRAINT  =        0.0746
 EAMBER  =   -28106.7540


   NSTEP       ENERGY          RMS            GMAX         NAME    NUMBER
    250      -2.8107E+04     1.8060E-02     6.5402E-01     O        5964

 BOND    =     5174.4685  ANGLE   =        0.7827  DIHED      =        0.0000
 VDWAALS =     5619.8464  EEL     =   -38689.6363  HBOND      =        0.0000
 1-4 VDW =       -0.1452  1-4 EEL =     -212.0671  RESTRAINT  =        0.0748
 EAMBER  =   -28106.7509


   NSTEP       ENERGY          RMS            GMAX         NAME    NUMBER
    300      -2.8107E+04     1.8053E-02     6.5399E-01     O        5964

 BOND    =     5174.4690  ANGLE   =        0.7827  DIHED      =        0.0000
 VDWAALS =     5619.8470  EEL     =   -38689.6470  HBOND      =        0.0000
 1-4 VDW =       -0.1452  1-4 EEL =     -212.0672  RESTRAINT  =        0.0749
 EAMBER  =   -28106.7607


   NSTEP       ENERGY          RMS            GMAX         NAME    NUMBER
    350      -2.8107E+04     1.8045E-02     6.5413E-01     O        5964

 BOND    =     5174.4694  ANGLE   =        0.7827  DIHED      =        0.0000
 VDWAALS =     5619.8470  EEL     =   -38689.6358  HBOND      =        0.0000
 1-4 VDW =       -0.1452  1-4 EEL =     -212.0674  RESTRAINT  =        0.0751
 EAMBER  =   -28106.7492


   NSTEP       ENERGY          RMS            GMAX         NAME    NUMBER
    400      -2.8107E+04     1.8036E-02     6.5419E-01     O        5964

 BOND    =     5174.4699  ANGLE   =        0.7827  DIHED      =        0.0000
 VDWAALS =     5619.8470  EEL     =   -38689.6465  HBOND      =        0.0000
 1-4 VDW =       -0.1452  1-4 EEL =     -212.0675  RESTRAINT  =        0.0752
 EAMBER  =   -28106.7596


   NSTEP       ENERGY          RMS            GMAX         NAME    NUMBER
    450      -2.8107E+04     1.8029E-02     6.5435E-01     O        5964

 BOND    =     5174.4705  ANGLE   =        0.7827  DIHED      =        0.0000
 VDWAALS =     5619.8474  EEL     =   -38689.6440  HBOND      =        0.0000
 1-4 VDW =       -0.1452  1-4 EEL =     -212.0677  RESTRAINT  =        0.0754
 EAMBER  =   -28106.7564


   NSTEP       ENERGY          RMS            GMAX         NAME    NUMBER
    500      -2.8107E+04     1.8020E-02     6.5458E-01     O        5964

 BOND    =     5174.4711  ANGLE   =        0.7827  DIHED      =        0.0000
 VDWAALS =     5619.8477  EEL     =   -38689.6468  HBOND      =        0.0000
 1-4 VDW =       -0.1452  1-4 EEL =     -212.0679  RESTRAINT  =        0.0756
 EAMBER  =   -28106.7584


   NSTEP       ENERGY          RMS            GMAX         NAME    NUMBER
    550      -2.8110E+04     1.1951E-01     2.3838E+00     H2       6246

 BOND    =     5174.4669  ANGLE   =        0.8371  DIHED      =        0.0000
 VDWAALS =     5628.5208  EEL     =   -38702.3399  HBOND      =        0.0000
 1-4 VDW =       -0.1456  1-4 EEL =     -212.1514  RESTRAINT  =        0.3397
 EAMBER  =   -28110.8120


   NSTEP       ENERGY          RMS            GMAX         NAME    NUMBER
    600      -2.8114E+04     1.0040E-01     5.0965E+00     N5          6

 BOND    =     5176.1853  ANGLE   =        0.9330  DIHED      =        0.0000
 VDWAALS =     5628.4884  EEL     =   -38707.7627  HBOND      =        0.0000
 1-4 VDW =       -0.1444  1-4 EEL =     -211.7949  RESTRAINT  =        0.3000
 EAMBER  =   -28114.0952

     .... RESTARTED DUE TO LINMIN FAILURE ...


   NSTEP       ENERGY          RMS            GMAX         NAME    NUMBER
    650      -2.8114E+04     7.9392E-02     2.3995E+00     PT          1

 BOND    =     5179.1092  ANGLE   =        0.8123  DIHED      =        0.0000
 VDWAALS =     5630.1527  EEL     =   -38712.3397  HBOND      =        0.0000
 1-4 VDW =       -0.1451  1-4 EEL =     -212.0321  RESTRAINT  =        0.2293
 EAMBER  =   -28114.4427


   NSTEP       ENERGY          RMS            GMAX         NAME    NUMBER
    700      -2.8115E+04     3.1986E-02     8.8119E-01     O        6244

 BOND    =     5182.3186  ANGLE   =        0.7935  DIHED      =        0.0000
 VDWAALS =     5631.1879  EEL     =   -38716.6438  HBOND      =        0.0000
 1-4 VDW =       -0.1458  1-4 EEL =     -212.2549  RESTRAINT  =        0.2173
 EAMBER  =   -28114.7444


   NSTEP       ENERGY          RMS            GMAX         NAME    NUMBER
    750      -2.8115E+04     3.1118E-02     1.9980E+00     PT          1

 BOND    =     5182.5310  ANGLE   =        0.7959  DIHED      =        0.0000
 VDWAALS =     5632.7193  EEL     =   -38718.5345  HBOND      =        0.0000
 1-4 VDW =       -0.1460  1-4 EEL =     -212.3111  RESTRAINT  =        0.2355
 EAMBER  =   -28114.9454


   NSTEP       ENERGY          RMS            GMAX         NAME    NUMBER
    800      -2.8115E+04     6.2126E-02     2.0521E+00     H2       5966

 BOND    =     5182.6977  ANGLE   =        0.7901  DIHED      =        0.0000
 VDWAALS =     5632.8938  EEL     =   -38718.8868  HBOND      =        0.0000
 1-4 VDW =       -0.1460  1-4 EEL =     -212.3279  RESTRAINT  =        0.2184
 EAMBER  =   -28114.9791


   NSTEP       ENERGY          RMS            GMAX         NAME    NUMBER
    850      -2.8116E+04     1.1670E-01     3.3779E+00     O         688

 BOND    =     5187.8710  ANGLE   =        0.8267  DIHED      =        0.0000
 VDWAALS =     5644.7731  EEL     =   -38737.4463  HBOND      =        0.0000
 1-4 VDW =       -0.1458  1-4 EEL =     -212.2764  RESTRAINT  =        0.3068
 EAMBER  =   -28116.3977


   NSTEP       ENERGY          RMS            GMAX         NAME    NUMBER
    900      -2.8117E+04     7.6821E-02     2.8512E+00     H1       4213

 BOND    =     5188.3287  ANGLE   =        0.7683  DIHED      =        0.0000
 VDWAALS =     5647.6846  EEL     =   -38741.1265  HBOND      =        0.0000
 1-4 VDW =       -0.1465  1-4 EEL =     -212.4760  RESTRAINT  =        0.2247
 EAMBER  =   -28116.9674


   NSTEP       ENERGY          RMS            GMAX         NAME    NUMBER
    950      -2.8117E+04     2.9318E-02     2.0908E+00     PT          1

 BOND    =     5189.5362  ANGLE   =        0.7831  DIHED      =        0.0000
 VDWAALS =     5648.1151  EEL     =   -38743.2138  HBOND      =        0.0000
 1-4 VDW =       -0.1463  1-4 EEL =     -212.4088  RESTRAINT  =        0.2556
 EAMBER  =   -28117.3345


   NSTEP       ENERGY          RMS            GMAX         NAME    NUMBER
   1000      -2.8119E+04     1.3814E-01     3.8468E+00     H1       2229

 BOND    =     5191.6971  ANGLE   =        0.7605  DIHED      =        0.0000
 VDWAALS =     5657.1620  EEL     =   -38756.1259  HBOND      =        0.0000
 1-4 VDW =       -0.1467  1-4 EEL =     -212.5251  RESTRAINT  =        0.2794
 EAMBER  =   -28119.1783


  Maximum number of minimization cycles reached.


                    FINAL RESULTS



   NSTEP       ENERGY          RMS            GMAX         NAME    NUMBER
   1000      -2.8119E+04     1.3814E-01     3.8468E+00     H1       2229

 BOND    =     5191.6971  ANGLE   =        0.7605  DIHED      =        0.0000
 VDWAALS =     5657.1620  EEL     =   -38756.1259  HBOND      =        0.0000
 1-4 VDW =       -0.1467  1-4 EEL =     -212.5251  RESTRAINT  =        0.2794
 EAMBER  =   -28119.1783
--------------------------------------------------------------------------------
   5.  TIMINGS
--------------------------------------------------------------------------------

|  NonSetup CPU Time in Major Routines:
|
|     Routine           Sec        %
|     ------------------------------
|     Nonbond           0.44   61.37
|     Bond              0.00    0.00
|     Angle             0.00    0.00
|     Dihedral          0.00    0.00
|     Shake             0.00    0.00
|     Other             0.28   38.63
|     ------------------------------
|     Total             0.71

|  PME Nonbond Pairlist CPU Time:
|
|     Routine              Sec        %
|     ---------------------------------
|     Set Up Cit           0.00    0.00
|     Build List           0.00    0.00
|     ---------------------------------
|     Total                0.00    0.00

|  PME Direct Force CPU Time:
|
|     Routine              Sec        %
|     ---------------------------------
|     NonBonded Calc       0.00    0.00
|     Exclude Masked       0.00    0.00
|     Other                0.00    0.12
|     ---------------------------------
|     Total                0.00    0.12

|  PME Reciprocal Force CPU Time:
|
|     Routine              Sec        %
|     ---------------------------------
|     1D bspline           0.00    0.00
|     Grid Charges         0.00    0.00
|     Scalar Sum           0.00    0.00
|     Gradient Sum         0.00    0.00
|     FFT                  0.00    0.00
|     ---------------------------------
|     Total                0.00    0.00

|  Setup CPU time:            0.99 seconds
|  NonSetup CPU time:         0.71 seconds
|  Total CPU time:            1.70 seconds     0.00 hours

|  Setup wall time:           1    seconds
|  NonSetup wall time:        0    seconds
|  Total wall time:           1    seconds     0.00 hours
