
          -------------------------------------------------------
          Amber 20 PMEMD                              2020
          -------------------------------------------------------

| PMEMD implementation of SANDER, Release 18

|  Compiled date/time: Sat Aug 20 11:06:42 2022
| Run on 09/01/2023 at 17:31:46

|   Executable path: pmemd.cuda
| Working directory: /home/rat/PYCONSOLV_DATA/v1/equilibration
|          Hostname: Unknown
  [-O]verwriting output

File Assignments:
|   MDIN: 11.in                                                                 
|  MDOUT: 11.out                                                                
| INPCRD: 10.rst7                                                               
|   PARM: LIG_solv.prmtop                                                       
| RESTRT: 11.rst7                                                               
|   REFC: 10.rst7                                                               
|  MDVEL: mdvel                                                                 
|   MDEN: mden                                                                  
|  MDCRD: mdcrd                                                                 
| MDINFO: mdinfo                                                                
|  MDFRC: mdfrc                                                                 


 Here is the input file:

minimization                                                                   
&cntrl                                                                         
	imin=1,ncyc=500,maxcyc=1000,ntr=1,cut=8.0,                                    
	restraint_wt=50.0,restraintmask="!@H=&:1",                                    
/                                                                              


Note: ig = -1. Setting random seed to   303220 based on wallclock time in 
      microseconds.
| irandom = 1, using AMBER's internal random number generator (default).
 
|--------------------- INFORMATION ----------------------
| GPU (CUDA) Version of PMEMD in use: NVIDIA GPU IN USE.
|                    Version 18.0.0
| 
|                      03/25/2018
| 
| Implementation by:
|                    Ross C. Walker     (SDSC)
|                    Scott Le Grand     (nVIDIA)
| 
| Version 18 performance extensions by:
|                    David Cerutti     (Rutgers)
| 
| Precision model in use:
|      [SPFP] - Single Precision Forces, 64-bit Fixed Point
|               Accumulation. (Default)
| 
|--------------------------------------------------------
 
|----------------- CITATION INFORMATION -----------------
|
|    When publishing work that utilized the CUDA version
|    of AMBER, please cite the following in addition to
|    the regular AMBER citations:
|
|  - Romelia Salomon-Ferrer; Andreas W. Goetz; Duncan
|    Poole; Scott Le Grand; Ross C. Walker "Routine
|    microsecond molecular dynamics simulations with
|    AMBER - Part II: Particle Mesh Ewald", J. Chem.
|    Theory Comput., 2013, 9 (9), pp3878-3888,
|    DOI: 10.1021/ct400314y.
|
|  - Andreas W. Goetz; Mark J. Williamson; Dong Xu;
|    Duncan Poole; Scott Le Grand; Ross C. Walker
|    "Routine microsecond molecular dynamics simulations
|    with AMBER - Part I: Generalized Born", J. Chem.
|    Theory Comput., 2012, 8 (5), pp1542-1555.
|
|  - Scott Le Grand; Andreas W. Goetz; Ross C. Walker
|    "SPFP: Speed without compromise - a mixed precision
|    model for GPU accelerated molecular dynamics
|    simulations.", Comp. Phys. Comm., 2013, 184
|    pp374-380, DOI: 10.1016/j.cpc.2012.09.022
|
|--------------------------------------------------------
 
|------------------- GPU DEVICE INFO --------------------
|
|            CUDA_VISIBLE_DEVICES: not set
|   CUDA Capable Devices Detected:      1
|           CUDA Device ID in use:      0
|                CUDA Device Name: NVIDIA GeForce RTX 3070 Laptop GPU
|     CUDA Device Global Mem Size:   8191 MB
| CUDA Device Num Multiprocessors:     40
|           CUDA Device Core Freq:   1.56 GHz
|
|--------------------------------------------------------
 
 
| Conditional Compilation Defines Used:
| PUBFFT
| BINTRAJ
| CUDA
| EMIL

| Largest sphere to fit in unit cell has radius =    17.630

| New format PARM file being parsed.
| Version =    1.000 Date = 09/01/23 Time = 17:28:38

| Note: 1-4 EEL scale factors are being read from the topology file.

| Note: 1-4 VDW scale factors are being read from the topology file.
| Duplicated    0 dihedrals

| Duplicated    0 dihedrals

--------------------------------------------------------------------------------
   1.  RESOURCE   USE: 
--------------------------------------------------------------------------------

 getting box info from netcdf restart file
 NATOM  =    6251 NTYPES =       7 NBONH =    4686 MBONA  =    1564
 NTHETH =      12 MTHETA =       6 NPHIH =      18 MPHIA  =       0
 NHPARM =       0 NPARM  =       0 NNB   =   10967 NRES   =    1565
 NBONA  =    1564 NTHETA =       6 NPHIA =       0 NUMBND =       9
 NUMANG =      10 NPTRA  =       1 NATYP =       9 NPHB   =       0
 IFBOX  =       1 NMXRS  =       4 IFCAP =       0 NEXTRA =    1560
 NCOPY  =       0

| Coordinate Index Table dimensions:     8    8    7
| Direct force subcell size =     4.5656    4.5511    5.0372

     BOX TYPE: RECTILINEAR

--------------------------------------------------------------------------------
   2.  CONTROL  DATA  FOR  THE  RUN
--------------------------------------------------------------------------------

default_name                                                                    

General flags:
     imin    =       1, nmropt  =       0

Nature and format of input:
     ntx     =       1, irest   =       0, ntrx    =       1

Nature and format of output:
     ntxo    =       2, ntpr    =      50, ntrx    =       1, ntwr    =       1
     iwrap   =       0, ntwx    =       0, ntwv    =       0, ntwe    =       0
     ioutfm  =       1, ntwprt  =       0, idecomp =       0, rbornstat=      0

Potential function:
     ntf     =       1, ntb     =       1, igb     =       0, nsnb    =      25
     ipol    =       0, gbsa    =       0, iesp    =       0
     dielc   =   1.00000, cut     =   8.00000, intdiel =   1.00000

Frozen or restrained atoms:
     ibelly  =       0, ntr     =       1
     restraint_wt =  50.00000

Energy minimization:
     maxcyc  =    1000, ncyc    =     500, ntmin   =       1
     dx0     =   0.01000, drms    =   0.00010

| Intermolecular bonds treatment:
|     no_intermolecular_bonds =       1

| Energy averages sample interval:
|     ene_avg_sampling =       1

Extra-points options:
     frameon =       1, chngmask=       1

Ewald parameters:
     verbose =       0, ew_type =       0, nbflag  =       1, use_pme =       1
     vdwmeth =       1, eedmeth =       1, netfrc  =       0
     Box X =   36.525   Box Y =   36.408   Box Z =   35.260
     Alpha =   90.000   Beta  =   90.000   Gamma =   90.000
     NFFT1 =   40       NFFT2 =   40       NFFT3 =   36
     Cutoff=    8.000   Tol   =0.100E-04
     Ewald Coefficient =  0.34864
     Interpolation order =    4

    LOADING THE CONSTRAINED ATOMS AS GROUPS


   5.  REFERENCE ATOM COORDINATES

  default_name                                                                    
     Mask !@H=&:1; matches     1 atoms
|      EXTRA_PTS, trim_bonds: num bonds BEFORE trim =  4686     0
|      EXTRA_PTS, trim_bonds: num bonds AFTER  trim =  4686     0
|      EXTRA_PTS, trim_bonds: num bonds BEFORE trim =  1564     0
|      EXTRA_PTS, trim_bonds: num bonds AFTER  trim =     4     0
|      EXTRA_PTS, trim_theta: num angle BEFORE trim =    12     0
|      EXTRA_PTS, trim_theta: num angle AFTER  trim =    12     0
|      EXTRA_PTS, trim_theta: num angle BEFORE trim =     6     0
|      EXTRA_PTS, trim_theta: num angle AFTER  trim =     6     0
|      EXTRA_PTS, trim_phi:  num diheds BEFORE trim =    18     0
|      EXTRA_PTS, trim_phi:  num diheds AFTER  trim =    18     0
|      EXTRA_PTS, trim_phi:  num diheds BEFORE trim =     0     0
|      EXTRA_PTS, trim_phi:  num diheds AFTER  trim =     0     0

--------------------------------------------------------------------------------
   3.  ATOMIC COORDINATES AND VELOCITIES
--------------------------------------------------------------------------------

default_name                                                                    
 begin time read from input coords =     0.000 ps

 
 Number of triangulated 3-point waters found:     1560

     Sum of charges from parm topology file =   0.00000756
     Forcing neutrality...

| Dynamic Memory, Types Used:
| Reals              294880
| Integers           295091

| Nonbonded Pairs Initial Allocation:     1044073

| GPU memory information (estimate):
| KB of GPU memory in use:     23067
| KB of CPU memory in use:     10467

--------------------------------------------------------------------------------
   4.  RESULTS
--------------------------------------------------------------------------------



   NSTEP       ENERGY          RMS            GMAX         NAME    NUMBER
      1      -2.8119E+04     1.5516E-01     9.0622E+00     PT          1

 BOND    =     5191.6971  ANGLE   =        0.7605  DIHED      =        0.0000
 VDWAALS =     5657.1620  EEL     =   -38756.1261  HBOND      =        0.0000
 1-4 VDW =       -0.1467  1-4 EEL =     -212.5251  RESTRAINT  =        0.0000


   NSTEP       ENERGY          RMS            GMAX         NAME    NUMBER
     50      -2.8120E+04     1.9824E-02     7.8602E-01     H2       4606

 BOND    =     5193.8971  ANGLE   =        0.7473  DIHED      =        0.0000
 VDWAALS =     5657.2143  EEL     =   -38759.2982  HBOND      =        0.0000
 1-4 VDW =       -0.1455  1-4 EEL =     -212.1653  RESTRAINT  =        0.0557
 EAMBER  =   -28119.7502


   NSTEP       ENERGY          RMS            GMAX         NAME    NUMBER
    100      -2.8120E+04     1.9626E-02     7.8414E-01     H2       4606

 BOND    =     5193.9092  ANGLE   =        0.7471  DIHED      =        0.0000
 VDWAALS =     5657.2288  EEL     =   -38759.3253  HBOND      =        0.0000
 1-4 VDW =       -0.1455  1-4 EEL =     -212.1670  RESTRAINT  =        0.0584
 EAMBER  =   -28119.7527


   NSTEP       ENERGY          RMS            GMAX         NAME    NUMBER
    150      -2.8120E+04     1.9614E-02     7.8409E-01     H2       4606

 BOND    =     5193.9098  ANGLE   =        0.7471  DIHED      =        0.0000
 VDWAALS =     5657.2296  EEL     =   -38759.3363  HBOND      =        0.0000
 1-4 VDW =       -0.1455  1-4 EEL =     -212.1671  RESTRAINT  =        0.0585
 EAMBER  =   -28119.7624


   NSTEP       ENERGY          RMS            GMAX         NAME    NUMBER
    200      -2.8120E+04     1.9605E-02     7.8396E-01     H2       4606

 BOND    =     5193.9103  ANGLE   =        0.7471  DIHED      =        0.0000
 VDWAALS =     5657.2304  EEL     =   -38759.3454  HBOND      =        0.0000
 1-4 VDW =       -0.1455  1-4 EEL =     -212.1672  RESTRAINT  =        0.0587
 EAMBER  =   -28119.7702


   NSTEP       ENERGY          RMS            GMAX         NAME    NUMBER
    250      -2.8120E+04     1.9597E-02     7.8385E-01     H2       4606

 BOND    =     5193.9109  ANGLE   =        0.7471  DIHED      =        0.0000
 VDWAALS =     5657.2308  EEL     =   -38759.3406  HBOND      =        0.0000
 1-4 VDW =       -0.1455  1-4 EEL =     -212.1673  RESTRAINT  =        0.0588
 EAMBER  =   -28119.7646


   NSTEP       ENERGY          RMS            GMAX         NAME    NUMBER
    300      -2.8120E+04     1.9589E-02     7.8381E-01     H2       4606

 BOND    =     5193.9114  ANGLE   =        0.7471  DIHED      =        0.0000
 VDWAALS =     5657.2317  EEL     =   -38759.3360  HBOND      =        0.0000
 1-4 VDW =       -0.1455  1-4 EEL =     -212.1674  RESTRAINT  =        0.0589
 EAMBER  =   -28119.7587


   NSTEP       ENERGY          RMS            GMAX         NAME    NUMBER
    350      -2.8120E+04     1.9581E-02     7.8370E-01     H2       4606

 BOND    =     5193.9119  ANGLE   =        0.7471  DIHED      =        0.0000
 VDWAALS =     5657.2323  EEL     =   -38759.3368  HBOND      =        0.0000
 1-4 VDW =       -0.1455  1-4 EEL =     -212.1675  RESTRAINT  =        0.0590
 EAMBER  =   -28119.7585


   NSTEP       ENERGY          RMS            GMAX         NAME    NUMBER
    400      -2.8120E+04     1.9571E-02     7.8359E-01     H2       4606

 BOND    =     5193.9125  ANGLE   =        0.7471  DIHED      =        0.0000
 VDWAALS =     5657.2333  EEL     =   -38759.3450  HBOND      =        0.0000
 1-4 VDW =       -0.1455  1-4 EEL =     -212.1676  RESTRAINT  =        0.0591
 EAMBER  =   -28119.7652


   NSTEP       ENERGY          RMS            GMAX         NAME    NUMBER
    450      -2.8120E+04     1.9562E-02     7.8350E-01     H2       4606

 BOND    =     5193.9131  ANGLE   =        0.7471  DIHED      =        0.0000
 VDWAALS =     5657.2336  EEL     =   -38759.3453  HBOND      =        0.0000
 1-4 VDW =       -0.1455  1-4 EEL =     -212.1677  RESTRAINT  =        0.0593
 EAMBER  =   -28119.7647


   NSTEP       ENERGY          RMS            GMAX         NAME    NUMBER
    500      -2.8120E+04     1.9553E-02     7.8340E-01     H2       4606

 BOND    =     5193.9137  ANGLE   =        0.7471  DIHED      =        0.0000
 VDWAALS =     5657.2344  EEL     =   -38759.3496  HBOND      =        0.0000
 1-4 VDW =       -0.1455  1-4 EEL =     -212.1678  RESTRAINT  =        0.0594
 EAMBER  =   -28119.7678

     .... RESTARTED DUE TO LINMIN FAILURE ...


   NSTEP       ENERGY          RMS            GMAX         NAME    NUMBER
    550      -2.8121E+04     2.4400E-02     8.6059E-01     O        4604

 BOND    =     5195.5637  ANGLE   =        0.7805  DIHED      =        0.0000
 VDWAALS =     5659.8340  EEL     =   -38764.3224  HBOND      =        0.0000
 1-4 VDW =       -0.1471  1-4 EEL =     -212.6689  RESTRAINT  =        0.3297
 EAMBER  =   -28120.9601


   NSTEP       ENERGY          RMS            GMAX         NAME    NUMBER
    600      -2.8121E+04     2.2732E-02     7.1894E-01     O        5692

 BOND    =     5195.6591  ANGLE   =        0.7752  DIHED      =        0.0000
 VDWAALS =     5661.0134  EEL     =   -38766.1138  HBOND      =        0.0000
 1-4 VDW =       -0.1460  1-4 EEL =     -212.3186  RESTRAINT  =        0.3022
 EAMBER  =   -28121.1308


   NSTEP       ENERGY          RMS            GMAX         NAME    NUMBER
    650      -2.8121E+04     8.6229E-02     2.6699E+00     H2       2866

 BOND    =     5197.2112  ANGLE   =        0.7504  DIHED      =        0.0000
 VDWAALS =     5663.5478  EEL     =   -38770.2662  HBOND      =        0.0000
 1-4 VDW =       -0.1464  1-4 EEL =     -212.4428  RESTRAINT  =        0.2225
 EAMBER  =   -28121.3458


   NSTEP       ENERGY          RMS            GMAX         NAME    NUMBER
    700      -2.8121E+04     1.6328E-02     3.7419E-01     H2       3410

 BOND    =     5196.8714  ANGLE   =        0.7775  DIHED      =        0.0000
 VDWAALS =     5663.5931  EEL     =   -38770.1926  HBOND      =        0.0000
 1-4 VDW =       -0.1462  1-4 EEL =     -212.3767  RESTRAINT  =        0.2327
 EAMBER  =   -28121.4735

     .... RESTARTED DUE TO LINMIN FAILURE ...

     .... RESTARTED DUE TO LINMIN FAILURE ...


   NSTEP       ENERGY          RMS            GMAX         NAME    NUMBER
    750      -2.8111E+04     8.7444E-01     3.5453E+01     H2        558

 BOND    =     5204.6662  ANGLE   =        1.2700  DIHED      =        0.0000
 VDWAALS =     5665.7402  EEL     =   -38769.0102  HBOND      =        0.0000
 1-4 VDW =       -0.1496  1-4 EEL =     -213.8118  RESTRAINT  =        0.2314
 EAMBER  =   -28111.2952

     .... RESTARTED DUE TO LINMIN FAILURE ...


   NSTEP       ENERGY          RMS            GMAX         NAME    NUMBER
    800      -2.8122E+04     2.0771E-02     8.0631E-01     H8          9

 BOND    =     5197.9568  ANGLE   =        0.7547  DIHED      =        0.0000
 VDWAALS =     5665.9383  EEL     =   -38774.1047  HBOND      =        0.0000
 1-4 VDW =       -0.1459  1-4 EEL =     -212.2841  RESTRAINT  =        0.2649
 EAMBER  =   -28121.8850


   NSTEP       ENERGY          RMS            GMAX         NAME    NUMBER
    850      -2.8122E+04     1.5330E-02     4.6458E-01     H2       3410

 BOND    =     5198.0783  ANGLE   =        0.7805  DIHED      =        0.0000
 VDWAALS =     5666.3213  EEL     =   -38774.7040  HBOND      =        0.0000
 1-4 VDW =       -0.1460  1-4 EEL =     -212.3090  RESTRAINT  =        0.2741
 EAMBER  =   -28121.9788


   NSTEP       ENERGY          RMS            GMAX         NAME    NUMBER
    900      -2.8126E+04     1.8531E-01     5.4359E+00     H2       3410

 BOND    =     5205.5040  ANGLE   =        0.8505  DIHED      =        0.0000
 VDWAALS =     5681.7115  EEL     =   -38801.9273  HBOND      =        0.0000
 1-4 VDW =       -0.1455  1-4 EEL =     -212.1049  RESTRAINT  =        0.3382
 EAMBER  =   -28126.1117


   NSTEP       ENERGY          RMS            GMAX         NAME    NUMBER
    950      -2.8127E+04     4.6392E-02     1.8073E+00     PT          1

 BOND    =     5208.7852  ANGLE   =        0.8007  DIHED      =        0.0000
 VDWAALS =     5683.4437  EEL     =   -38807.4945  HBOND      =        0.0000
 1-4 VDW =       -0.1465  1-4 EEL =     -212.4831  RESTRAINT  =        0.3453
 EAMBER  =   -28127.0946

     .... RESTARTED DUE TO LINMIN FAILURE ...


                    FINAL RESULTS



   NSTEP       ENERGY          RMS            GMAX         NAME    NUMBER
    962      -2.8127E+04     3.8287E-02     1.6685E+00     H1       3409

 BOND    =     5206.9352  ANGLE   =        0.7728  DIHED      =        0.0000
 VDWAALS =     5683.5923  EEL     =   -38805.8270  HBOND      =        0.0000
 1-4 VDW =       -0.1464  1-4 EEL =     -212.4445  RESTRAINT  =        0.3507
 EAMBER  =   -28127.1177

     ***** REPEATED LINMIN FAILURE *****
--------------------------------------------------------------------------------
   5.  TIMINGS
--------------------------------------------------------------------------------

|  NonSetup CPU Time in Major Routines:
|
|     Routine           Sec        %
|     ------------------------------
|     Nonbond           0.42   61.77
|     Bond              0.00    0.00
|     Angle             0.00    0.00
|     Dihedral          0.00    0.00
|     Shake             0.00    0.00
|     Other             0.26   38.23
|     ------------------------------
|     Total             0.68

|  PME Nonbond Pairlist CPU Time:
|
|     Routine              Sec        %
|     ---------------------------------
|     Set Up Cit           0.00    0.00
|     Build List           0.00    0.00
|     ---------------------------------
|     Total                0.00    0.00

|  PME Direct Force CPU Time:
|
|     Routine              Sec        %
|     ---------------------------------
|     NonBonded Calc       0.00    0.00
|     Exclude Masked       0.00    0.00
|     Other                0.00    0.12
|     ---------------------------------
|     Total                0.00    0.12

|  PME Reciprocal Force CPU Time:
|
|     Routine              Sec        %
|     ---------------------------------
|     1D bspline           0.00    0.00
|     Grid Charges         0.00    0.00
|     Scalar Sum           0.00    0.00
|     Gradient Sum         0.00    0.00
|     FFT                  0.00    0.00
|     ---------------------------------
|     Total                0.00    0.00

|  Setup CPU time:            1.00 seconds
|  NonSetup CPU time:         0.68 seconds
|  Total CPU time:            1.68 seconds     0.00 hours

|  Setup wall time:           1    seconds
|  NonSetup wall time:        0    seconds
|  Total wall time:           1    seconds     0.00 hours
