
          -------------------------------------------------------
          Amber 20 PMEMD                              2020
          -------------------------------------------------------

| PMEMD implementation of SANDER, Release 18

|  Compiled date/time: Sat Aug 20 11:06:42 2022
| Run on 09/01/2023 at 17:31:49

|   Executable path: pmemd.cuda
| Working directory: /home/rat/PYCONSOLV_DATA/v1/equilibration
|          Hostname: Unknown
  [-O]verwriting output

File Assignments:
|   MDIN: 14.in                                                                 
|  MDOUT: 14.out                                                                
| INPCRD: 13.rst7                                                               
|   PARM: LIG_solv.prmtop                                                       
| RESTRT: 14.rst7                                                               
|   REFC: 13.rst7                                                               
|  MDVEL: mdvel                                                                 
|   MDEN: mden                                                                  
|  MDCRD: mdcrd                                                                 
| MDINFO: mdinfo                                                                
|  MDFRC: mdfrc                                                                 


 Here is the input file:

minimization                                                                   
&cntrl                                                                         
	imin=1,ncyc=500,maxcyc=1000,ntr=1,cut=8.0,                                    
	restraint_wt=5.0,restraintmask="!@H=&:1",                                     
/                                                                              


Note: ig = -1. Setting random seed to   922471 based on wallclock time in 
      microseconds.
| irandom = 1, using AMBER's internal random number generator (default).
 
|--------------------- INFORMATION ----------------------
| GPU (CUDA) Version of PMEMD in use: NVIDIA GPU IN USE.
|                    Version 18.0.0
| 
|                      03/25/2018
| 
| Implementation by:
|                    Ross C. Walker     (SDSC)
|                    Scott Le Grand     (nVIDIA)
| 
| Version 18 performance extensions by:
|                    David Cerutti     (Rutgers)
| 
| Precision model in use:
|      [SPFP] - Single Precision Forces, 64-bit Fixed Point
|               Accumulation. (Default)
| 
|--------------------------------------------------------
 
|----------------- CITATION INFORMATION -----------------
|
|    When publishing work that utilized the CUDA version
|    of AMBER, please cite the following in addition to
|    the regular AMBER citations:
|
|  - Romelia Salomon-Ferrer; Andreas W. Goetz; Duncan
|    Poole; Scott Le Grand; Ross C. Walker "Routine
|    microsecond molecular dynamics simulations with
|    AMBER - Part II: Particle Mesh Ewald", J. Chem.
|    Theory Comput., 2013, 9 (9), pp3878-3888,
|    DOI: 10.1021/ct400314y.
|
|  - Andreas W. Goetz; Mark J. Williamson; Dong Xu;
|    Duncan Poole; Scott Le Grand; Ross C. Walker
|    "Routine microsecond molecular dynamics simulations
|    with AMBER - Part I: Generalized Born", J. Chem.
|    Theory Comput., 2012, 8 (5), pp1542-1555.
|
|  - Scott Le Grand; Andreas W. Goetz; Ross C. Walker
|    "SPFP: Speed without compromise - a mixed precision
|    model for GPU accelerated molecular dynamics
|    simulations.", Comp. Phys. Comm., 2013, 184
|    pp374-380, DOI: 10.1016/j.cpc.2012.09.022
|
|--------------------------------------------------------
 
|------------------- GPU DEVICE INFO --------------------
|
|            CUDA_VISIBLE_DEVICES: not set
|   CUDA Capable Devices Detected:      1
|           CUDA Device ID in use:      0
|                CUDA Device Name: NVIDIA GeForce RTX 3070 Laptop GPU
|     CUDA Device Global Mem Size:   8191 MB
| CUDA Device Num Multiprocessors:     40
|           CUDA Device Core Freq:   1.56 GHz
|
|--------------------------------------------------------
 
 
| Conditional Compilation Defines Used:
| PUBFFT
| BINTRAJ
| CUDA
| EMIL

| Largest sphere to fit in unit cell has radius =    17.630

| New format PARM file being parsed.
| Version =    1.000 Date = 09/01/23 Time = 17:28:38

| Note: 1-4 EEL scale factors are being read from the topology file.

| Note: 1-4 VDW scale factors are being read from the topology file.
| Duplicated    0 dihedrals

| Duplicated    0 dihedrals

--------------------------------------------------------------------------------
   1.  RESOURCE   USE: 
--------------------------------------------------------------------------------

 getting box info from netcdf restart file
 NATOM  =    6251 NTYPES =       7 NBONH =    4686 MBONA  =    1564
 NTHETH =      12 MTHETA =       6 NPHIH =      18 MPHIA  =       0
 NHPARM =       0 NPARM  =       0 NNB   =   10967 NRES   =    1565
 NBONA  =    1564 NTHETA =       6 NPHIA =       0 NUMBND =       9
 NUMANG =      10 NPTRA  =       1 NATYP =       9 NPHB   =       0
 IFBOX  =       1 NMXRS  =       4 IFCAP =       0 NEXTRA =    1560
 NCOPY  =       0

| Coordinate Index Table dimensions:     8    8    7
| Direct force subcell size =     4.5656    4.5511    5.0372

     BOX TYPE: RECTILINEAR

--------------------------------------------------------------------------------
   2.  CONTROL  DATA  FOR  THE  RUN
--------------------------------------------------------------------------------

default_name                                                                    

General flags:
     imin    =       1, nmropt  =       0

Nature and format of input:
     ntx     =       1, irest   =       0, ntrx    =       1

Nature and format of output:
     ntxo    =       2, ntpr    =      50, ntrx    =       1, ntwr    =       1
     iwrap   =       0, ntwx    =       0, ntwv    =       0, ntwe    =       0
     ioutfm  =       1, ntwprt  =       0, idecomp =       0, rbornstat=      0

Potential function:
     ntf     =       1, ntb     =       1, igb     =       0, nsnb    =      25
     ipol    =       0, gbsa    =       0, iesp    =       0
     dielc   =   1.00000, cut     =   8.00000, intdiel =   1.00000

Frozen or restrained atoms:
     ibelly  =       0, ntr     =       1
     restraint_wt =   5.00000

Energy minimization:
     maxcyc  =    1000, ncyc    =     500, ntmin   =       1
     dx0     =   0.01000, drms    =   0.00010

| Intermolecular bonds treatment:
|     no_intermolecular_bonds =       1

| Energy averages sample interval:
|     ene_avg_sampling =       1

Extra-points options:
     frameon =       1, chngmask=       1

Ewald parameters:
     verbose =       0, ew_type =       0, nbflag  =       1, use_pme =       1
     vdwmeth =       1, eedmeth =       1, netfrc  =       0
     Box X =   36.525   Box Y =   36.408   Box Z =   35.260
     Alpha =   90.000   Beta  =   90.000   Gamma =   90.000
     NFFT1 =   40       NFFT2 =   40       NFFT3 =   36
     Cutoff=    8.000   Tol   =0.100E-04
     Ewald Coefficient =  0.34864
     Interpolation order =    4

    LOADING THE CONSTRAINED ATOMS AS GROUPS


   5.  REFERENCE ATOM COORDINATES

  default_name                                                                    
     Mask !@H=&:1; matches     1 atoms
|      EXTRA_PTS, trim_bonds: num bonds BEFORE trim =  4686     0
|      EXTRA_PTS, trim_bonds: num bonds AFTER  trim =  4686     0
|      EXTRA_PTS, trim_bonds: num bonds BEFORE trim =  1564     0
|      EXTRA_PTS, trim_bonds: num bonds AFTER  trim =     4     0
|      EXTRA_PTS, trim_theta: num angle BEFORE trim =    12     0
|      EXTRA_PTS, trim_theta: num angle AFTER  trim =    12     0
|      EXTRA_PTS, trim_theta: num angle BEFORE trim =     6     0
|      EXTRA_PTS, trim_theta: num angle AFTER  trim =     6     0
|      EXTRA_PTS, trim_phi:  num diheds BEFORE trim =    18     0
|      EXTRA_PTS, trim_phi:  num diheds AFTER  trim =    18     0
|      EXTRA_PTS, trim_phi:  num diheds BEFORE trim =     0     0
|      EXTRA_PTS, trim_phi:  num diheds AFTER  trim =     0     0

--------------------------------------------------------------------------------
   3.  ATOMIC COORDINATES AND VELOCITIES
--------------------------------------------------------------------------------

default_name                                                                    
 begin time read from input coords =     0.000 ps

 
 Number of triangulated 3-point waters found:     1560

     Sum of charges from parm topology file =   0.00000756
     Forcing neutrality...

| Dynamic Memory, Types Used:
| Reals              294880
| Integers           295091

| Nonbonded Pairs Initial Allocation:     1044073

| GPU memory information (estimate):
| KB of GPU memory in use:     23067
| KB of CPU memory in use:     10467

--------------------------------------------------------------------------------
   4.  RESULTS
--------------------------------------------------------------------------------



   NSTEP       ENERGY          RMS            GMAX         NAME    NUMBER
      1      -2.8131E+04     2.2472E-02     1.5209E+00     PT          1

 BOND    =     5211.1689  ANGLE   =        0.8234  DIHED      =        0.0000
 VDWAALS =     5691.4514  EEL     =   -38821.9063  HBOND      =        0.0000
 1-4 VDW =       -0.1449  1-4 EEL =     -211.9666  RESTRAINT  =        0.0000


   NSTEP       ENERGY          RMS            GMAX         NAME    NUMBER
     50      -2.8131E+04     8.2005E-03     2.0189E-01     H2       4354

 BOND    =     5211.2472  ANGLE   =        0.8198  DIHED      =        0.0000
 VDWAALS =     5691.6077  EEL     =   -38822.1500  HBOND      =        0.0000
 1-4 VDW =       -0.1449  1-4 EEL =     -211.9555  RESTRAINT  =        0.0001
 EAMBER  =   -28130.5756


   NSTEP       ENERGY          RMS            GMAX         NAME    NUMBER
    100      -2.8131E+04     8.1970E-03     2.0191E-01     H2       4354

 BOND    =     5211.2479  ANGLE   =        0.8198  DIHED      =        0.0000
 VDWAALS =     5691.6096  EEL     =   -38822.1721  HBOND      =        0.0000
 1-4 VDW =       -0.1449  1-4 EEL =     -211.9555  RESTRAINT  =        0.0001
 EAMBER  =   -28130.5951


   NSTEP       ENERGY          RMS            GMAX         NAME    NUMBER
    150      -2.8131E+04     8.1948E-03     2.0194E-01     H2       4354

 BOND    =     5211.2488  ANGLE   =        0.8198  DIHED      =        0.0000
 VDWAALS =     5691.6116  EEL     =   -38822.1522  HBOND      =        0.0000
 1-4 VDW =       -0.1449  1-4 EEL =     -211.9555  RESTRAINT  =        0.0001
 EAMBER  =   -28130.5724


   NSTEP       ENERGY          RMS            GMAX         NAME    NUMBER
    200      -2.8131E+04     8.1927E-03     2.0191E-01     H2       4354

 BOND    =     5211.2494  ANGLE   =        0.8198  DIHED      =        0.0000
 VDWAALS =     5691.6133  EEL     =   -38822.1727  HBOND      =        0.0000
 1-4 VDW =       -0.1449  1-4 EEL =     -211.9555  RESTRAINT  =        0.0001
 EAMBER  =   -28130.5906


   NSTEP       ENERGY          RMS            GMAX         NAME    NUMBER
    250      -2.8131E+04     8.1883E-03     2.0202E-01     H2       4354

 BOND    =     5211.2505  ANGLE   =        0.8198  DIHED      =        0.0000
 VDWAALS =     5691.6159  EEL     =   -38822.1725  HBOND      =        0.0000
 1-4 VDW =       -0.1449  1-4 EEL =     -211.9555  RESTRAINT  =        0.0001
 EAMBER  =   -28130.5866


   NSTEP       ENERGY          RMS            GMAX         NAME    NUMBER
    300      -2.8131E+04     8.1860E-03     2.0210E-01     H2       4354

 BOND    =     5211.2516  ANGLE   =        0.8197  DIHED      =        0.0000
 VDWAALS =     5691.6185  EEL     =   -38822.1886  HBOND      =        0.0000
 1-4 VDW =       -0.1449  1-4 EEL =     -211.9555  RESTRAINT  =        0.0001
 EAMBER  =   -28130.5992


   NSTEP       ENERGY          RMS            GMAX         NAME    NUMBER
    350      -2.8131E+04     8.1834E-03     2.0214E-01     H2       4354

 BOND    =     5211.2523  ANGLE   =        0.8197  DIHED      =        0.0000
 VDWAALS =     5691.6205  EEL     =   -38822.1752  HBOND      =        0.0000
 1-4 VDW =       -0.1449  1-4 EEL =     -211.9556  RESTRAINT  =        0.0001
 EAMBER  =   -28130.5831


   NSTEP       ENERGY          RMS            GMAX         NAME    NUMBER
    400      -2.8131E+04     8.1813E-03     2.0217E-01     H2       4354

 BOND    =     5211.2530  ANGLE   =        0.8197  DIHED      =        0.0000
 VDWAALS =     5691.6222  EEL     =   -38822.1895  HBOND      =        0.0000
 1-4 VDW =       -0.1449  1-4 EEL =     -211.9556  RESTRAINT  =        0.0001
 EAMBER  =   -28130.5950


   NSTEP       ENERGY          RMS            GMAX         NAME    NUMBER
    450      -2.8131E+04     8.1792E-03     2.0219E-01     H2       4354

 BOND    =     5211.2536  ANGLE   =        0.8197  DIHED      =        0.0000
 VDWAALS =     5691.6241  EEL     =   -38822.1887  HBOND      =        0.0000
 1-4 VDW =       -0.1449  1-4 EEL =     -211.9556  RESTRAINT  =        0.0001
 EAMBER  =   -28130.5917


   NSTEP       ENERGY          RMS            GMAX         NAME    NUMBER
    500      -2.8131E+04     8.1764E-03     2.0220E-01     H2       4354

 BOND    =     5211.2545  ANGLE   =        0.8197  DIHED      =        0.0000
 VDWAALS =     5691.6262  EEL     =   -38822.1925  HBOND      =        0.0000
 1-4 VDW =       -0.1449  1-4 EEL =     -211.9556  RESTRAINT  =        0.0001
 EAMBER  =   -28130.5927

     .... RESTARTED DUE TO LINMIN FAILURE ...


   NSTEP       ENERGY          RMS            GMAX         NAME    NUMBER
    550      -2.8131E+04     2.2421E-02     5.8133E-01     H8          9

 BOND    =     5214.4788  ANGLE   =        0.7844  DIHED      =        0.0000
 VDWAALS =     5699.8685  EEL     =   -38833.9818  HBOND      =        0.0000
 1-4 VDW =       -0.1461  1-4 EEL =     -212.4242  RESTRAINT  =        0.0324
 EAMBER  =   -28131.4204

     .... RESTARTED DUE TO LINMIN FAILURE ...


   NSTEP       ENERGY          RMS            GMAX         NAME    NUMBER
    600      -2.8131E+04     2.2678E-02     4.8724E-01     H2       1942

 BOND    =     5214.4238  ANGLE   =        0.7909  DIHED      =        0.0000
 VDWAALS =     5699.8441  EEL     =   -38833.9769  HBOND      =        0.0000
 1-4 VDW =       -0.1459  1-4 EEL =     -212.3565  RESTRAINT  =        0.0323
 EAMBER  =   -28131.4206


   NSTEP       ENERGY          RMS            GMAX         NAME    NUMBER
    650      -2.8132E+04     2.3746E-02     6.0113E-01     H2       3774

 BOND    =     5214.0783  ANGLE   =        0.8751  DIHED      =        0.0000
 VDWAALS =     5699.6633  EEL     =   -38834.1816  HBOND      =        0.0000
 1-4 VDW =       -0.1444  1-4 EEL =     -211.8248  RESTRAINT  =        0.0307
 EAMBER  =   -28131.5341


   NSTEP       ENERGY          RMS            GMAX         NAME    NUMBER
    700      -2.8132E+04     2.1562E-02     5.6975E-01     H2       3774

 BOND    =     5214.1298  ANGLE   =        0.8721  DIHED      =        0.0000
 VDWAALS =     5699.6647  EEL     =   -38834.2195  HBOND      =        0.0000
 1-4 VDW =       -0.1445  1-4 EEL =     -211.8428  RESTRAINT  =        0.0306
 EAMBER  =   -28131.5402


   NSTEP       ENERGY          RMS            GMAX         NAME    NUMBER
    750      -2.8132E+04     1.7509E-02     4.5705E-01     H2       3774

 BOND    =     5214.2118  ANGLE   =        0.8718  DIHED      =        0.0000
 VDWAALS =     5699.6640  EEL     =   -38834.2991  HBOND      =        0.0000
 1-4 VDW =       -0.1445  1-4 EEL =     -211.8442  RESTRAINT  =        0.0306
 EAMBER  =   -28131.5401

     .... RESTARTED DUE TO LINMIN FAILURE ...


   NSTEP       ENERGY          RMS            GMAX         NAME    NUMBER
    800      -2.8132E+04     1.9431E-02     5.0794E-01     H2       3774

 BOND    =     5214.6135  ANGLE   =        0.8701  DIHED      =        0.0000
 VDWAALS =     5699.6552  EEL     =   -38834.6792  HBOND      =        0.0000
 1-4 VDW =       -0.1445  1-4 EEL =     -211.8540  RESTRAINT  =        0.0306
 EAMBER  =   -28131.5389

     .... RESTARTED DUE TO LINMIN FAILURE ...

     .... RESTARTED DUE TO LINMIN FAILURE ...


                    FINAL RESULTS



   NSTEP       ENERGY          RMS            GMAX         NAME    NUMBER
    847      -2.8132E+04     1.9962E-02     5.4438E-01     H2       3774

 BOND    =     5214.1664  ANGLE   =        0.8684  DIHED      =        0.0000
 VDWAALS =     5699.6689  EEL     =   -38834.2302  HBOND      =        0.0000
 1-4 VDW =       -0.1445  1-4 EEL =     -211.8651  RESTRAINT  =        0.0305
 EAMBER  =   -28131.5361

     ***** REPEATED LINMIN FAILURE *****
--------------------------------------------------------------------------------
   5.  TIMINGS
--------------------------------------------------------------------------------

|  NonSetup CPU Time in Major Routines:
|
|     Routine           Sec        %
|     ------------------------------
|     Nonbond           0.36   61.81
|     Bond              0.00    0.00
|     Angle             0.00    0.00
|     Dihedral          0.00    0.00
|     Shake             0.00    0.00
|     Other             0.22   38.19
|     ------------------------------
|     Total             0.59

|  PME Nonbond Pairlist CPU Time:
|
|     Routine              Sec        %
|     ---------------------------------
|     Set Up Cit           0.00    0.00
|     Build List           0.00    0.00
|     ---------------------------------
|     Total                0.00    0.00

|  PME Direct Force CPU Time:
|
|     Routine              Sec        %
|     ---------------------------------
|     NonBonded Calc       0.00    0.00
|     Exclude Masked       0.00    0.00
|     Other                0.00    0.11
|     ---------------------------------
|     Total                0.00    0.11

|  PME Reciprocal Force CPU Time:
|
|     Routine              Sec        %
|     ---------------------------------
|     1D bspline           0.00    0.00
|     Grid Charges         0.00    0.00
|     Scalar Sum           0.00    0.00
|     Gradient Sum         0.00    0.00
|     FFT                  0.00    0.00
|     ---------------------------------
|     Total                0.00    0.00

|  Setup CPU time:            1.00 seconds
|  NonSetup CPU time:         0.59 seconds
|  Total CPU time:            1.59 seconds     0.00 hours

|  Setup wall time:           0    seconds
|  NonSetup wall time:        1    seconds
|  Total wall time:           1    seconds     0.00 hours
