
          -------------------------------------------------------
          Amber 20 PMEMD                              2020
          -------------------------------------------------------

| PMEMD implementation of SANDER, Release 18

|  Compiled date/time: Sat Aug 20 11:06:42 2022
| Run on 09/01/2023 at 17:31:51

|   Executable path: pmemd.cuda
| Working directory: /home/rat/PYCONSOLV_DATA/v1/equilibration
|          Hostname: Unknown
  [-O]verwriting output

File Assignments:
|   MDIN: 15.in                                                                 
|  MDOUT: 15.out                                                                
| INPCRD: 14.rst7                                                               
|   PARM: LIG_solv.prmtop                                                       
| RESTRT: 15.rst7                                                               
|   REFC: 14.rst7                                                               
|  MDVEL: mdvel                                                                 
|   MDEN: mden                                                                  
|  MDCRD: mdcrd                                                                 
| MDINFO: mdinfo                                                                
|  MDFRC: mdfrc                                                                 


 Here is the input file:

minimization                                                                   
&cntrl                                                                         
	imin=1,ncyc=500,maxcyc=1000,ntr=1,cut=8.0,                                    
	restraint_wt=4.0,restraintmask="!@H=&:1",                                     
/                                                                              


Note: ig = -1. Setting random seed to    40679 based on wallclock time in 
      microseconds.
| irandom = 1, using AMBER's internal random number generator (default).
 
|--------------------- INFORMATION ----------------------
| GPU (CUDA) Version of PMEMD in use: NVIDIA GPU IN USE.
|                    Version 18.0.0
| 
|                      03/25/2018
| 
| Implementation by:
|                    Ross C. Walker     (SDSC)
|                    Scott Le Grand     (nVIDIA)
| 
| Version 18 performance extensions by:
|                    David Cerutti     (Rutgers)
| 
| Precision model in use:
|      [SPFP] - Single Precision Forces, 64-bit Fixed Point
|               Accumulation. (Default)
| 
|--------------------------------------------------------
 
|----------------- CITATION INFORMATION -----------------
|
|    When publishing work that utilized the CUDA version
|    of AMBER, please cite the following in addition to
|    the regular AMBER citations:
|
|  - Romelia Salomon-Ferrer; Andreas W. Goetz; Duncan
|    Poole; Scott Le Grand; Ross C. Walker "Routine
|    microsecond molecular dynamics simulations with
|    AMBER - Part II: Particle Mesh Ewald", J. Chem.
|    Theory Comput., 2013, 9 (9), pp3878-3888,
|    DOI: 10.1021/ct400314y.
|
|  - Andreas W. Goetz; Mark J. Williamson; Dong Xu;
|    Duncan Poole; Scott Le Grand; Ross C. Walker
|    "Routine microsecond molecular dynamics simulations
|    with AMBER - Part I: Generalized Born", J. Chem.
|    Theory Comput., 2012, 8 (5), pp1542-1555.
|
|  - Scott Le Grand; Andreas W. Goetz; Ross C. Walker
|    "SPFP: Speed without compromise - a mixed precision
|    model for GPU accelerated molecular dynamics
|    simulations.", Comp. Phys. Comm., 2013, 184
|    pp374-380, DOI: 10.1016/j.cpc.2012.09.022
|
|--------------------------------------------------------
 
|------------------- GPU DEVICE INFO --------------------
|
|            CUDA_VISIBLE_DEVICES: not set
|   CUDA Capable Devices Detected:      1
|           CUDA Device ID in use:      0
|                CUDA Device Name: NVIDIA GeForce RTX 3070 Laptop GPU
|     CUDA Device Global Mem Size:   8191 MB
| CUDA Device Num Multiprocessors:     40
|           CUDA Device Core Freq:   1.56 GHz
|
|--------------------------------------------------------
 
 
| Conditional Compilation Defines Used:
| PUBFFT
| BINTRAJ
| CUDA
| EMIL

| Largest sphere to fit in unit cell has radius =    17.630

| New format PARM file being parsed.
| Version =    1.000 Date = 09/01/23 Time = 17:28:38

| Note: 1-4 EEL scale factors are being read from the topology file.

| Note: 1-4 VDW scale factors are being read from the topology file.
| Duplicated    0 dihedrals

| Duplicated    0 dihedrals

--------------------------------------------------------------------------------
   1.  RESOURCE   USE: 
--------------------------------------------------------------------------------

 getting box info from netcdf restart file
 NATOM  =    6251 NTYPES =       7 NBONH =    4686 MBONA  =    1564
 NTHETH =      12 MTHETA =       6 NPHIH =      18 MPHIA  =       0
 NHPARM =       0 NPARM  =       0 NNB   =   10967 NRES   =    1565
 NBONA  =    1564 NTHETA =       6 NPHIA =       0 NUMBND =       9
 NUMANG =      10 NPTRA  =       1 NATYP =       9 NPHB   =       0
 IFBOX  =       1 NMXRS  =       4 IFCAP =       0 NEXTRA =    1560
 NCOPY  =       0

| Coordinate Index Table dimensions:     8    8    7
| Direct force subcell size =     4.5656    4.5511    5.0372

     BOX TYPE: RECTILINEAR

--------------------------------------------------------------------------------
   2.  CONTROL  DATA  FOR  THE  RUN
--------------------------------------------------------------------------------

default_name                                                                    

General flags:
     imin    =       1, nmropt  =       0

Nature and format of input:
     ntx     =       1, irest   =       0, ntrx    =       1

Nature and format of output:
     ntxo    =       2, ntpr    =      50, ntrx    =       1, ntwr    =       1
     iwrap   =       0, ntwx    =       0, ntwv    =       0, ntwe    =       0
     ioutfm  =       1, ntwprt  =       0, idecomp =       0, rbornstat=      0

Potential function:
     ntf     =       1, ntb     =       1, igb     =       0, nsnb    =      25
     ipol    =       0, gbsa    =       0, iesp    =       0
     dielc   =   1.00000, cut     =   8.00000, intdiel =   1.00000

Frozen or restrained atoms:
     ibelly  =       0, ntr     =       1
     restraint_wt =   4.00000

Energy minimization:
     maxcyc  =    1000, ncyc    =     500, ntmin   =       1
     dx0     =   0.01000, drms    =   0.00010

| Intermolecular bonds treatment:
|     no_intermolecular_bonds =       1

| Energy averages sample interval:
|     ene_avg_sampling =       1

Extra-points options:
     frameon =       1, chngmask=       1

Ewald parameters:
     verbose =       0, ew_type =       0, nbflag  =       1, use_pme =       1
     vdwmeth =       1, eedmeth =       1, netfrc  =       0
     Box X =   36.525   Box Y =   36.408   Box Z =   35.260
     Alpha =   90.000   Beta  =   90.000   Gamma =   90.000
     NFFT1 =   40       NFFT2 =   40       NFFT3 =   36
     Cutoff=    8.000   Tol   =0.100E-04
     Ewald Coefficient =  0.34864
     Interpolation order =    4

    LOADING THE CONSTRAINED ATOMS AS GROUPS


   5.  REFERENCE ATOM COORDINATES

  default_name                                                                    
     Mask !@H=&:1; matches     1 atoms
|      EXTRA_PTS, trim_bonds: num bonds BEFORE trim =  4686     0
|      EXTRA_PTS, trim_bonds: num bonds AFTER  trim =  4686     0
|      EXTRA_PTS, trim_bonds: num bonds BEFORE trim =  1564     0
|      EXTRA_PTS, trim_bonds: num bonds AFTER  trim =     4     0
|      EXTRA_PTS, trim_theta: num angle BEFORE trim =    12     0
|      EXTRA_PTS, trim_theta: num angle AFTER  trim =    12     0
|      EXTRA_PTS, trim_theta: num angle BEFORE trim =     6     0
|      EXTRA_PTS, trim_theta: num angle AFTER  trim =     6     0
|      EXTRA_PTS, trim_phi:  num diheds BEFORE trim =    18     0
|      EXTRA_PTS, trim_phi:  num diheds AFTER  trim =    18     0
|      EXTRA_PTS, trim_phi:  num diheds BEFORE trim =     0     0
|      EXTRA_PTS, trim_phi:  num diheds AFTER  trim =     0     0

--------------------------------------------------------------------------------
   3.  ATOMIC COORDINATES AND VELOCITIES
--------------------------------------------------------------------------------

default_name                                                                    
 begin time read from input coords =     0.000 ps

 
 Number of triangulated 3-point waters found:     1560

     Sum of charges from parm topology file =   0.00000756
     Forcing neutrality...

| Dynamic Memory, Types Used:
| Reals              294880
| Integers           295091

| Nonbonded Pairs Initial Allocation:     1044073

| GPU memory information (estimate):
| KB of GPU memory in use:     23067
| KB of CPU memory in use:     10467

--------------------------------------------------------------------------------
   4.  RESULTS
--------------------------------------------------------------------------------



   NSTEP       ENERGY          RMS            GMAX         NAME    NUMBER
      1      -2.8132E+04     2.0660E-02     7.0896E-01     PT          1

 BOND    =     5214.1664  ANGLE   =        0.8684  DIHED      =        0.0000
 VDWAALS =     5699.6689  EEL     =   -38834.2301  HBOND      =        0.0000
 1-4 VDW =       -0.1445  1-4 EEL =     -211.8651  RESTRAINT  =        0.0000


   NSTEP       ENERGY          RMS            GMAX         NAME    NUMBER
     50      -2.8132E+04     9.7240E-03     2.9941E-01     H2       4354

 BOND    =     5214.4612  ANGLE   =        0.8558  DIHED      =        0.0000
 VDWAALS =     5699.7190  EEL     =   -38834.5051  HBOND      =        0.0000
 1-4 VDW =       -0.1447  1-4 EEL =     -211.9265  RESTRAINT  =        0.0000
 EAMBER  =   -28131.5403


   NSTEP       ENERGY          RMS            GMAX         NAME    NUMBER
    100      -2.8132E+04     9.7173E-03     2.9934E-01     H2       4354

 BOND    =     5214.4616  ANGLE   =        0.8557  DIHED      =        0.0000
 VDWAALS =     5699.7197  EEL     =   -38834.4991  HBOND      =        0.0000
 1-4 VDW =       -0.1447  1-4 EEL =     -211.9268  RESTRAINT  =        0.0000
 EAMBER  =   -28131.5336


   NSTEP       ENERGY          RMS            GMAX         NAME    NUMBER
    150      -2.8132E+04     9.7088E-03     2.9925E-01     H2       4354

 BOND    =     5214.4621  ANGLE   =        0.8557  DIHED      =        0.0000
 VDWAALS =     5699.7198  EEL     =   -38834.5004  HBOND      =        0.0000
 1-4 VDW =       -0.1447  1-4 EEL =     -211.9272  RESTRAINT  =        0.0000
 EAMBER  =   -28131.5347


   NSTEP       ENERGY          RMS            GMAX         NAME    NUMBER
    200      -2.8132E+04     9.6987E-03     2.9922E-01     H2       4354

 BOND    =     5214.4628  ANGLE   =        0.8556  DIHED      =        0.0000
 VDWAALS =     5699.7208  EEL     =   -38834.5092  HBOND      =        0.0000
 1-4 VDW =       -0.1447  1-4 EEL =     -211.9277  RESTRAINT  =        0.0000
 EAMBER  =   -28131.5425


   NSTEP       ENERGY          RMS            GMAX         NAME    NUMBER
    250      -2.8132E+04     9.6870E-03     2.9915E-01     H2       4354

 BOND    =     5214.4636  ANGLE   =        0.8554  DIHED      =        0.0000
 VDWAALS =     5699.7220  EEL     =   -38834.5033  HBOND      =        0.0000
 1-4 VDW =       -0.1447  1-4 EEL =     -211.9283  RESTRAINT  =        0.0000
 EAMBER  =   -28131.5353


   NSTEP       ENERGY          RMS            GMAX         NAME    NUMBER
    300      -2.8132E+04     9.6760E-03     2.9909E-01     H2       4354

 BOND    =     5214.4644  ANGLE   =        0.8553  DIHED      =        0.0000
 VDWAALS =     5699.7229  EEL     =   -38834.4990  HBOND      =        0.0000
 1-4 VDW =       -0.1447  1-4 EEL =     -211.9288  RESTRAINT  =        0.0000
 EAMBER  =   -28131.5300


   NSTEP       ENERGY          RMS            GMAX         NAME    NUMBER
    350      -2.8132E+04     9.6649E-03     2.9900E-01     H2       4354

 BOND    =     5214.4651  ANGLE   =        0.8552  DIHED      =        0.0000
 VDWAALS =     5699.7236  EEL     =   -38834.5144  HBOND      =        0.0000
 1-4 VDW =       -0.1447  1-4 EEL =     -211.9294  RESTRAINT  =        0.0000
 EAMBER  =   -28131.5447


   NSTEP       ENERGY          RMS            GMAX         NAME    NUMBER
    400      -2.8132E+04     9.6568E-03     2.9896E-01     H2       4354

 BOND    =     5214.4656  ANGLE   =        0.8551  DIHED      =        0.0000
 VDWAALS =     5699.7245  EEL     =   -38834.5091  HBOND      =        0.0000
 1-4 VDW =       -0.1447  1-4 EEL =     -211.9298  RESTRAINT  =        0.0000
 EAMBER  =   -28131.5385


   NSTEP       ENERGY          RMS            GMAX         NAME    NUMBER
    450      -2.8132E+04     9.6449E-03     2.9892E-01     H2       4354

 BOND    =     5214.4664  ANGLE   =        0.8550  DIHED      =        0.0000
 VDWAALS =     5699.7255  EEL     =   -38834.5036  HBOND      =        0.0000
 1-4 VDW =       -0.1447  1-4 EEL =     -211.9304  RESTRAINT  =        0.0000
 EAMBER  =   -28131.5318


   NSTEP       ENERGY          RMS            GMAX         NAME    NUMBER
    500      -2.8132E+04     9.6344E-03     2.9881E-01     H2       4354

 BOND    =     5214.4672  ANGLE   =        0.8549  DIHED      =        0.0000
 VDWAALS =     5699.7266  EEL     =   -38834.5141  HBOND      =        0.0000
 1-4 VDW =       -0.1447  1-4 EEL =     -211.9309  RESTRAINT  =        0.0000
 EAMBER  =   -28131.5410

     .... RESTARTED DUE TO LINMIN FAILURE ...


   NSTEP       ENERGY          RMS            GMAX         NAME    NUMBER
    550      -2.8132E+04     5.3944E-02     2.2040E+00     O        3496

 BOND    =     5215.6656  ANGLE   =        0.8757  DIHED      =        0.0000
 VDWAALS =     5702.7755  EEL     =   -38839.3783  HBOND      =        0.0000
 1-4 VDW =       -0.1443  1-4 EEL =     -211.7065  RESTRAINT  =        0.0001
 EAMBER  =   -28131.9123


   NSTEP       ENERGY          RMS            GMAX         NAME    NUMBER
    600      -2.8132E+04     1.6972E-02     4.1688E-01     H4          5

 BOND    =     5215.6598  ANGLE   =        0.8815  DIHED      =        0.0000
 VDWAALS =     5702.7964  EEL     =   -38839.4008  HBOND      =        0.0000
 1-4 VDW =       -0.1444  1-4 EEL =     -211.7642  RESTRAINT  =        0.0002
 EAMBER  =   -28131.9716


   NSTEP       ENERGY          RMS            GMAX         NAME    NUMBER
    650      -2.8132E+04     2.1473E-02     5.4275E-01     O        4820

 BOND    =     5216.2475  ANGLE   =        0.7760  DIHED      =        0.0000
 VDWAALS =     5703.3336  EEL     =   -38840.0039  HBOND      =        0.0000
 1-4 VDW =       -0.1456  1-4 EEL =     -212.2512  RESTRAINT  =        0.0007
 EAMBER  =   -28132.0437


   NSTEP       ENERGY          RMS            GMAX         NAME    NUMBER
    700      -2.8132E+04     1.3120E-02     3.4275E-01     N5          6

 BOND    =     5216.0527  ANGLE   =        0.8120  DIHED      =        0.0000
 VDWAALS =     5703.3739  EEL     =   -38839.9633  HBOND      =        0.0000
 1-4 VDW =       -0.1455  1-4 EEL =     -212.1976  RESTRAINT  =        0.0007
 EAMBER  =   -28132.0678

     .... RESTARTED DUE TO LINMIN FAILURE ...


   NSTEP       ENERGY          RMS            GMAX         NAME    NUMBER
    750      -2.8132E+04     1.1785E-02     3.7336E-01     O         640

 BOND    =     5216.1503  ANGLE   =        0.8022  DIHED      =        0.0000
 VDWAALS =     5703.4478  EEL     =   -38840.1941  HBOND      =        0.0000
 1-4 VDW =       -0.1453  1-4 EEL =     -212.1338  RESTRAINT  =        0.0006
 EAMBER  =   -28132.0729


   NSTEP       ENERGY          RMS            GMAX         NAME    NUMBER
    800      -2.8132E+04     1.0862E-02     3.0296E-01     O         640

 BOND    =     5216.1507  ANGLE   =        0.8025  DIHED      =        0.0000
 VDWAALS =     5703.4475  EEL     =   -38840.1929  HBOND      =        0.0000
 1-4 VDW =       -0.1453  1-4 EEL =     -212.1334  RESTRAINT  =        0.0006
 EAMBER  =   -28132.0709

     .... RESTARTED DUE TO LINMIN FAILURE ...

     .... RESTARTED DUE TO LINMIN FAILURE ...


   NSTEP       ENERGY          RMS            GMAX         NAME    NUMBER
    850      -2.8132E+04     9.5072E-03     2.5072E-01     H2       4354

 BOND    =     5216.1512  ANGLE   =        0.8034  DIHED      =        0.0000
 VDWAALS =     5703.4473  EEL     =   -38840.1905  HBOND      =        0.0000
 1-4 VDW =       -0.1453  1-4 EEL =     -212.1322  RESTRAINT  =        0.0006
 EAMBER  =   -28132.0662

     .... RESTARTED DUE TO LINMIN FAILURE ...


                    FINAL RESULTS



   NSTEP       ENERGY          RMS            GMAX         NAME    NUMBER
    862      -2.8132E+04     9.5031E-03     2.5072E-01     H2       4354

 BOND    =     5216.1512  ANGLE   =        0.8034  DIHED      =        0.0000
 VDWAALS =     5703.4473  EEL     =   -38840.1904  HBOND      =        0.0000
 1-4 VDW =       -0.1453  1-4 EEL =     -212.1322  RESTRAINT  =        0.0006
 EAMBER  =   -28132.0661

     ***** REPEATED LINMIN FAILURE *****
--------------------------------------------------------------------------------
   5.  TIMINGS
--------------------------------------------------------------------------------

|  NonSetup CPU Time in Major Routines:
|
|     Routine           Sec        %
|     ------------------------------
|     Nonbond           0.42   62.48
|     Bond              0.00    0.00
|     Angle             0.00    0.00
|     Dihedral          0.00    0.00
|     Shake             0.00    0.00
|     Other             0.25   37.52
|     ------------------------------
|     Total             0.67

|  PME Nonbond Pairlist CPU Time:
|
|     Routine              Sec        %
|     ---------------------------------
|     Set Up Cit           0.00    0.00
|     Build List           0.00    0.00
|     ---------------------------------
|     Total                0.00    0.00

|  PME Direct Force CPU Time:
|
|     Routine              Sec        %
|     ---------------------------------
|     NonBonded Calc       0.00    0.00
|     Exclude Masked       0.00    0.00
|     Other                0.00    0.12
|     ---------------------------------
|     Total                0.00    0.12

|  PME Reciprocal Force CPU Time:
|
|     Routine              Sec        %
|     ---------------------------------
|     1D bspline           0.00    0.00
|     Grid Charges         0.00    0.00
|     Scalar Sum           0.00    0.00
|     Gradient Sum         0.00    0.00
|     FFT                  0.00    0.00
|     ---------------------------------
|     Total                0.00    0.00

|  Setup CPU time:            1.00 seconds
|  NonSetup CPU time:         0.67 seconds
|  Total CPU time:            1.67 seconds     0.00 hours

|  Setup wall time:           0    seconds
|  NonSetup wall time:        1    seconds
|  Total wall time:           1    seconds     0.00 hours
