
          -------------------------------------------------------
          Amber 20 PMEMD                              2020
          -------------------------------------------------------

| PMEMD implementation of SANDER, Release 18

|  Compiled date/time: Sat Aug 20 11:06:42 2022
| Run on 09/01/2023 at 17:31:52

|   Executable path: pmemd.cuda
| Working directory: /home/rat/PYCONSOLV_DATA/v1/equilibration
|          Hostname: Unknown
  [-O]verwriting output

File Assignments:
|   MDIN: 16.in                                                                 
|  MDOUT: 16.out                                                                
| INPCRD: 15.rst7                                                               
|   PARM: LIG_solv.prmtop                                                       
| RESTRT: 16.rst7                                                               
|   REFC: 15.rst7                                                               
|  MDVEL: mdvel                                                                 
|   MDEN: mden                                                                  
|  MDCRD: mdcrd                                                                 
| MDINFO: mdinfo                                                                
|  MDFRC: mdfrc                                                                 


 Here is the input file:

minimization                                                                   
&cntrl                                                                         
	imin=1,ncyc=500,maxcyc=1000,ntr=1,cut=8.0,                                    
	restraint_wt=3.0,restraintmask="!@H=&:1",                                     
/                                                                              


Note: ig = -1. Setting random seed to   238775 based on wallclock time in 
      microseconds.
| irandom = 1, using AMBER's internal random number generator (default).
 
|--------------------- INFORMATION ----------------------
| GPU (CUDA) Version of PMEMD in use: NVIDIA GPU IN USE.
|                    Version 18.0.0
| 
|                      03/25/2018
| 
| Implementation by:
|                    Ross C. Walker     (SDSC)
|                    Scott Le Grand     (nVIDIA)
| 
| Version 18 performance extensions by:
|                    David Cerutti     (Rutgers)
| 
| Precision model in use:
|      [SPFP] - Single Precision Forces, 64-bit Fixed Point
|               Accumulation. (Default)
| 
|--------------------------------------------------------
 
|----------------- CITATION INFORMATION -----------------
|
|    When publishing work that utilized the CUDA version
|    of AMBER, please cite the following in addition to
|    the regular AMBER citations:
|
|  - Romelia Salomon-Ferrer; Andreas W. Goetz; Duncan
|    Poole; Scott Le Grand; Ross C. Walker "Routine
|    microsecond molecular dynamics simulations with
|    AMBER - Part II: Particle Mesh Ewald", J. Chem.
|    Theory Comput., 2013, 9 (9), pp3878-3888,
|    DOI: 10.1021/ct400314y.
|
|  - Andreas W. Goetz; Mark J. Williamson; Dong Xu;
|    Duncan Poole; Scott Le Grand; Ross C. Walker
|    "Routine microsecond molecular dynamics simulations
|    with AMBER - Part I: Generalized Born", J. Chem.
|    Theory Comput., 2012, 8 (5), pp1542-1555.
|
|  - Scott Le Grand; Andreas W. Goetz; Ross C. Walker
|    "SPFP: Speed without compromise - a mixed precision
|    model for GPU accelerated molecular dynamics
|    simulations.", Comp. Phys. Comm., 2013, 184
|    pp374-380, DOI: 10.1016/j.cpc.2012.09.022
|
|--------------------------------------------------------
 
|------------------- GPU DEVICE INFO --------------------
|
|            CUDA_VISIBLE_DEVICES: not set
|   CUDA Capable Devices Detected:      1
|           CUDA Device ID in use:      0
|                CUDA Device Name: NVIDIA GeForce RTX 3070 Laptop GPU
|     CUDA Device Global Mem Size:   8191 MB
| CUDA Device Num Multiprocessors:     40
|           CUDA Device Core Freq:   1.56 GHz
|
|--------------------------------------------------------
 
 
| Conditional Compilation Defines Used:
| PUBFFT
| BINTRAJ
| CUDA
| EMIL

| Largest sphere to fit in unit cell has radius =    17.630

| New format PARM file being parsed.
| Version =    1.000 Date = 09/01/23 Time = 17:28:38

| Note: 1-4 EEL scale factors are being read from the topology file.

| Note: 1-4 VDW scale factors are being read from the topology file.
| Duplicated    0 dihedrals

| Duplicated    0 dihedrals

--------------------------------------------------------------------------------
   1.  RESOURCE   USE: 
--------------------------------------------------------------------------------

 getting box info from netcdf restart file
 NATOM  =    6251 NTYPES =       7 NBONH =    4686 MBONA  =    1564
 NTHETH =      12 MTHETA =       6 NPHIH =      18 MPHIA  =       0
 NHPARM =       0 NPARM  =       0 NNB   =   10967 NRES   =    1565
 NBONA  =    1564 NTHETA =       6 NPHIA =       0 NUMBND =       9
 NUMANG =      10 NPTRA  =       1 NATYP =       9 NPHB   =       0
 IFBOX  =       1 NMXRS  =       4 IFCAP =       0 NEXTRA =    1560
 NCOPY  =       0

| Coordinate Index Table dimensions:     8    8    7
| Direct force subcell size =     4.5656    4.5511    5.0372

     BOX TYPE: RECTILINEAR

--------------------------------------------------------------------------------
   2.  CONTROL  DATA  FOR  THE  RUN
--------------------------------------------------------------------------------

default_name                                                                    

General flags:
     imin    =       1, nmropt  =       0

Nature and format of input:
     ntx     =       1, irest   =       0, ntrx    =       1

Nature and format of output:
     ntxo    =       2, ntpr    =      50, ntrx    =       1, ntwr    =       1
     iwrap   =       0, ntwx    =       0, ntwv    =       0, ntwe    =       0
     ioutfm  =       1, ntwprt  =       0, idecomp =       0, rbornstat=      0

Potential function:
     ntf     =       1, ntb     =       1, igb     =       0, nsnb    =      25
     ipol    =       0, gbsa    =       0, iesp    =       0
     dielc   =   1.00000, cut     =   8.00000, intdiel =   1.00000

Frozen or restrained atoms:
     ibelly  =       0, ntr     =       1
     restraint_wt =   3.00000

Energy minimization:
     maxcyc  =    1000, ncyc    =     500, ntmin   =       1
     dx0     =   0.01000, drms    =   0.00010

| Intermolecular bonds treatment:
|     no_intermolecular_bonds =       1

| Energy averages sample interval:
|     ene_avg_sampling =       1

Extra-points options:
     frameon =       1, chngmask=       1

Ewald parameters:
     verbose =       0, ew_type =       0, nbflag  =       1, use_pme =       1
     vdwmeth =       1, eedmeth =       1, netfrc  =       0
     Box X =   36.525   Box Y =   36.408   Box Z =   35.260
     Alpha =   90.000   Beta  =   90.000   Gamma =   90.000
     NFFT1 =   40       NFFT2 =   40       NFFT3 =   36
     Cutoff=    8.000   Tol   =0.100E-04
     Ewald Coefficient =  0.34864
     Interpolation order =    4

    LOADING THE CONSTRAINED ATOMS AS GROUPS


   5.  REFERENCE ATOM COORDINATES

  default_name                                                                    
     Mask !@H=&:1; matches     1 atoms
|      EXTRA_PTS, trim_bonds: num bonds BEFORE trim =  4686     0
|      EXTRA_PTS, trim_bonds: num bonds AFTER  trim =  4686     0
|      EXTRA_PTS, trim_bonds: num bonds BEFORE trim =  1564     0
|      EXTRA_PTS, trim_bonds: num bonds AFTER  trim =     4     0
|      EXTRA_PTS, trim_theta: num angle BEFORE trim =    12     0
|      EXTRA_PTS, trim_theta: num angle AFTER  trim =    12     0
|      EXTRA_PTS, trim_theta: num angle BEFORE trim =     6     0
|      EXTRA_PTS, trim_theta: num angle AFTER  trim =     6     0
|      EXTRA_PTS, trim_phi:  num diheds BEFORE trim =    18     0
|      EXTRA_PTS, trim_phi:  num diheds AFTER  trim =    18     0
|      EXTRA_PTS, trim_phi:  num diheds BEFORE trim =     0     0
|      EXTRA_PTS, trim_phi:  num diheds AFTER  trim =     0     0

--------------------------------------------------------------------------------
   3.  ATOMIC COORDINATES AND VELOCITIES
--------------------------------------------------------------------------------

default_name                                                                    
 begin time read from input coords =     0.000 ps

 
 Number of triangulated 3-point waters found:     1560

     Sum of charges from parm topology file =   0.00000756
     Forcing neutrality...

| Dynamic Memory, Types Used:
| Reals              294880
| Integers           295091

| Nonbonded Pairs Initial Allocation:     1044073

| GPU memory information (estimate):
| KB of GPU memory in use:     23067
| KB of CPU memory in use:     10467

--------------------------------------------------------------------------------
   4.  RESULTS
--------------------------------------------------------------------------------



   NSTEP       ENERGY          RMS            GMAX         NAME    NUMBER
      1      -2.8132E+04     9.5214E-03     2.5072E-01     H2       4354

 BOND    =     5216.1512  ANGLE   =        0.8034  DIHED      =        0.0000
 VDWAALS =     5703.4472  EEL     =   -38840.1903  HBOND      =        0.0000
 1-4 VDW =       -0.1453  1-4 EEL =     -212.1322  RESTRAINT  =        0.0000


   NSTEP       ENERGY          RMS            GMAX         NAME    NUMBER
     50      -2.8132E+04     7.2957E-03     2.4418E-01     H2       4354

 BOND    =     5216.1925  ANGLE   =        0.8266  DIHED      =        0.0000
 VDWAALS =     5703.6382  EEL     =   -38840.5828  HBOND      =        0.0000
 1-4 VDW =       -0.1450  1-4 EEL =     -212.0287  RESTRAINT  =        0.0000
 EAMBER  =   -28132.0993


   NSTEP       ENERGY          RMS            GMAX         NAME    NUMBER
    100      -2.8132E+04     7.2919E-03     2.4417E-01     H2       4354

 BOND    =     5216.1933  ANGLE   =        0.8267  DIHED      =        0.0000
 VDWAALS =     5703.6408  EEL     =   -38840.5886  HBOND      =        0.0000
 1-4 VDW =       -0.1450  1-4 EEL =     -212.0281  RESTRAINT  =        0.0000
 EAMBER  =   -28132.1010


   NSTEP       ENERGY          RMS            GMAX         NAME    NUMBER
    150      -2.8132E+04     7.2888E-03     2.4416E-01     H2       4354

 BOND    =     5216.1939  ANGLE   =        0.8268  DIHED      =        0.0000
 VDWAALS =     5703.6424  EEL     =   -38840.5815  HBOND      =        0.0000
 1-4 VDW =       -0.1450  1-4 EEL =     -212.0277  RESTRAINT  =        0.0000
 EAMBER  =   -28132.0911


   NSTEP       ENERGY          RMS            GMAX         NAME    NUMBER
    200      -2.8132E+04     7.2855E-03     2.4408E-01     H2       4354

 BOND    =     5216.1945  ANGLE   =        0.8268  DIHED      =        0.0000
 VDWAALS =     5703.6440  EEL     =   -38840.5848  HBOND      =        0.0000
 1-4 VDW =       -0.1450  1-4 EEL =     -212.0272  RESTRAINT  =        0.0000
 EAMBER  =   -28132.0917


   NSTEP       ENERGY          RMS            GMAX         NAME    NUMBER
    250      -2.8132E+04     7.2785E-03     2.4407E-01     H2       4354

 BOND    =     5216.1952  ANGLE   =        0.8269  DIHED      =        0.0000
 VDWAALS =     5703.6461  EEL     =   -38840.5996  HBOND      =        0.0000
 1-4 VDW =       -0.1450  1-4 EEL =     -212.0267  RESTRAINT  =        0.0000
 EAMBER  =   -28132.1032


   NSTEP       ENERGY          RMS            GMAX         NAME    NUMBER
    300      -2.8132E+04     7.2743E-03     2.4399E-01     H2       4354

 BOND    =     5216.1957  ANGLE   =        0.8270  DIHED      =        0.0000
 VDWAALS =     5703.6481  EEL     =   -38840.5991  HBOND      =        0.0000
 1-4 VDW =       -0.1450  1-4 EEL =     -212.0263  RESTRAINT  =        0.0000
 EAMBER  =   -28132.0995


   NSTEP       ENERGY          RMS            GMAX         NAME    NUMBER
    350      -2.8132E+04     7.2708E-03     2.4394E-01     H2       4354

 BOND    =     5216.1965  ANGLE   =        0.8271  DIHED      =        0.0000
 VDWAALS =     5703.6504  EEL     =   -38840.6075  HBOND      =        0.0000
 1-4 VDW =       -0.1450  1-4 EEL =     -212.0257  RESTRAINT  =        0.0000
 EAMBER  =   -28132.1042


   NSTEP       ENERGY          RMS            GMAX         NAME    NUMBER
    400      -2.8132E+04     7.2684E-03     2.4390E-01     H2       4354

 BOND    =     5216.1972  ANGLE   =        0.8272  DIHED      =        0.0000
 VDWAALS =     5703.6521  EEL     =   -38840.5956  HBOND      =        0.0000
 1-4 VDW =       -0.1450  1-4 EEL =     -212.0253  RESTRAINT  =        0.0000
 EAMBER  =   -28132.0895


   NSTEP       ENERGY          RMS            GMAX         NAME    NUMBER
    450      -2.8132E+04     7.2657E-03     2.4386E-01     H2       4354

 BOND    =     5216.1977  ANGLE   =        0.8272  DIHED      =        0.0000
 VDWAALS =     5703.6534  EEL     =   -38840.5994  HBOND      =        0.0000
 1-4 VDW =       -0.1450  1-4 EEL =     -212.0250  RESTRAINT  =        0.0000
 EAMBER  =   -28132.0911


   NSTEP       ENERGY          RMS            GMAX         NAME    NUMBER
    500      -2.8132E+04     7.2633E-03     2.4385E-01     H2       4354

 BOND    =     5216.1981  ANGLE   =        0.8273  DIHED      =        0.0000
 VDWAALS =     5703.6554  EEL     =   -38840.6158  HBOND      =        0.0000
 1-4 VDW =       -0.1450  1-4 EEL =     -212.0246  RESTRAINT  =        0.0000
 EAMBER  =   -28132.1046


   NSTEP       ENERGY          RMS            GMAX         NAME    NUMBER
    550      -2.8133E+04     2.9103E-02     8.0225E-01     H1       4925

 BOND    =     5218.1115  ANGLE   =        0.8423  DIHED      =        0.0000
 VDWAALS =     5708.3304  EEL     =   -38847.8914  HBOND      =        0.0000
 1-4 VDW =       -0.1450  1-4 EEL =     -212.0101  RESTRAINT  =        0.0002
 EAMBER  =   -28132.7624

     .... RESTARTED DUE TO LINMIN FAILURE ...


   NSTEP       ENERGY          RMS            GMAX         NAME    NUMBER
    600      -2.8133E+04     1.1258E-02     3.2706E-01     O         704

 BOND    =     5218.1392  ANGLE   =        0.8365  DIHED      =        0.0000
 VDWAALS =     5708.3373  EEL     =   -38847.9058  HBOND      =        0.0000
 1-4 VDW =       -0.1450  1-4 EEL =     -212.0052  RESTRAINT  =        0.0002
 EAMBER  =   -28132.7431


   NSTEP       ENERGY          RMS            GMAX         NAME    NUMBER
    650      -2.8133E+04     1.0673E-02     3.0433E-01     O         704

 BOND    =     5218.1413  ANGLE   =        0.8360  DIHED      =        0.0000
 VDWAALS =     5708.3391  EEL     =   -38847.9151  HBOND      =        0.0000
 1-4 VDW =       -0.1450  1-4 EEL =     -212.0046  RESTRAINT  =        0.0002
 EAMBER  =   -28132.7483

     .... RESTARTED DUE TO LINMIN FAILURE ...


   NSTEP       ENERGY          RMS            GMAX         NAME    NUMBER
    700      -2.8133E+04     1.0472E-02     2.9620E-01     O         704

 BOND    =     5218.1420  ANGLE   =        0.8359  DIHED      =        0.0000
 VDWAALS =     5708.3395  EEL     =   -38847.9171  HBOND      =        0.0000
 1-4 VDW =       -0.1450  1-4 EEL =     -212.0044  RESTRAINT  =        0.0002
 EAMBER  =   -28132.7490

     .... RESTARTED DUE TO LINMIN FAILURE ...


   NSTEP       ENERGY          RMS            GMAX         NAME    NUMBER
    750      -2.8133E+04     1.7936E-02     5.7772E-01     O        3772

 BOND    =     5218.1166  ANGLE   =        0.8554  DIHED      =        0.0000
 VDWAALS =     5708.5101  EEL     =   -38848.1465  HBOND      =        0.0000
 1-4 VDW =       -0.1449  1-4 EEL =     -211.9827  RESTRAINT  =        0.0002
 EAMBER  =   -28132.7921

     .... RESTARTED DUE TO LINMIN FAILURE ...

     .... RESTARTED DUE TO LINMIN FAILURE ...


                    FINAL RESULTS



   NSTEP       ENERGY          RMS            GMAX         NAME    NUMBER
    788      -2.8133E+04     5.5469E-03     1.5333E-01     H2       4354

 BOND    =     5218.2589  ANGLE   =        0.8332  DIHED      =        0.0000
 VDWAALS =     5708.5603  EEL     =   -38848.3261  HBOND      =        0.0000
 1-4 VDW =       -0.1449  1-4 EEL =     -211.9912  RESTRAINT  =        0.0002
 EAMBER  =   -28132.8099

     ***** REPEATED LINMIN FAILURE *****
--------------------------------------------------------------------------------
   5.  TIMINGS
--------------------------------------------------------------------------------

|  NonSetup CPU Time in Major Routines:
|
|     Routine           Sec        %
|     ------------------------------
|     Nonbond           0.43   63.51
|     Bond              0.00    0.00
|     Angle             0.00    0.00
|     Dihedral          0.00    0.00
|     Shake             0.00    0.00
|     Other             0.25   36.49
|     ------------------------------
|     Total             0.68

|  PME Nonbond Pairlist CPU Time:
|
|     Routine              Sec        %
|     ---------------------------------
|     Set Up Cit           0.00    0.00
|     Build List           0.00    0.00
|     ---------------------------------
|     Total                0.00    0.00

|  PME Direct Force CPU Time:
|
|     Routine              Sec        %
|     ---------------------------------
|     NonBonded Calc       0.00    0.00
|     Exclude Masked       0.00    0.00
|     Other                0.00    0.12
|     ---------------------------------
|     Total                0.00    0.12

|  PME Reciprocal Force CPU Time:
|
|     Routine              Sec        %
|     ---------------------------------
|     1D bspline           0.00    0.00
|     Grid Charges         0.00    0.00
|     Scalar Sum           0.00    0.00
|     Gradient Sum         0.00    0.00
|     FFT                  0.00    0.00
|     ---------------------------------
|     Total                0.00    0.00

|  Setup CPU time:            1.02 seconds
|  NonSetup CPU time:         0.68 seconds
|  Total CPU time:            1.70 seconds     0.00 hours

|  Setup wall time:           1    seconds
|  NonSetup wall time:        0    seconds
|  Total wall time:           1    seconds     0.00 hours
