
          -------------------------------------------------------
          Amber 20 PMEMD                              2020
          -------------------------------------------------------

| PMEMD implementation of SANDER, Release 18

|  Compiled date/time: Sat Aug 20 11:06:42 2022
| Run on 09/01/2023 at 17:31:54

|   Executable path: pmemd.cuda
| Working directory: /home/rat/PYCONSOLV_DATA/v1/equilibration
|          Hostname: Unknown
  [-O]verwriting output

File Assignments:
|   MDIN: 18.in                                                                 
|  MDOUT: 18.out                                                                
| INPCRD: 17.rst7                                                               
|   PARM: LIG_solv.prmtop                                                       
| RESTRT: 18.rst7                                                               
|   REFC: 17.rst7                                                               
|  MDVEL: mdvel                                                                 
|   MDEN: mden                                                                  
|  MDCRD: mdcrd                                                                 
| MDINFO: mdinfo                                                                
|  MDFRC: mdfrc                                                                 


 Here is the input file:

minimization                                                                   
&cntrl                                                                         
	imin=1,ncyc=500,maxcyc=1000,ntr=1,cut=8.0,                                    
	restraint_wt=1.0,restraintmask="!@H=&:1",                                     
/                                                                              


Note: ig = -1. Setting random seed to   686618 based on wallclock time in 
      microseconds.
| irandom = 1, using AMBER's internal random number generator (default).
 
|--------------------- INFORMATION ----------------------
| GPU (CUDA) Version of PMEMD in use: NVIDIA GPU IN USE.
|                    Version 18.0.0
| 
|                      03/25/2018
| 
| Implementation by:
|                    Ross C. Walker     (SDSC)
|                    Scott Le Grand     (nVIDIA)
| 
| Version 18 performance extensions by:
|                    David Cerutti     (Rutgers)
| 
| Precision model in use:
|      [SPFP] - Single Precision Forces, 64-bit Fixed Point
|               Accumulation. (Default)
| 
|--------------------------------------------------------
 
|----------------- CITATION INFORMATION -----------------
|
|    When publishing work that utilized the CUDA version
|    of AMBER, please cite the following in addition to
|    the regular AMBER citations:
|
|  - Romelia Salomon-Ferrer; Andreas W. Goetz; Duncan
|    Poole; Scott Le Grand; Ross C. Walker "Routine
|    microsecond molecular dynamics simulations with
|    AMBER - Part II: Particle Mesh Ewald", J. Chem.
|    Theory Comput., 2013, 9 (9), pp3878-3888,
|    DOI: 10.1021/ct400314y.
|
|  - Andreas W. Goetz; Mark J. Williamson; Dong Xu;
|    Duncan Poole; Scott Le Grand; Ross C. Walker
|    "Routine microsecond molecular dynamics simulations
|    with AMBER - Part I: Generalized Born", J. Chem.
|    Theory Comput., 2012, 8 (5), pp1542-1555.
|
|  - Scott Le Grand; Andreas W. Goetz; Ross C. Walker
|    "SPFP: Speed without compromise - a mixed precision
|    model for GPU accelerated molecular dynamics
|    simulations.", Comp. Phys. Comm., 2013, 184
|    pp374-380, DOI: 10.1016/j.cpc.2012.09.022
|
|--------------------------------------------------------
 
|------------------- GPU DEVICE INFO --------------------
|
|            CUDA_VISIBLE_DEVICES: not set
|   CUDA Capable Devices Detected:      1
|           CUDA Device ID in use:      0
|                CUDA Device Name: NVIDIA GeForce RTX 3070 Laptop GPU
|     CUDA Device Global Mem Size:   8191 MB
| CUDA Device Num Multiprocessors:     40
|           CUDA Device Core Freq:   1.56 GHz
|
|--------------------------------------------------------
 
 
| Conditional Compilation Defines Used:
| PUBFFT
| BINTRAJ
| CUDA
| EMIL

| Largest sphere to fit in unit cell has radius =    17.630

| New format PARM file being parsed.
| Version =    1.000 Date = 09/01/23 Time = 17:28:38

| Note: 1-4 EEL scale factors are being read from the topology file.

| Note: 1-4 VDW scale factors are being read from the topology file.
| Duplicated    0 dihedrals

| Duplicated    0 dihedrals

--------------------------------------------------------------------------------
   1.  RESOURCE   USE: 
--------------------------------------------------------------------------------

 getting box info from netcdf restart file
 NATOM  =    6251 NTYPES =       7 NBONH =    4686 MBONA  =    1564
 NTHETH =      12 MTHETA =       6 NPHIH =      18 MPHIA  =       0
 NHPARM =       0 NPARM  =       0 NNB   =   10967 NRES   =    1565
 NBONA  =    1564 NTHETA =       6 NPHIA =       0 NUMBND =       9
 NUMANG =      10 NPTRA  =       1 NATYP =       9 NPHB   =       0
 IFBOX  =       1 NMXRS  =       4 IFCAP =       0 NEXTRA =    1560
 NCOPY  =       0

| Coordinate Index Table dimensions:     8    8    7
| Direct force subcell size =     4.5656    4.5511    5.0372

     BOX TYPE: RECTILINEAR

--------------------------------------------------------------------------------
   2.  CONTROL  DATA  FOR  THE  RUN
--------------------------------------------------------------------------------

default_name                                                                    

General flags:
     imin    =       1, nmropt  =       0

Nature and format of input:
     ntx     =       1, irest   =       0, ntrx    =       1

Nature and format of output:
     ntxo    =       2, ntpr    =      50, ntrx    =       1, ntwr    =       1
     iwrap   =       0, ntwx    =       0, ntwv    =       0, ntwe    =       0
     ioutfm  =       1, ntwprt  =       0, idecomp =       0, rbornstat=      0

Potential function:
     ntf     =       1, ntb     =       1, igb     =       0, nsnb    =      25
     ipol    =       0, gbsa    =       0, iesp    =       0
     dielc   =   1.00000, cut     =   8.00000, intdiel =   1.00000

Frozen or restrained atoms:
     ibelly  =       0, ntr     =       1
     restraint_wt =   1.00000

Energy minimization:
     maxcyc  =    1000, ncyc    =     500, ntmin   =       1
     dx0     =   0.01000, drms    =   0.00010

| Intermolecular bonds treatment:
|     no_intermolecular_bonds =       1

| Energy averages sample interval:
|     ene_avg_sampling =       1

Extra-points options:
     frameon =       1, chngmask=       1

Ewald parameters:
     verbose =       0, ew_type =       0, nbflag  =       1, use_pme =       1
     vdwmeth =       1, eedmeth =       1, netfrc  =       0
     Box X =   36.525   Box Y =   36.408   Box Z =   35.260
     Alpha =   90.000   Beta  =   90.000   Gamma =   90.000
     NFFT1 =   40       NFFT2 =   40       NFFT3 =   36
     Cutoff=    8.000   Tol   =0.100E-04
     Ewald Coefficient =  0.34864
     Interpolation order =    4

    LOADING THE CONSTRAINED ATOMS AS GROUPS


   5.  REFERENCE ATOM COORDINATES

  default_name                                                                    
     Mask !@H=&:1; matches     1 atoms
|      EXTRA_PTS, trim_bonds: num bonds BEFORE trim =  4686     0
|      EXTRA_PTS, trim_bonds: num bonds AFTER  trim =  4686     0
|      EXTRA_PTS, trim_bonds: num bonds BEFORE trim =  1564     0
|      EXTRA_PTS, trim_bonds: num bonds AFTER  trim =     4     0
|      EXTRA_PTS, trim_theta: num angle BEFORE trim =    12     0
|      EXTRA_PTS, trim_theta: num angle AFTER  trim =    12     0
|      EXTRA_PTS, trim_theta: num angle BEFORE trim =     6     0
|      EXTRA_PTS, trim_theta: num angle AFTER  trim =     6     0
|      EXTRA_PTS, trim_phi:  num diheds BEFORE trim =    18     0
|      EXTRA_PTS, trim_phi:  num diheds AFTER  trim =    18     0
|      EXTRA_PTS, trim_phi:  num diheds BEFORE trim =     0     0
|      EXTRA_PTS, trim_phi:  num diheds AFTER  trim =     0     0

--------------------------------------------------------------------------------
   3.  ATOMIC COORDINATES AND VELOCITIES
--------------------------------------------------------------------------------

default_name                                                                    
 begin time read from input coords =     0.000 ps

 
 Number of triangulated 3-point waters found:     1560

     Sum of charges from parm topology file =   0.00000756
     Forcing neutrality...

| Dynamic Memory, Types Used:
| Reals              294880
| Integers           295091

| Nonbonded Pairs Initial Allocation:     1044073

| GPU memory information (estimate):
| KB of GPU memory in use:     23067
| KB of CPU memory in use:     10467

--------------------------------------------------------------------------------
   4.  RESULTS
--------------------------------------------------------------------------------



   NSTEP       ENERGY          RMS            GMAX         NAME    NUMBER
      1      -2.8134E+04     2.1163E-02     6.0209E-01     H1       5789

 BOND    =     5220.3396  ANGLE   =        0.8291  DIHED      =        0.0000
 VDWAALS =     5713.7492  EEL     =   -38856.3191  HBOND      =        0.0000
 1-4 VDW =       -0.1450  1-4 EEL =     -212.0023  RESTRAINT  =        0.0000


   NSTEP       ENERGY          RMS            GMAX         NAME    NUMBER
     50      -2.8134E+04     6.5730E-03     2.6400E-01     H1       5693

 BOND    =     5220.3969  ANGLE   =        0.8289  DIHED      =        0.0000
 VDWAALS =     5713.7692  EEL     =   -38856.4031  HBOND      =        0.0000
 1-4 VDW =       -0.1450  1-4 EEL =     -211.9998  RESTRAINT  =        0.0000
 EAMBER  =   -28133.5529


   NSTEP       ENERGY          RMS            GMAX         NAME    NUMBER
    100      -2.8134E+04     6.5708E-03     2.6406E-01     H1       5693

 BOND    =     5220.3969  ANGLE   =        0.8288  DIHED      =        0.0000
 VDWAALS =     5713.7691  EEL     =   -38856.4044  HBOND      =        0.0000
 1-4 VDW =       -0.1450  1-4 EEL =     -211.9998  RESTRAINT  =        0.0000
 EAMBER  =   -28133.5542


   NSTEP       ENERGY          RMS            GMAX         NAME    NUMBER
    150      -2.8134E+04     6.5680E-03     2.6415E-01     H1       5693

 BOND    =     5220.3968  ANGLE   =        0.8288  DIHED      =        0.0000
 VDWAALS =     5713.7687  EEL     =   -38856.4027  HBOND      =        0.0000
 1-4 VDW =       -0.1450  1-4 EEL =     -211.9998  RESTRAINT  =        0.0000
 EAMBER  =   -28133.5531


   NSTEP       ENERGY          RMS            GMAX         NAME    NUMBER
    200      -2.8134E+04     6.5666E-03     2.6425E-01     H1       5693

 BOND    =     5220.3968  ANGLE   =        0.8288  DIHED      =        0.0000
 VDWAALS =     5713.7689  EEL     =   -38856.4097  HBOND      =        0.0000
 1-4 VDW =       -0.1450  1-4 EEL =     -211.9998  RESTRAINT  =        0.0000
 EAMBER  =   -28133.5600


   NSTEP       ENERGY          RMS            GMAX         NAME    NUMBER
    250      -2.8134E+04     6.5651E-03     2.6431E-01     H1       5693

 BOND    =     5220.3967  ANGLE   =        0.8288  DIHED      =        0.0000
 VDWAALS =     5713.7685  EEL     =   -38856.4023  HBOND      =        0.0000
 1-4 VDW =       -0.1450  1-4 EEL =     -211.9998  RESTRAINT  =        0.0000
 EAMBER  =   -28133.5530


   NSTEP       ENERGY          RMS            GMAX         NAME    NUMBER
    300      -2.8134E+04     6.5632E-03     2.6436E-01     H1       5693

 BOND    =     5220.3966  ANGLE   =        0.8288  DIHED      =        0.0000
 VDWAALS =     5713.7683  EEL     =   -38856.4020  HBOND      =        0.0000
 1-4 VDW =       -0.1450  1-4 EEL =     -211.9998  RESTRAINT  =        0.0000
 EAMBER  =   -28133.5530


   NSTEP       ENERGY          RMS            GMAX         NAME    NUMBER
    350      -2.8134E+04     6.5618E-03     2.6446E-01     H1       5693

 BOND    =     5220.3965  ANGLE   =        0.8288  DIHED      =        0.0000
 VDWAALS =     5713.7685  EEL     =   -38856.4027  HBOND      =        0.0000
 1-4 VDW =       -0.1450  1-4 EEL =     -211.9998  RESTRAINT  =        0.0000
 EAMBER  =   -28133.5537


   NSTEP       ENERGY          RMS            GMAX         NAME    NUMBER
    400      -2.8134E+04     6.5606E-03     2.6447E-01     H1       5693

 BOND    =     5220.3964  ANGLE   =        0.8288  DIHED      =        0.0000
 VDWAALS =     5713.7682  EEL     =   -38856.3977  HBOND      =        0.0000
 1-4 VDW =       -0.1450  1-4 EEL =     -211.9998  RESTRAINT  =        0.0000
 EAMBER  =   -28133.5491


   NSTEP       ENERGY          RMS            GMAX         NAME    NUMBER
    450      -2.8134E+04     6.5582E-03     2.6455E-01     H1       5693

 BOND    =     5220.3963  ANGLE   =        0.8288  DIHED      =        0.0000
 VDWAALS =     5713.7681  EEL     =   -38856.4020  HBOND      =        0.0000
 1-4 VDW =       -0.1450  1-4 EEL =     -211.9998  RESTRAINT  =        0.0000
 EAMBER  =   -28133.5536


   NSTEP       ENERGY          RMS            GMAX         NAME    NUMBER
    500      -2.8134E+04     6.5553E-03     2.6463E-01     H1       5693

 BOND    =     5220.3962  ANGLE   =        0.8288  DIHED      =        0.0000
 VDWAALS =     5713.7679  EEL     =   -38856.4097  HBOND      =        0.0000
 1-4 VDW =       -0.1450  1-4 EEL =     -211.9998  RESTRAINT  =        0.0000
 EAMBER  =   -28133.5615

     .... RESTARTED DUE TO LINMIN FAILURE ...


   NSTEP       ENERGY          RMS            GMAX         NAME    NUMBER
    550      -2.8134E+04     1.3273E-02     5.4550E-01     O        3408

 BOND    =     5220.1399  ANGLE   =        0.8223  DIHED      =        0.0000
 VDWAALS =     5713.4915  EEL     =   -38856.1775  HBOND      =        0.0000
 1-4 VDW =       -0.1451  1-4 EEL =     -212.0454  RESTRAINT  =        0.0000
 EAMBER  =   -28133.9142


   NSTEP       ENERGY          RMS            GMAX         NAME    NUMBER
    600      -2.8134E+04     1.3225E-02     4.1957E-01     O        3408

 BOND    =     5220.1805  ANGLE   =        0.8227  DIHED      =        0.0000
 VDWAALS =     5713.5287  EEL     =   -38856.2723  HBOND      =        0.0000
 1-4 VDW =       -0.1451  1-4 EEL =     -212.0410  RESTRAINT  =        0.0000
 EAMBER  =   -28133.9264

     .... RESTARTED DUE TO LINMIN FAILURE ...


   NSTEP       ENERGY          RMS            GMAX         NAME    NUMBER
    650      -2.8134E+04     1.0503E-02     3.2093E-01     O        3408

 BOND    =     5220.1228  ANGLE   =        0.8230  DIHED      =        0.0000
 VDWAALS =     5713.4123  EEL     =   -38856.1057  HBOND      =        0.0000
 1-4 VDW =       -0.1451  1-4 EEL =     -212.0398  RESTRAINT  =        0.0000
 EAMBER  =   -28133.9324


   NSTEP       ENERGY          RMS            GMAX         NAME    NUMBER
    700      -2.8134E+04     9.2232E-03     2.2808E-01     O        3408

 BOND    =     5220.1286  ANGLE   =        0.8231  DIHED      =        0.0000
 VDWAALS =     5713.4178  EEL     =   -38856.1115  HBOND      =        0.0000
 1-4 VDW =       -0.1451  1-4 EEL =     -212.0396  RESTRAINT  =        0.0000
 EAMBER  =   -28133.9268


   NSTEP       ENERGY          RMS            GMAX         NAME    NUMBER
    750      -2.8134E+04     9.0118E-03     2.1970E-01     O        3408

 BOND    =     5220.1293  ANGLE   =        0.8231  DIHED      =        0.0000
 VDWAALS =     5713.4193  EEL     =   -38856.1122  HBOND      =        0.0000
 1-4 VDW =       -0.1451  1-4 EEL =     -212.0396  RESTRAINT  =        0.0000
 EAMBER  =   -28133.9251

     .... RESTARTED DUE TO LINMIN FAILURE ...


   NSTEP       ENERGY          RMS            GMAX         NAME    NUMBER
    800      -2.8134E+04     8.6933E-03     2.0324E-01     O        3408

 BOND    =     5220.1307  ANGLE   =        0.8231  DIHED      =        0.0000
 VDWAALS =     5713.4190  EEL     =   -38856.1140  HBOND      =        0.0000
 1-4 VDW =       -0.1451  1-4 EEL =     -212.0394  RESTRAINT  =        0.0000
 EAMBER  =   -28133.9257


   NSTEP       ENERGY          RMS            GMAX         NAME    NUMBER
    850      -2.8134E+04     8.2489E-03     1.7114E-01     O        3408

 BOND    =     5220.1335  ANGLE   =        0.8231  DIHED      =        0.0000
 VDWAALS =     5713.4197  EEL     =   -38856.1221  HBOND      =        0.0000
 1-4 VDW =       -0.1451  1-4 EEL =     -212.0392  RESTRAINT  =        0.0000
 EAMBER  =   -28133.9300


   NSTEP       ENERGY          RMS            GMAX         NAME    NUMBER
    900      -2.8134E+04     1.8528E-02     6.4442E-01     O        5988

 BOND    =     5220.2054  ANGLE   =        0.8250  DIHED      =        0.0000
 VDWAALS =     5713.3526  EEL     =   -38856.1561  HBOND      =        0.0000
 1-4 VDW =       -0.1450  1-4 EEL =     -212.0259  RESTRAINT  =        0.0000
 EAMBER  =   -28133.9440

     .... RESTARTED DUE TO LINMIN FAILURE ...


   NSTEP       ENERGY          RMS            GMAX         NAME    NUMBER
    950      -2.8134E+04     1.0506E-02     1.2045E-01     H2       3410

 BOND    =     5220.1230  ANGLE   =        0.8246  DIHED      =        0.0000
 VDWAALS =     5713.2131  EEL     =   -38855.9254  HBOND      =        0.0000
 1-4 VDW =       -0.1450  1-4 EEL =     -212.0274  RESTRAINT  =        0.0000
 EAMBER  =   -28133.9373

     .... RESTARTED DUE TO LINMIN FAILURE ...


                    FINAL RESULTS



   NSTEP       ENERGY          RMS            GMAX         NAME    NUMBER
    961      -2.8134E+04     6.3042E-03     1.2206E-01     H1       5693

 BOND    =     5220.1589  ANGLE   =        0.8246  DIHED      =        0.0000
 VDWAALS =     5713.2081  EEL     =   -38855.9615  HBOND      =        0.0000
 1-4 VDW =       -0.1450  1-4 EEL =     -212.0273  RESTRAINT  =        0.0000
 EAMBER  =   -28133.9423

     ***** REPEATED LINMIN FAILURE *****
--------------------------------------------------------------------------------
   5.  TIMINGS
--------------------------------------------------------------------------------

|  NonSetup CPU Time in Major Routines:
|
|     Routine           Sec        %
|     ------------------------------
|     Nonbond           0.44   62.59
|     Bond              0.00    0.00
|     Angle             0.00    0.00
|     Dihedral          0.00    0.00
|     Shake             0.00    0.00
|     Other             0.26   37.41
|     ------------------------------
|     Total             0.70

|  PME Nonbond Pairlist CPU Time:
|
|     Routine              Sec        %
|     ---------------------------------
|     Set Up Cit           0.00    0.00
|     Build List           0.00    0.00
|     ---------------------------------
|     Total                0.00    0.00

|  PME Direct Force CPU Time:
|
|     Routine              Sec        %
|     ---------------------------------
|     NonBonded Calc       0.00    0.00
|     Exclude Masked       0.00    0.00
|     Other                0.00    0.12
|     ---------------------------------
|     Total                0.00    0.12

|  PME Reciprocal Force CPU Time:
|
|     Routine              Sec        %
|     ---------------------------------
|     1D bspline           0.00    0.00
|     Grid Charges         0.00    0.00
|     Scalar Sum           0.00    0.00
|     Gradient Sum         0.00    0.00
|     FFT                  0.00    0.00
|     ---------------------------------
|     Total                0.00    0.00

|  Setup CPU time:            0.82 seconds
|  NonSetup CPU time:         0.70 seconds
|  Total CPU time:            1.53 seconds     0.00 hours

|  Setup wall time:           0    seconds
|  NonSetup wall time:        1    seconds
|  Total wall time:           1    seconds     0.00 hours
