
          -------------------------------------------------------
          Amber 20 PMEMD                              2020
          -------------------------------------------------------

| PMEMD implementation of SANDER, Release 18

|  Compiled date/time: Sat Aug 20 11:06:42 2022
| Run on 09/01/2023 at 17:31:55

|   Executable path: pmemd.cuda
| Working directory: /home/rat/PYCONSOLV_DATA/v1/equilibration
|          Hostname: Unknown
  [-O]verwriting output

File Assignments:
|   MDIN: 19.in                                                                 
|  MDOUT: 19.out                                                                
| INPCRD: 18.rst7                                                               
|   PARM: LIG_solv.prmtop                                                       
| RESTRT: 19.rst7                                                               
|   REFC: 18.rst7                                                               
|  MDVEL: mdvel                                                                 
|   MDEN: mden                                                                  
|  MDCRD: mdcrd                                                                 
| MDINFO: mdinfo                                                                
|  MDFRC: mdfrc                                                                 


 Here is the input file:

minimization                                                                   
&cntrl                                                                         
	imin=1,ncyc=500,maxcyc=1000,ntr=1,cut=8.0,                                    
	restraint_wt=0.5,restraintmask="!@H=&:1",                                     
/                                                                              


Note: ig = -1. Setting random seed to   982258 based on wallclock time in 
      microseconds.
| irandom = 1, using AMBER's internal random number generator (default).
 
|--------------------- INFORMATION ----------------------
| GPU (CUDA) Version of PMEMD in use: NVIDIA GPU IN USE.
|                    Version 18.0.0
| 
|                      03/25/2018
| 
| Implementation by:
|                    Ross C. Walker     (SDSC)
|                    Scott Le Grand     (nVIDIA)
| 
| Version 18 performance extensions by:
|                    David Cerutti     (Rutgers)
| 
| Precision model in use:
|      [SPFP] - Single Precision Forces, 64-bit Fixed Point
|               Accumulation. (Default)
| 
|--------------------------------------------------------
 
|----------------- CITATION INFORMATION -----------------
|
|    When publishing work that utilized the CUDA version
|    of AMBER, please cite the following in addition to
|    the regular AMBER citations:
|
|  - Romelia Salomon-Ferrer; Andreas W. Goetz; Duncan
|    Poole; Scott Le Grand; Ross C. Walker "Routine
|    microsecond molecular dynamics simulations with
|    AMBER - Part II: Particle Mesh Ewald", J. Chem.
|    Theory Comput., 2013, 9 (9), pp3878-3888,
|    DOI: 10.1021/ct400314y.
|
|  - Andreas W. Goetz; Mark J. Williamson; Dong Xu;
|    Duncan Poole; Scott Le Grand; Ross C. Walker
|    "Routine microsecond molecular dynamics simulations
|    with AMBER - Part I: Generalized Born", J. Chem.
|    Theory Comput., 2012, 8 (5), pp1542-1555.
|
|  - Scott Le Grand; Andreas W. Goetz; Ross C. Walker
|    "SPFP: Speed without compromise - a mixed precision
|    model for GPU accelerated molecular dynamics
|    simulations.", Comp. Phys. Comm., 2013, 184
|    pp374-380, DOI: 10.1016/j.cpc.2012.09.022
|
|--------------------------------------------------------
 
|------------------- GPU DEVICE INFO --------------------
|
|            CUDA_VISIBLE_DEVICES: not set
|   CUDA Capable Devices Detected:      1
|           CUDA Device ID in use:      0
|                CUDA Device Name: NVIDIA GeForce RTX 3070 Laptop GPU
|     CUDA Device Global Mem Size:   8191 MB
| CUDA Device Num Multiprocessors:     40
|           CUDA Device Core Freq:   1.56 GHz
|
|--------------------------------------------------------
 
 
| Conditional Compilation Defines Used:
| PUBFFT
| BINTRAJ
| CUDA
| EMIL

| Largest sphere to fit in unit cell has radius =    17.630

| New format PARM file being parsed.
| Version =    1.000 Date = 09/01/23 Time = 17:28:38

| Note: 1-4 EEL scale factors are being read from the topology file.

| Note: 1-4 VDW scale factors are being read from the topology file.
| Duplicated    0 dihedrals

| Duplicated    0 dihedrals

--------------------------------------------------------------------------------
   1.  RESOURCE   USE: 
--------------------------------------------------------------------------------

 getting box info from netcdf restart file
 NATOM  =    6251 NTYPES =       7 NBONH =    4686 MBONA  =    1564
 NTHETH =      12 MTHETA =       6 NPHIH =      18 MPHIA  =       0
 NHPARM =       0 NPARM  =       0 NNB   =   10967 NRES   =    1565
 NBONA  =    1564 NTHETA =       6 NPHIA =       0 NUMBND =       9
 NUMANG =      10 NPTRA  =       1 NATYP =       9 NPHB   =       0
 IFBOX  =       1 NMXRS  =       4 IFCAP =       0 NEXTRA =    1560
 NCOPY  =       0

| Coordinate Index Table dimensions:     8    8    7
| Direct force subcell size =     4.5656    4.5511    5.0372

     BOX TYPE: RECTILINEAR

--------------------------------------------------------------------------------
   2.  CONTROL  DATA  FOR  THE  RUN
--------------------------------------------------------------------------------

default_name                                                                    

General flags:
     imin    =       1, nmropt  =       0

Nature and format of input:
     ntx     =       1, irest   =       0, ntrx    =       1

Nature and format of output:
     ntxo    =       2, ntpr    =      50, ntrx    =       1, ntwr    =       1
     iwrap   =       0, ntwx    =       0, ntwv    =       0, ntwe    =       0
     ioutfm  =       1, ntwprt  =       0, idecomp =       0, rbornstat=      0

Potential function:
     ntf     =       1, ntb     =       1, igb     =       0, nsnb    =      25
     ipol    =       0, gbsa    =       0, iesp    =       0
     dielc   =   1.00000, cut     =   8.00000, intdiel =   1.00000

Frozen or restrained atoms:
     ibelly  =       0, ntr     =       1
     restraint_wt =   0.50000

Energy minimization:
     maxcyc  =    1000, ncyc    =     500, ntmin   =       1
     dx0     =   0.01000, drms    =   0.00010

| Intermolecular bonds treatment:
|     no_intermolecular_bonds =       1

| Energy averages sample interval:
|     ene_avg_sampling =       1

Extra-points options:
     frameon =       1, chngmask=       1

Ewald parameters:
     verbose =       0, ew_type =       0, nbflag  =       1, use_pme =       1
     vdwmeth =       1, eedmeth =       1, netfrc  =       0
     Box X =   36.525   Box Y =   36.408   Box Z =   35.260
     Alpha =   90.000   Beta  =   90.000   Gamma =   90.000
     NFFT1 =   40       NFFT2 =   40       NFFT3 =   36
     Cutoff=    8.000   Tol   =0.100E-04
     Ewald Coefficient =  0.34864
     Interpolation order =    4

    LOADING THE CONSTRAINED ATOMS AS GROUPS


   5.  REFERENCE ATOM COORDINATES

  default_name                                                                    
     Mask !@H=&:1; matches     1 atoms
|      EXTRA_PTS, trim_bonds: num bonds BEFORE trim =  4686     0
|      EXTRA_PTS, trim_bonds: num bonds AFTER  trim =  4686     0
|      EXTRA_PTS, trim_bonds: num bonds BEFORE trim =  1564     0
|      EXTRA_PTS, trim_bonds: num bonds AFTER  trim =     4     0
|      EXTRA_PTS, trim_theta: num angle BEFORE trim =    12     0
|      EXTRA_PTS, trim_theta: num angle AFTER  trim =    12     0
|      EXTRA_PTS, trim_theta: num angle BEFORE trim =     6     0
|      EXTRA_PTS, trim_theta: num angle AFTER  trim =     6     0
|      EXTRA_PTS, trim_phi:  num diheds BEFORE trim =    18     0
|      EXTRA_PTS, trim_phi:  num diheds AFTER  trim =    18     0
|      EXTRA_PTS, trim_phi:  num diheds BEFORE trim =     0     0
|      EXTRA_PTS, trim_phi:  num diheds AFTER  trim =     0     0

--------------------------------------------------------------------------------
   3.  ATOMIC COORDINATES AND VELOCITIES
--------------------------------------------------------------------------------

default_name                                                                    
 begin time read from input coords =     0.000 ps

 
 Number of triangulated 3-point waters found:     1560

     Sum of charges from parm topology file =   0.00000756
     Forcing neutrality...

| Dynamic Memory, Types Used:
| Reals              294880
| Integers           295091

| Nonbonded Pairs Initial Allocation:     1044073

| GPU memory information (estimate):
| KB of GPU memory in use:     23067
| KB of CPU memory in use:     10467

--------------------------------------------------------------------------------
   4.  RESULTS
--------------------------------------------------------------------------------



   NSTEP       ENERGY          RMS            GMAX         NAME    NUMBER
      1      -2.8134E+04     6.3046E-03     1.2206E-01     H1       5693

 BOND    =     5220.1589  ANGLE   =        0.8246  DIHED      =        0.0000
 VDWAALS =     5713.2081  EEL     =   -38855.9616  HBOND      =        0.0000
 1-4 VDW =       -0.1450  1-4 EEL =     -212.0273  RESTRAINT  =        0.0000


   NSTEP       ENERGY          RMS            GMAX         NAME    NUMBER
     50      -2.8134E+04     4.6168E-03     1.0948E-01     H1       5693

 BOND    =     5220.1439  ANGLE   =        0.8246  DIHED      =        0.0000
 VDWAALS =     5713.2010  EEL     =   -38855.9627  HBOND      =        0.0000
 1-4 VDW =       -0.1450  1-4 EEL =     -212.0265  RESTRAINT  =        0.0000
 EAMBER  =   -28133.9647


   NSTEP       ENERGY          RMS            GMAX         NAME    NUMBER
    100      -2.8134E+04     4.6150E-03     1.0942E-01     H1       5693

 BOND    =     5220.1440  ANGLE   =        0.8246  DIHED      =        0.0000
 VDWAALS =     5713.2012  EEL     =   -38855.9619  HBOND      =        0.0000
 1-4 VDW =       -0.1450  1-4 EEL =     -212.0265  RESTRAINT  =        0.0000
 EAMBER  =   -28133.9637


   NSTEP       ENERGY          RMS            GMAX         NAME    NUMBER
    150      -2.8134E+04     4.6104E-03     1.0933E-01     H1       5693

 BOND    =     5220.1441  ANGLE   =        0.8246  DIHED      =        0.0000
 VDWAALS =     5713.2013  EEL     =   -38855.9647  HBOND      =        0.0000
 1-4 VDW =       -0.1450  1-4 EEL =     -212.0265  RESTRAINT  =        0.0000
 EAMBER  =   -28133.9663


   NSTEP       ENERGY          RMS            GMAX         NAME    NUMBER
    200      -2.8134E+04     4.6072E-03     1.0932E-01     H1       5693

 BOND    =     5220.1442  ANGLE   =        0.8246  DIHED      =        0.0000
 VDWAALS =     5713.2010  EEL     =   -38855.9641  HBOND      =        0.0000
 1-4 VDW =       -0.1450  1-4 EEL =     -212.0265  RESTRAINT  =        0.0000
 EAMBER  =   -28133.9657


   NSTEP       ENERGY          RMS            GMAX         NAME    NUMBER
    250      -2.8134E+04     4.6053E-03     1.0923E-01     H1       5693

 BOND    =     5220.1443  ANGLE   =        0.8246  DIHED      =        0.0000
 VDWAALS =     5713.2013  EEL     =   -38855.9574  HBOND      =        0.0000
 1-4 VDW =       -0.1450  1-4 EEL =     -212.0265  RESTRAINT  =        0.0000
 EAMBER  =   -28133.9587


   NSTEP       ENERGY          RMS            GMAX         NAME    NUMBER
    300      -2.8134E+04     4.6051E-03     1.0917E-01     H1       5693

 BOND    =     5220.1445  ANGLE   =        0.8246  DIHED      =        0.0000
 VDWAALS =     5713.2010  EEL     =   -38855.9557  HBOND      =        0.0000
 1-4 VDW =       -0.1450  1-4 EEL =     -212.0265  RESTRAINT  =        0.0000
 EAMBER  =   -28133.9572


   NSTEP       ENERGY          RMS            GMAX         NAME    NUMBER
    350      -2.8134E+04     4.6026E-03     1.0906E-01     H1       5693

 BOND    =     5220.1445  ANGLE   =        0.8246  DIHED      =        0.0000
 VDWAALS =     5713.2015  EEL     =   -38855.9482  HBOND      =        0.0000
 1-4 VDW =       -0.1450  1-4 EEL =     -212.0264  RESTRAINT  =        0.0000
 EAMBER  =   -28133.9491


   NSTEP       ENERGY          RMS            GMAX         NAME    NUMBER
    400      -2.8134E+04     4.5998E-03     1.0903E-01     H1       5693

 BOND    =     5220.1446  ANGLE   =        0.8246  DIHED      =        0.0000
 VDWAALS =     5713.2015  EEL     =   -38855.9616  HBOND      =        0.0000
 1-4 VDW =       -0.1450  1-4 EEL =     -212.0264  RESTRAINT  =        0.0000
 EAMBER  =   -28133.9625


   NSTEP       ENERGY          RMS            GMAX         NAME    NUMBER
    450      -2.8134E+04     4.5952E-03     1.0894E-01     H1       5693

 BOND    =     5220.1448  ANGLE   =        0.8246  DIHED      =        0.0000
 VDWAALS =     5713.2016  EEL     =   -38855.9655  HBOND      =        0.0000
 1-4 VDW =       -0.1450  1-4 EEL =     -212.0264  RESTRAINT  =        0.0000
 EAMBER  =   -28133.9659


   NSTEP       ENERGY          RMS            GMAX         NAME    NUMBER
    500      -2.8134E+04     4.5917E-03     1.0884E-01     H1       5693

 BOND    =     5220.1450  ANGLE   =        0.8246  DIHED      =        0.0000
 VDWAALS =     5713.2018  EEL     =   -38855.9609  HBOND      =        0.0000
 1-4 VDW =       -0.1450  1-4 EEL =     -212.0264  RESTRAINT  =        0.0000
 EAMBER  =   -28133.9610


   NSTEP       ENERGY          RMS            GMAX         NAME    NUMBER
    550      -2.8134E+04     1.0816E-02     3.6281E-01     O        4220

 BOND    =     5220.3081  ANGLE   =        0.8243  DIHED      =        0.0000
 VDWAALS =     5713.3228  EEL     =   -38856.4067  HBOND      =        0.0000
 1-4 VDW =       -0.1450  1-4 EEL =     -212.0143  RESTRAINT  =        0.0000
 EAMBER  =   -28134.1107

     .... RESTARTED DUE TO LINMIN FAILURE ...


   NSTEP       ENERGY          RMS            GMAX         NAME    NUMBER
    600      -2.8134E+04     9.1163E-03     2.6740E-01     O        4220

 BOND    =     5220.3109  ANGLE   =        0.8243  DIHED      =        0.0000
 VDWAALS =     5713.3239  EEL     =   -38856.4091  HBOND      =        0.0000
 1-4 VDW =       -0.1450  1-4 EEL =     -212.0143  RESTRAINT  =        0.0000
 EAMBER  =   -28134.1093

     .... RESTARTED DUE TO LINMIN FAILURE ...


   NSTEP       ENERGY          RMS            GMAX         NAME    NUMBER
    650      -2.8134E+04     7.9102E-03     1.9028E-01     H1       5693

 BOND    =     5220.3135  ANGLE   =        0.8243  DIHED      =        0.0000
 VDWAALS =     5713.3256  EEL     =   -38856.4143  HBOND      =        0.0000
 1-4 VDW =       -0.1450  1-4 EEL =     -212.0143  RESTRAINT  =        0.0000
 EAMBER  =   -28134.1102

     .... RESTARTED DUE TO LINMIN FAILURE ...


   NSTEP       ENERGY          RMS            GMAX         NAME    NUMBER
    700      -2.8134E+04     6.7291E-03     1.9358E-01     H1       5693

 BOND    =     5220.3188  ANGLE   =        0.8243  DIHED      =        0.0000
 VDWAALS =     5713.3316  EEL     =   -38856.4135  HBOND      =        0.0000
 1-4 VDW =       -0.1450  1-4 EEL =     -212.0143  RESTRAINT  =        0.0000
 EAMBER  =   -28134.0980


   NSTEP       ENERGY          RMS            GMAX         NAME    NUMBER
    750      -2.8134E+04     6.4292E-03     1.8525E-01     H1       5693

 BOND    =     5220.3187  ANGLE   =        0.8244  DIHED      =        0.0000
 VDWAALS =     5713.3395  EEL     =   -38856.4209  HBOND      =        0.0000
 1-4 VDW =       -0.1450  1-4 EEL =     -212.0143  RESTRAINT  =        0.0000
 EAMBER  =   -28134.0976


   NSTEP       ENERGY          RMS            GMAX         NAME    NUMBER
    800      -2.8134E+04     6.4131E-03     1.8456E-01     H1       5693

 BOND    =     5220.3188  ANGLE   =        0.8244  DIHED      =        0.0000
 VDWAALS =     5713.3402  EEL     =   -38856.4204  HBOND      =        0.0000
 1-4 VDW =       -0.1450  1-4 EEL =     -212.0143  RESTRAINT  =        0.0000
 EAMBER  =   -28134.0963

     .... RESTARTED DUE TO LINMIN FAILURE ...


   NSTEP       ENERGY          RMS            GMAX         NAME    NUMBER
    850      -2.8134E+04     6.3921E-03     1.8358E-01     H1       5693

 BOND    =     5220.3189  ANGLE   =        0.8244  DIHED      =        0.0000
 VDWAALS =     5713.3441  EEL     =   -38856.4203  HBOND      =        0.0000
 1-4 VDW =       -0.1450  1-4 EEL =     -212.0143  RESTRAINT  =        0.0000
 EAMBER  =   -28134.0923


   NSTEP       ENERGY          RMS            GMAX         NAME    NUMBER
    900      -2.8134E+04     6.3847E-03     1.8324E-01     H1       5693

 BOND    =     5220.3189  ANGLE   =        0.8244  DIHED      =        0.0000
 VDWAALS =     5713.3444  EEL     =   -38856.4199  HBOND      =        0.0000
 1-4 VDW =       -0.1450  1-4 EEL =     -212.0143  RESTRAINT  =        0.0000
 EAMBER  =   -28134.0915


   NSTEP       ENERGY          RMS            GMAX         NAME    NUMBER
    950      -2.8134E+04     6.3667E-03     1.8243E-01     H1       5693

 BOND    =     5220.3189  ANGLE   =        0.8244  DIHED      =        0.0000
 VDWAALS =     5713.3453  EEL     =   -38856.4223  HBOND      =        0.0000
 1-4 VDW =       -0.1450  1-4 EEL =     -212.0143  RESTRAINT  =        0.0000
 EAMBER  =   -28134.0930


   NSTEP       ENERGY          RMS            GMAX         NAME    NUMBER
   1000      -2.8134E+04     6.3444E-03     1.8138E-01     H1       5693

 BOND    =     5220.3190  ANGLE   =        0.8244  DIHED      =        0.0000
 VDWAALS =     5713.3461  EEL     =   -38856.4220  HBOND      =        0.0000
 1-4 VDW =       -0.1450  1-4 EEL =     -212.0143  RESTRAINT  =        0.0000
 EAMBER  =   -28134.0917


  Maximum number of minimization cycles reached.


                    FINAL RESULTS



   NSTEP       ENERGY          RMS            GMAX         NAME    NUMBER
   1000      -2.8134E+04     6.3444E-03     1.8138E-01     H1       5693

 BOND    =     5220.3190  ANGLE   =        0.8244  DIHED      =        0.0000
 VDWAALS =     5713.3461  EEL     =   -38856.4220  HBOND      =        0.0000
 1-4 VDW =       -0.1450  1-4 EEL =     -212.0143  RESTRAINT  =        0.0000
 EAMBER  =   -28134.0917
--------------------------------------------------------------------------------
   5.  TIMINGS
--------------------------------------------------------------------------------

|  NonSetup CPU Time in Major Routines:
|
|     Routine           Sec        %
|     ------------------------------
|     Nonbond           0.46   62.48
|     Bond              0.00    0.00
|     Angle             0.00    0.00
|     Dihedral          0.00    0.00
|     Shake             0.00    0.00
|     Other             0.28   37.52
|     ------------------------------
|     Total             0.74

|  PME Nonbond Pairlist CPU Time:
|
|     Routine              Sec        %
|     ---------------------------------
|     Set Up Cit           0.00    0.00
|     Build List           0.00    0.00
|     ---------------------------------
|     Total                0.00    0.00

|  PME Direct Force CPU Time:
|
|     Routine              Sec        %
|     ---------------------------------
|     NonBonded Calc       0.00    0.00
|     Exclude Masked       0.00    0.00
|     Other                0.00    0.12
|     ---------------------------------
|     Total                0.00    0.12

|  PME Reciprocal Force CPU Time:
|
|     Routine              Sec        %
|     ---------------------------------
|     1D bspline           0.00    0.00
|     Grid Charges         0.00    0.00
|     Scalar Sum           0.00    0.00
|     Gradient Sum         0.00    0.00
|     FFT                  0.00    0.00
|     ---------------------------------
|     Total                0.00    0.00

|  Setup CPU time:            0.87 seconds
|  NonSetup CPU time:         0.74 seconds
|  Total CPU time:            1.61 seconds     0.00 hours

|  Setup wall time:           0    seconds
|  NonSetup wall time:        1    seconds
|  Total wall time:           1    seconds     0.00 hours
